Component: Arm Compiler for Embedded 6.18 Tool: armlink [5e4cc100]

==============================================================================

Section Cross References

    main.o(.text.main) refers to delay.o(.text.Delay_Init) for Delay_Init
    main.o(.text.main) refers to ustart.o(.text.Usart0_Init) for Usart0_Init
    main.o(.text.main) refers to iic.o(.text.IIC_Init) for IIC_Init
    main.o(.text.main) refers to m24c02.o(.text.M24C02_WriteByte) for M24C02_WriteByte
    main.o(.text.main) refers to delay.o(.text.Delay_Ms) for Delay_Ms
    main.o(.text.main) refers to main.o(.bss.rbuff) for rbuff
    main.o(.text.main) refers to m24c02.o(.text.M24C02_ReadData) for M24C02_ReadData
    main.o(.text.main) refers to main.o(.rodata.str1.1) for .L.str
    main.o(.text.main) refers to ustart.o(.text.u0_printf) for u0_printf
    main.o(.ARM.exidx.text.main) refers to main.o(.text.main) for [Anonymous Symbol]
    system_gd32f10x.o(.text.SystemInit) refers to system_gd32f10x.o(.text._soft_delay_) for _soft_delay_
    system_gd32f10x.o(.text.SystemInit) refers to system_gd32f10x.o(.text.system_clock_config) for system_clock_config
    system_gd32f10x.o(.text.SystemInit) refers to gd32f10x_misc.o(.text.nvic_vector_table_set) for nvic_vector_table_set
    system_gd32f10x.o(.ARM.exidx.text.SystemInit) refers to system_gd32f10x.o(.text.SystemInit) for [Anonymous Symbol]
    system_gd32f10x.o(.ARM.exidx.text._soft_delay_) refers to system_gd32f10x.o(.text._soft_delay_) for [Anonymous Symbol]
    system_gd32f10x.o(.text.system_clock_config) refers to system_gd32f10x.o(.text.system_clock_108m_hxtal) for system_clock_108m_hxtal
    system_gd32f10x.o(.ARM.exidx.text.system_clock_config) refers to system_gd32f10x.o(.text.system_clock_config) for [Anonymous Symbol]
    system_gd32f10x.o(.ARM.exidx.text.gd32f10x_firmware_version_get) refers to system_gd32f10x.o(.text.gd32f10x_firmware_version_get) for [Anonymous Symbol]
    system_gd32f10x.o(.ARM.exidx.text.system_clock_108m_hxtal) refers to system_gd32f10x.o(.text.system_clock_108m_hxtal) for [Anonymous Symbol]
    startup_gd32f10x_md.o(STACK) refers (Special) to heapauxi.o(.text) for __use_two_region_memory
    startup_gd32f10x_md.o(HEAP) refers (Special) to heapauxi.o(.text) for __use_two_region_memory
    startup_gd32f10x_md.o(RESET) refers (Special) to heapauxi.o(.text) for __use_two_region_memory
    startup_gd32f10x_md.o(RESET) refers to startup_gd32f10x_md.o(STACK) for __initial_sp
    startup_gd32f10x_md.o(RESET) refers to startup_gd32f10x_md.o(.text) for Reset_Handler
    startup_gd32f10x_md.o(RESET) refers to gd32f10x_it.o(.text.NMI_Handler) for NMI_Handler
    startup_gd32f10x_md.o(RESET) refers to gd32f10x_it.o(.text.HardFault_Handler) for HardFault_Handler
    startup_gd32f10x_md.o(RESET) refers to gd32f10x_it.o(.text.MemManage_Handler) for MemManage_Handler
    startup_gd32f10x_md.o(RESET) refers to gd32f10x_it.o(.text.BusFault_Handler) for BusFault_Handler
    startup_gd32f10x_md.o(RESET) refers to gd32f10x_it.o(.text.UsageFault_Handler) for UsageFault_Handler
    startup_gd32f10x_md.o(RESET) refers to gd32f10x_it.o(.text.SVC_Handler) for SVC_Handler
    startup_gd32f10x_md.o(RESET) refers to gd32f10x_it.o(.text.DebugMon_Handler) for DebugMon_Handler
    startup_gd32f10x_md.o(RESET) refers to gd32f10x_it.o(.text.PendSV_Handler) for PendSV_Handler
    startup_gd32f10x_md.o(RESET) refers to gd32f10x_it.o(.text.SysTick_Handler) for SysTick_Handler
    startup_gd32f10x_md.o(RESET) refers to gd32f10x_it.o(.text.USART0_IRQHandler) for USART0_IRQHandler
    startup_gd32f10x_md.o(.text) refers (Special) to heapauxi.o(.text) for __use_two_region_memory
    startup_gd32f10x_md.o(.text) refers to system_gd32f10x.o(.text.SystemInit) for SystemInit
    startup_gd32f10x_md.o(.text) refers to __main.o(!!!main) for __main
    startup_gd32f10x_md.o(.text) refers to startup_gd32f10x_md.o(HEAP) for Heap_Mem
    startup_gd32f10x_md.o(.text) refers to startup_gd32f10x_md.o(STACK) for Stack_Mem
    gd32f10x_it.o(.text.USART0_IRQHandler) refers to gd32f10x_usart.o(.text.usart_interrupt_flag_get) for usart_interrupt_flag_get
    gd32f10x_it.o(.text.USART0_IRQHandler) refers to gd32f10x_usart.o(.text.usart_flag_get) for usart_flag_get
    gd32f10x_it.o(.text.USART0_IRQHandler) refers to gd32f10x_usart.o(.text.usart_data_receive) for usart_data_receive
    gd32f10x_it.o(.text.USART0_IRQHandler) refers to gd32f10x_dma.o(.text.dma_transfer_number_get) for dma_transfer_number_get
    gd32f10x_it.o(.text.USART0_IRQHandler) refers to ustart.o(.bss.U0CB) for U0CB
    gd32f10x_it.o(.text.USART0_IRQHandler) refers to ustart.o(.bss.U0_RX_BUFFER) for U0_RX_BUFFER
    gd32f10x_it.o(.text.USART0_IRQHandler) refers to gd32f10x_dma.o(.text.dma_channel_disable) for dma_channel_disable
    gd32f10x_it.o(.text.USART0_IRQHandler) refers to gd32f10x_dma.o(.text.dma_transfer_number_config) for dma_transfer_number_config
[...]
    ../clib/signal.c                         0x00000000   Number         0  defsig_segv_inner.o ABSOLUTE
    ../clib/signal.c                         0x00000000   Number         0  defsig_other.o ABSOLUTE
    ../clib/signal.s                         0x00000000   Number         0  defsig.o ABSOLUTE
    ../clib/stdlib.c                         0x00000000   Number         0  exit.o ABSOLUTE
    ../clib/string.c                         0x00000000   Number         0  strlen.o ABSOLUTE
    ../fplib/fpinit.s                        0x00000000   Number         0  fpinit.o ABSOLUTE
    ../fplib/fpinit_empty.s                  0x00000000   Number         0  fpinit_empty.o ABSOLUTE
    ../fplib/istatus.s                       0x00000000   Number         0  istatus.o ABSOLUTE
    ../fplib/printf1.s                       0x00000000   Number         0  printf1.o ABSOLUTE
    ../fplib/printf2.s                       0x00000000   Number         0  printf2.o ABSOLUTE
    ../fplib/printf2a.s                      0x00000000   Number         0  printf2a.o ABSOLUTE
    ../fplib/printf2b.s                      0x00000000   Number         0  printf2b.o ABSOLUTE
    ../fplib/usenofp.s                       0x00000000   Number         0  usenofp.o ABSOLUTE
    ../mathlib/fpclassify.c                  0x00000000   Number         0  fpclassify.o ABSOLUTE
    dc.s                                     0x00000000   Number         0  dc.o ABSOLUTE
    delay.c                                  0x00000000   Number         0  delay.o ABSOLUTE
    gd32f10x_dma.c                           0x00000000   Number         0  gd32f10x_dma.o ABSOLUTE
    gd32f10x_gpio.c                          0x00000000   Number         0  gd32f10x_gpio.o ABSOLUTE
    gd32f10x_it.c                            0x00000000   Number         0  gd32f10x_it.o ABSOLUTE
    gd32f10x_misc.c                          0x00000000   Number         0  gd32f10x_misc.o ABSOLUTE
    gd32f10x_rcu.c                           0x00000000   Number         0  gd32f10x_rcu.o ABSOLUTE
    gd32f10x_usart.c                         0x00000000   Number         0  gd32f10x_usart.o ABSOLUTE
    iic.c                                    0x00000000   Number         0  iic.o ABSOLUTE
    m24c02.c                                 0x00000000   Number         0  m24c02.o ABSOLUTE
    main.c                                   0x00000000   Number         0  main.o ABSOLUTE
    system_gd32f10x.c                        0x00000000   Number         0  system_gd32f10x.o ABSOLUTE
    ustart.c                                 0x00000000   Number         0  ustart.o ABSOLUTE
    RESET                                    0x08000000   Section      260  startup_gd32f10x_md.o(RESET)
    !!!main                                  0x08000104   Section        8  __main.o(!!!main)
    !!!scatter                               0x0800010c   Section       52  __scatter.o(!!!scatter)
    !!handler_zi                             0x08000140   Section       28  __scatter_zi.o(!!handler_zi)
    .ARM.Collect$$_printf_percent$$00000000  0x0800015c   Section        0  _printf_percent.o(.ARM.Collect$$_printf_percent$$00000000)
    .ARM.Collect$$_printf_percent$$00000001  0x0800015c   Section        6  _printf_n.o(.ARM.Collect$$_printf_percent$$00000001)
    .ARM.Collect$$_printf_percent$$00000002  0x08000162   Section        6  _printf_p.o(.ARM.Collect$$_printf_percent$$00000002)
    .ARM.Collect$$_printf_percent$$00000003  0x08000168   Section        6  _printf_f.o(.ARM.Collect$$_printf_percent$$00000003)
    .ARM.Collect$$_printf_percent$$00000004  0x0800016e   Section        6  _printf_e.o(.ARM.Collect$$_printf_percent$$00000004)
    .ARM.Collect$$_printf_percent$$00000005  0x08000174   Section        6  _printf_g.o(.ARM.Collect$$_printf_percent$$00000005)
    .ARM.Collect$$_printf_percent$$00000006  0x0800017a   Section        6  _printf_a.o(.ARM.Collect$$_printf_percent$$00000006)
    .ARM.Collect$$_printf_percent$$00000007  0x08000180   Section       10  _printf_ll.o(.ARM.Collect$$_printf_percent$$00000007)
    .ARM.Collect$$_printf_percent$$00000008  0x0800018a   Section        6  _printf_i.o(.ARM.Collect$$_printf_percent$$00000008)
    .ARM.Collect$$_printf_percent$$00000009  0x08000190   Section        6  _printf_d.o(.ARM.Collect$$_printf_percent$$00000009)
    .ARM.Collect$$_printf_percent$$0000000A  0x08000196   Section        6  _printf_u.o(.ARM.Collect$$_printf_percent$$0000000A)
    .ARM.Collect$$_printf_percent$$0000000B  0x0800019c   Section        6  _printf_o.o(.ARM.Collect$$_printf_percent$$0000000B)
    .ARM.Collect$$_printf_percent$$0000000C  0x080001a2   Section        6  _printf_x.o(.ARM.Collect$$_printf_percent$$0000000C)
    .ARM.Collect$$_printf_percent$$0000000D  0x080001a8   Section        6  _printf_lli.o(.ARM.Collect$$_printf_percent$$0000000D)
    .ARM.Collect$$_printf_percent$$0000000E  0x080001ae   Section        6  _printf_lld.o(.ARM.Collect$$_printf_percent$$0000000E)
    .ARM.Collect$$_printf_percent$$0000000F  0x080001b4   Section        6  _printf_llu.o(.ARM.Collect$$_printf_percent$$0000000F)
    .ARM.Collect$$_printf_percent$$00000010  0x080001ba   Section        6  _printf_llo.o(.ARM.Collect$$_printf_percent$$00000010)
    .ARM.Collect$$_printf_percent$$00000011  0x080001c0   Section        6  _printf_llx.o(.ARM.Collect$$_printf_percent$$00000011)
    .ARM.Collect$$_printf_percent$$00000012  0x080001c6   Section       10  _printf_l.o(.ARM.Collect$$_printf_percent$$00000012)
    .ARM.Collect$$_printf_percent$$00000013  0x080001d0   Section        6  _printf_c.o(.ARM.Collect$$_printf_percent$$00000013)
    .ARM.Collect$$_printf_percent$$00000014  0x080001d6   Section        6  _printf_s.o(.ARM.Collect$$_printf_percent$$00000014)
    .ARM.Collect$$_printf_percent$$00000015  0x080001dc   Section        6  _printf_lc.o(.ARM.Collect$$_printf_percent$$00000015)
    .ARM.Collect$$_printf_percent$$00000016  0x080001e2   Section        6  _printf_ls.o(.ARM.Collect$$_printf_percent$$00000016)
    .ARM.Collect$$_printf_percent$$00000017  0x080001e8   Section        4  _printf_percent_end.o(.ARM.Collect$$_printf_percent$$00000017)
    .ARM.Collect$$libinit$$00000000          0x080001ec   Section        2  libinit.o(.ARM.Collect$$libinit$$00000000)
    .ARM.Collect$$libinit$$00000002          0x080001ee   Section        0  libinit2.o(.ARM.Collect$$libinit$$00000002)
    .ARM.Collect$$libinit$$00000004          0x080001ee   Section        0  libinit2.o(.ARM.Collect$$libinit$$00000004)
    .ARM.Collect$$libinit$$00000006          0x080001ee   Section        0  libinit2.o(.ARM.Collect$$libinit$$00000006)
    .ARM.Collect$$libinit$$0000000C          0x080001ee   Section        0  libinit2.o(.ARM.Collect$$libinit$$0000000C)
    .ARM.Collect$$libinit$$0000000E          0x080001ee   Section        0  libinit2.o(.ARM.Collect$$libinit$$0000000E)
    .ARM.Collect$$libinit$$00000010          0x080001ee   Section        0  libinit2.o(.ARM.Collect$$libinit$$00000010)
    .ARM.Collect$$libinit$$00000011          0x080001ee   Section        6  libinit2.o(.ARM.Collect$$libinit$$00000011)
    .ARM.Collect$$libinit$$00000013          0x080001f4   Section        0  libinit2.o(.ARM.Collect$$libinit$$00000013)
    .ARM.Collect$$libinit$$00000014          0x080001f4   Section       12  libinit2.o(.ARM.Collect$$libinit$$00000014)
    .ARM.Collect$$libinit$$00000015          0x08000200   Section        0  libinit2.o(.ARM.Collect$$libinit$$00000015)
    .ARM.Collect$$libinit$$00000017          0x08000200   Section        0  libinit2.o(.ARM.Collect$$libinit$$00000017)
    .ARM.Collect$$libinit$$00000018          0x08000200   Section       10  libinit2.o(.ARM.Collect$$libinit$$00000018)
    .ARM.Collect$$libinit$$00000019          0x0800020a   Section        0  libinit2.o(.ARM.Collect$$libinit$$00000019)
    .ARM.Collect$$libinit$$0000001B          0x0800020a   Section        0  libinit2.o(.ARM.Collect$$libinit$$0000001B)
    .ARM.Collect$$libinit$$0000001D          0x0800020a   Section        0  libinit2.o(.ARM.Collect$$libinit$$0000001D)
    .ARM.Collect$$libinit$$0000001F          0x0800020a   Section        0  libinit2.o(.ARM.Collect$$libinit$$0000001F)
    .ARM.Collect$$libinit$$00000021          0x0800020a   Section        0  libinit2.o(.ARM.Collect$$libinit$$00000021)
    .ARM.Collect$$libinit$$00000023          0x0800020a   Section        0  libinit2.o(.ARM.Collect$$libinit$$00000023)
    .ARM.Collect$$libinit$$00000025          0x0800020a   Section        0  libinit2.o(.ARM.Collect$$libinit$$00000025)
    .ARM.Collect$$libinit$$00000027          0x0800020a   Section        0  libinit2.o(.ARM.Collect$$libinit$$00000027)
    .ARM.Collect$$libinit$$0000002E          0x0800020a   Section        0  libinit2.o(.ARM.Collect$$libinit$$0000002E)
    .ARM.Collect$$libinit$$00000030          0x0800020a   Section        0  libinit2.o(.ARM.Collect$$libinit$$00000030)
    .ARM.Collect$$libinit$$00000032          0x0800020a   Section        0  libinit2.o(.ARM.Collect$$libinit$$00000032)
    .ARM.Collect$$libinit$$00000034          0x0800020a   Section        0  libinit2.o(.ARM.Collect$$libinit$$00000034)
    .ARM.Collect$$libinit$$00000035          0x0800020a   Section        2  libinit2.o(.ARM.Collect$$libinit$$00000035)
    .ARM.Collect$$libshutdown$$00000000      0x0800020c   Section        2  libshutdown.o(.ARM.Collect$$libshutdown$$00000000)
    .ARM.Collect$$libshutdown$$00000002      0x0800020e   Section        0  libshutdown2.o(.ARM.Collect$$libshutdown$$00000002)
    .ARM.Collect$$libshutdown$$00000004      0x0800020e   Section        0  libshutdown2.o(.ARM.Collect$$libshutdown$$00000004)
    .ARM.Collect$$libshutdown$$00000007      0x0800020e   Section        0  libshutdown2.o(.ARM.Collect$$libshutdown$$00000007)
    .ARM.Collect$$libshutdown$$0000000A      0x0800020e   Section        0  libshutdown2.o(.ARM.Collect$$libshutdown$$0000000A)
    .ARM.Collect$$libshutdown$$0000000C      0x0800020e   Section        0  libshutdown2.o(.ARM.Collect$$libshutdown$$0000000C)
    .ARM.Collect$$libshutdown$$0000000F      0x0800020e   Section        0  libshutdown2.o(.ARM.Collect$$libshutdown$$0000000F)
    .ARM.Collect$$libshutdown$$00000010      0x0800020e   Section        2  libshutdown2.o(.ARM.Collect$$libshutdown$$00000010)
    .ARM.Collect$$rtentry$$00000000          0x08000210   Section        0  __rtentry.o(.ARM.Collect$$rtentry$$00000000)
    .ARM.Collect$$rtentry$$00000002          0x08000210   Section        0  __rtentry2.o(.ARM.Collect$$rtentry$$00000002)
    .ARM.Collect$$rtentry$$00000004          0x08000210   Section        6  __rtentry4.o(.ARM.Collect$$rtentry$$00000004)
    .ARM.Collect$$rtentry$$00000009          0x08000216   Section        0  __rtentry2.o(.ARM.Collect$$rtentry$$00000009)
    .ARM.Collect$$rtentry$$0000000A          0x08000216   Section        4  __rtentry2.o(.ARM.Collect$$rtentry$$0000000A)
    .ARM.Collect$$rtentry$$0000000C          0x0800021a   Section        0  __rtentry2.o(.ARM.Collect$$rtentry$$0000000C)
    .ARM.Collect$$rtentry$$0000000D          0x0800021a   Section        8  __rtentry2.o(.ARM.Collect$$rtentry$$0000000D)
    .ARM.Collect$$rtexit$$00000000           0x08000222   Section        2  rtexit.o(.ARM.Collect$$rtexit$$00000000)
    .ARM.Collect$$rtexit$$00000002           0x08000224   Section        0  rtexit2.o(.ARM.Collect$$rtexit$$00000002)
    .ARM.Collect$$rtexit$$00000003           0x08000224   Section        4  rtexit2.o(.ARM.Collect$$rtexit$$00000003)
    .ARM.Collect$$rtexit$$00000004           0x08000228   Section        6  rtexit2.o(.ARM.Collect$$rtexit$$00000004)
    .text                                    0x08000230   Section       64  startup_gd32f10x_md.o(.text)
    .text                                    0x08000270   Section        0  vsprintf.o(.text)
    .text                                    0x08000294   Section        0  strlen.o(.text)
    .text                                    0x080002d2   Section        0  heapauxi.o(.text)
    .text                                    0x080002d8   Section        0  _printf_pad.o(.text)
    .text                                    0x08000326   Section        0  _printf_truncate.o(.text)
    .text                                    0x0800034a   Section        0  _printf_str.o(.text)
    .text                                    0x0800039c   Section        0  _printf_dec.o(.text)
    .text                                    0x08000414   Section        0  _printf_charcount.o(.text)
    _printf_input_char                       0x0800043d   Thumb Code    10  _printf_char_common.o(.text)
    .text                                    0x0800043c   Section        0  _printf_char_common.o(.text)
    .text                                    0x0800046c   Section        0  _sputc.o(.text)
    .text                                    0x08000478   Section        0  _printf_wctomb.o(.text)
    .text                                    0x08000534   Section        0  _printf_longlong_dec.o(.text)
    _printf_longlong_oct_internal            0x080005b1   Thumb Code     0  _printf_oct_int_ll.o(.text)
    .text                                    0x080005b0   Section        0  _printf_oct_int_ll.o(.text)
    _printf_hex_common                       0x08000621   Thumb Code     0  _printf_hex_int_ll_ptr.o(.text)
    .text                                    0x08000620   Section        0  _printf_hex_int_ll_ptr.o(.text)
    .text                                    0x080006b4   Section        0  __printf_flags_ss_wp.o(.text)
    .text                                    0x0800083c   Section      138  lludiv10.o(.text)
    .text                                    0x080008c6   Section        0  _printf_intcommon.o(.text)
    _fp_digits                               0x08000979   Thumb Code   432  _printf_fp_dec.o(.text)
    .text                                    0x08000978   Section        0  _printf_fp_dec.o(.text)
    .text                                    0x08000d94   Section        0  _printf_fp_hex.o(.text)
    .text                                    0x08001090   Section        0  _printf_char.o(.text)
    .text                                    0x080010bc   Section        0  _printf_wchar.o(.text)
    .text                                    0x080010e8   Section        0  _c16rtomb.o(.text)
    .text                                    0x08001130   Section       74  sys_stackheap_outer.o(.text)
    .text                                    0x0800117c   Section       16  rt_ctype_table.o(.text)
    .text                                    0x0800118c   Section        8  rt_locale_intlibspace.o(.text)
    .text                                    0x08001194   Section        0  _printf_fp_infnan.o(.text)
    .text                                    0x08001214   Section        0  bigflt0.o(.text)
    .text                                    0x080012f8   Section        0  exit.o(.text)
    .text                                    0x0800130c   Section        8  libspace.o(.text)
    .text                                    0x08001314   Section      128  strcmpv7m.o(.text)
    .text                                    0x08001394   Section        0  sys_exit.o(.text)
    .text                                    0x080013a0   Section        2  use_no_semi.o(.text)
    .text                                    0x080013a2   Section        0  indicate_semi.o(.text)
    [Anonymous Symbol]                       0x080013a4   Section        0  gd32f10x_it.o(.text.BusFault_Handler)
    [Anonymous Symbol]                       0x080013a8   Section        0  ustart.o(.text.DMA_Init)
    [Anonymous Symbol]                       0x08001418   Section        0  gd32f10x_it.o(.text.DebugMon_Handler)
    [Anonymous Symbol]                       0x0800141c   Section        0  delay.o(.text.Delay_Init)
    [Anonymous Symbol]                       0x08001428   Section        0  delay.o(.text.Delay_Ms)
    [Anonymous Symbol]                       0x08001450   Section        0  delay.o(.text.Delay_Us)
    [Anonymous Symbol]                       0x080014b0   Section        0  gd32f10x_it.o(.text.HardFault_Handler)
    [Anonymous Symbol]                       0x080014b4   Section        0  iic.o(.text.IIC_Init)
    [Anonymous Symbol]                       0x080014fc   Section        0  iic.o(.text.IIC_Read_Byte)
    [Anonymous Symbol]                       0x08001604   Section        0  iic.o(.text.IIC_Send_Byte)
    [Anonymous Symbol]                       0x080016a4   Section        0  iic.o(.text.IIC_Start)
    [Anonymous Symbol]                       0x080016e8   Section        0  iic.o(.text.IIC_Stop)
    [Anonymous Symbol]                       0x08001718   Section        0  iic.o(.text.IIC_Wait_ACK)
    [Anonymous Symbol]                       0x080017c0   Section        0  m24c02.o(.text.M24C02_ReadData)
    [Anonymous Symbol]                       0x0800187c   Section        0  m24c02.o(.text.M24C02_WriteByte)
    [Anonymous Symbol]                       0x080018ec   Section        0  gd32f10x_it.o(.text.MemManage_Handler)
    [Anonymous Symbol]                       0x080018f0   Section        0  gd32f10x_it.o(.text.NMI_Handler)
    [Anonymous Symbol]                       0x080018f4   Section        0  gd32f10x_it.o(.text.PendSV_Handler)
    [Anonymous Symbol]                       0x080018f8   Section        0  gd32f10x_it.o(.text.SVC_Handler)
    [Anonymous Symbol]                       0x080018fc   Section        0  gd32f10x_it.o(.text.SysTick_Handler)
    [Anonymous Symbol]                       0x08001900   Section        0  system_gd32f10x.o(.text.SystemInit)
    [Anonymous Symbol]                       0x08001a50   Section        0  ustart.o(.text.U0Rx_PtrInit)
    [Anonymous Symbol]                       0x08001a78   Section        0  gd32f10x_it.o(.text.USART0_IRQHandler)
    [Anonymous Symbol]                       0x08001b88   Section        0  gd32f10x_it.o(.text.UsageFault_Handler)
    [Anonymous Symbol]                       0x08001b8c   Section        0  ustart.o(.text.Usart0_Init)
    _soft_delay_                             0x08001c41   Thumb Code    40  system_gd32f10x.o(.text._soft_delay_)
    [Anonymous Symbol]                       0x08001c40   Section        0  system_gd32f10x.o(.text._soft_delay_)
    [Anonymous Symbol]                       0x08001c68   Section        0  gd32f10x_dma.o(.text.dma_channel_disable)
    [Anonymous Symbol]                       0x08001ca0   Section        0  gd32f10x_dma.o(.text.dma_channel_enable)
    [Anonymous Symbol]                       0x08001cd8   Section        0  gd32f10x_dma.o(.text.dma_circulation_disable)
    [Anonymous Symbol]                       0x08001d10   Section        0  gd32f10x_dma.o(.text.dma_deinit)
    [Anonymous Symbol]                       0x08001d9c   Section        0  gd32f10x_dma.o(.text.dma_init)
    [Anonymous Symbol]                       0x08001ee4   Section        0  gd32f10x_dma.o(.text.dma_memory_address_config)
    dma_periph_and_channel_check             0x08001f19   Thumb Code    58  gd32f10x_dma.o(.text.dma_periph_and_channel_check)
    [Anonymous Symbol]                       0x08001f18   Section        0  gd32f10x_dma.o(.text.dma_periph_and_channel_check)
    [Anonymous Symbol]                       0x08001f54   Section        0  gd32f10x_dma.o(.text.dma_transfer_number_config)
    [Anonymous Symbol]                       0x08001f8c   Section        0  gd32f10x_dma.o(.text.dma_transfer_number_get)
    [Anonymous Symbol]                       0x08001fbc   Section        0  gd32f10x_gpio.o(.text.gpio_bit_reset)
    [Anonymous Symbol]                       0x08001fcc   Section        0  gd32f10x_gpio.o(.text.gpio_bit_set)
    [Anonymous Symbol]                       0x08001fdc   Section        0  gd32f10x_gpio.o(.text.gpio_init)
    [Anonymous Symbol]                       0x08002144   Section        0  gd32f10x_gpio.o(.text.gpio_input_bit_get)
    [Anonymous Symbol]                       0x08002170   Section        0  main.o(.text.main)
    [Anonymous Symbol]                       0x08002214   Section        0  gd32f10x_misc.o(.text.nvic_irq_enable)
    [Anonymous Symbol]                       0x08002308   Section        0  gd32f10x_misc.o(.text.nvic_priority_group_set)
    [Anonymous Symbol]                       0x08002324   Section        0  gd32f10x_misc.o(.text.nvic_vector_table_set)
    [Anonymous Symbol]                       0x0800234c   Section        0  gd32f10x_rcu.o(.text.rcu_clock_freq_get)
    [Anonymous Symbol]                       0x080024e8   Section        0  gd32f10x_rcu.o(.text.rcu_periph_clock_enable)
    [Anonymous Symbol]                       0x08002510   Section        0  gd32f10x_rcu.o(.text.rcu_periph_reset_disable)
    [Anonymous Symbol]                       0x08002538   Section        0  gd32f10x_rcu.o(.text.rcu_periph_reset_enable)
    system_clock_108m_hxtal                  0x08002561   Thumb Code   274  system_gd32f10x.o(.text.system_clock_108m_hxtal)
    [Anonymous Symbol]                       0x08002560   Section        0  system_gd32f10x.o(.text.system_clock_108m_hxtal)
    system_clock_config                      0x08002675   Thumb Code     8  system_gd32f10x.o(.text.system_clock_config)
    [Anonymous Symbol]                       0x08002674   Section        0  system_gd32f10x.o(.text.system_clock_config)
    [Anonymous Symbol]                       0x0800267c   Section        0  gd32f10x_misc.o(.text.systick_clksource_set)
    [Anonymous Symbol]                       0x080026b0   Section        0  ustart.o(.text.u0_printf)
    [Anonymous Symbol]                       0x0800276c   Section        0  gd32f10x_usart.o(.text.usart_baudrate_set)
    [Anonymous Symbol]                       0x08002838   Section        0  gd32f10x_usart.o(.text.usart_data_receive)
    [Anonymous Symbol]                       0x08002848   Section        0  gd32f10x_usart.o(.text.usart_data_transmit)
    [Anonymous Symbol]                       0x08002860   Section        0  gd32f10x_usart.o(.text.usart_deinit)
    [Anonymous Symbol]                       0x08002918   Section        0  gd32f10x_usart.o(.text.usart_dma_receive_config)
    [Anonymous Symbol]                       0x08002940   Section        0  gd32f10x_usart.o(.text.usart_enable)
    [Anonymous Symbol]                       0x08002954   Section        0  gd32f10x_usart.o(.text.usart_flag_get)
    [Anonymous Symbol]                       0x08002990   Section        0  gd32f10x_usart.o(.text.usart_interrupt_enable)
    [Anonymous Symbol]                       0x080029b4   Section        0  gd32f10x_usart.o(.text.usart_interrupt_flag_get)
    [Anonymous Symbol]                       0x08002a14   Section        0  gd32f10x_usart.o(.text.usart_parity_config)
    [Anonymous Symbol]                       0x08002a34   Section        0  gd32f10x_usart.o(.text.usart_receive_config)
    [Anonymous Symbol]                       0x08002a60   Section        0  gd32f10x_usart.o(.text.usart_stop_bit_set)
    [Anonymous Symbol]                       0x08002a80   Section        0  gd32f10x_usart.o(.text.usart_transmit_config)
    [Anonymous Symbol]                       0x08002aac   Section        0  gd32f10x_usart.o(.text.usart_word_length_set)
    CL$$btod_d2e                             0x08002aca   Section       62  btod.o(CL$$btod_d2e)
    CL$$btod_d2e_denorm_low                  0x08002b08   Section       70  btod.o(CL$$btod_d2e_denorm_low)
    CL$$btod_d2e_norm_op1                    0x08002b4e   Section       96  btod.o(CL$$btod_d2e_norm_op1)
    CL$$btod_div_common                      0x08002bb0   Section      824  btod.o(CL$$btod_div_common)
    CL$$btod_e2e                             0x08002ee8   Section      220  btod.o(CL$$btod_e2e)
    CL$$btod_ediv                            0x08002fc4   Section       42  btod.o(CL$$btod_ediv)
    CL$$btod_emul                            0x08002fee   Section       42  btod.o(CL$$btod_emul)
    CL$$btod_mult_common                     0x08003018   Section      580  btod.o(CL$$btod_mult_common)
    i.__ARM_fpclassify                       0x0800325c   Section        0  fpclassify.o(i.__ARM_fpclassify)
    i._is_digit                              0x08003284   Section        0  __printf_wp.o(i._is_digit)
    locale$$code                             0x08003294   Section       44  lc_numeric_c.o(locale$$code)
    locale$$code                             0x080032c0   Section       44  lc_ctype_c.o(locale$$code)
    x$fpl$printf1                            0x080032ec   Section        4  printf1.o(x$fpl$printf1)
    x$fpl$printf2                            0x080032f0   Section        4  printf2.o(x$fpl$printf2)
    initial_mbstate                          0x080032f4   Data           8  _printf_wctomb.o(.constdata)
    .constdata                               0x080032f4   Section        8  _printf_wctomb.o(.constdata)
    x$fpl$usenofp                            0x080032f4   Section        0  usenofp.o(x$fpl$usenofp)
    uc_hextab                                0x080032fc   Data          20  _printf_hex_int_ll_ptr.o(.constdata)
    .constdata                               0x080032fc   Section       40  _printf_hex_int_ll_ptr.o(.constdata)
    lc_hextab                                0x08003310   Data          20  _printf_hex_int_ll_ptr.o(.constdata)
    maptable                                 0x08003324   Data          17  __printf_flags_ss_wp.o(.constdata)
    .constdata                               0x08003324   Section       17  __printf_flags_ss_wp.o(.constdata)
    lc_hextab                                0x08003335   Data          19  _printf_fp_hex.o(.constdata)
    .constdata                               0x08003335   Section       38  _printf_fp_hex.o(.constdata)
    uc_hextab                                0x08003348   Data          19  _printf_fp_hex.o(.constdata)
    tenpwrs_x                                0x0800335c   Data          60  bigflt0.o(.constdata)
    .constdata                               0x0800335c   Section      148  bigflt0.o(.constdata)
    tenpwrs_i                                0x08003398   Data          64  bigflt0.o(.constdata)
    .L.str                                   0x080033f0   Data          14  main.o(.rodata.str1.1)
    [Anonymous Symbol]                       0x080033f0   Section        0  main.o(.rodata.str1.1)
    locale$$data                             0x08003410   Section       28  lc_numeric_c.o(locale$$data)
    __lcnum_c_name                           0x08003414   Data           2  lc_numeric_c.o(locale$$data)
    __lcnum_c_start                          0x0800341c   Data           0  lc_numeric_c.o(locale$$data)
    __lcnum_c_point                          0x08003428   Data           0  lc_numeric_c.o(locale$$data)
    __lcnum_c_thousands                      0x0800342a   Data           0  lc_numeric_c.o(locale$$data)
    __lcnum_c_grouping                       0x0800342b   Data           0  lc_numeric_c.o(locale$$data)
    __lcnum_c_end                            0x0800342c   Data           0  lc_numeric_c.o(locale$$data)
    locale$$data                             0x0800342c   Section      272  lc_ctype_c.o(locale$$data)
    __lcctype_c_name                         0x08003430   Data           2  lc_ctype_c.o(locale$$data)
    __lcctype_c_start                        0x08003438   Data           0  lc_ctype_c.o(locale$$data)
    __lcctype_c_end                          0x0800353c   Data           0  lc_ctype_c.o(locale$$data)
    .bss                                     0x20000000   Section       96  libspace.o(.bss)
    Heap_Mem                                 0x200011c0   Data         512  startup_gd32f10x_md.o(HEAP)
    HEAP                                     0x200011c0   Section      512  startup_gd32f10x_md.o(HEAP)
    Stack_Mem                                0x200013c0   Data        1024  startup_gd32f10x_md.o(STACK)
    STACK                                    0x200013c0   Section     1024  startup_gd32f10x_md.o(STACK)
    __initial_sp                             0x200017c0   Data           0  startup_gd32f10x_md.o(STACK)

    Global Symbols

    Symbol Name                              Value     Ov Type        Size  Object(Section)

    BuildAttributes$$THM_ISAv4$P$D$K$B$S$PE$A:L22UL41UL21$X:L11$S22US41US21$IEEE1$IW$~IW$USESV6$~STKCKD$USESV7$~SHL$OTIME$ROPI$IEEEJ$EBA8$UX$STANDARDLIB$REQ8$PRES8$EABIv2 0x00000000   Number         0  anon$$obj.o ABSOLUTE
    __fp_init_empty                          0x00000000   Number         0  fpinit_empty.o ABSOLUTE
    _printf_flags                            0x00000000   Number         0  printf_stubs.o ABSOLUTE
    _printf_return_value                     0x00000000   Number         0  printf_stubs.o ABSOLUTE
    _printf_sizespec                         0x00000000   Number         0  printf_stubs.o ABSOLUTE
    _printf_widthprec                        0x00000000   Number         0  printf_stubs.o ABSOLUTE
    __ARM_exceptions_init                     - Undefined Weak Reference
    __alloca_initialize                       - Undefined Weak Reference
    __arm_preinit_                            - Undefined Weak Reference
    __arm_relocate_pie_                       - Undefined Weak Reference
    __cpp_initialize__aeabi_                  - Undefined Weak Reference
    __cxa_finalize                            - Undefined Weak Reference
    __sigvec_lookup                           - Undefined Weak Reference
    _atexit_init                              - Undefined Weak Reference
    _call_atexit_fns                          - Undefined Weak Reference
    _clock_init                               - Undefined Weak Reference
    _fp_trap_init                             - Undefined Weak Reference
    _fp_trap_shutdown                         - Undefined Weak Reference
    _get_lc_collate                           - Undefined Weak Reference
    _get_lc_monetary                          - Undefined Weak Reference
    _get_lc_time                              - Undefined Weak Reference
    _getenv_init                              - Undefined Weak Reference
    _handle_redirection                       - Undefined Weak Reference
    _init_alloc                               - Undefined Weak Reference
    _init_user_alloc                          - Undefined Weak Reference
    _initio                                   - Undefined Weak Reference
    _printf_mbtowc                            - Undefined Weak Reference
    _printf_wc                                - Undefined Weak Reference
    _rand_init                                - Undefined Weak Reference
    _signal_finish                            - Undefined Weak Reference
    _signal_init                              - Undefined Weak Reference
    _terminate_alloc                          - Undefined Weak Reference
    _terminate_user_alloc                     - Undefined Weak Reference
    _terminateio                              - Undefined Weak Reference
    __Vectors_Size                           0x00000104   Number         0  startup_gd32f10x_md.o ABSOLUTE
    __Vectors                                0x08000000   Data           4  startup_gd32f10x_md.o(RESET)
    __Vectors_End                            0x08000104   Data           0  startup_gd32f10x_md.o(RESET)
    __main                                   0x08000105   Thumb Code     8  __main.o(!!!main)
    __scatterload                            0x0800010d   Thumb Code     0  __scatter.o(!!!scatter)
    __scatterload_rt2                        0x0800010d   Thumb Code    44  __scatter.o(!!!scatter)
    __scatterload_rt2_thumb_only             0x0800010d   Thumb Code     0  __scatter.o(!!!scatter)
    __scatterload_null                       0x0800011b   Thumb Code     0  __scatter.o(!!!scatter)
    __scatterload_zeroinit                   0x08000141   Thumb Code    28  __scatter_zi.o(!!handler_zi)
    _printf_n                                0x0800015d   Thumb Code     0  _printf_n.o(.ARM.Collect$$_printf_percent$$00000001)
    _printf_percent                          0x0800015d   Thumb Code     0  _printf_percent.o(.ARM.Collect$$_printf_percent$$00000000)
    _printf_p                                0x08000163   Thumb Code     0  _printf_p.o(.ARM.Collect$$_printf_percent$$00000002)
    _printf_f                                0x08000169   Thumb Code     0  _printf_f.o(.ARM.Collect$$_printf_percent$$00000003)
    _printf_e                                0x0800016f   Thumb Code     0  _printf_e.o(.ARM.Collect$$_printf_percent$$00000004)
    _printf_g                                0x08000175   Thumb Code     0  _printf_g.o(.ARM.Collect$$_printf_percent$$00000005)
    _printf_a                                0x0800017b   Thumb Code     0  _printf_a.o(.ARM.Collect$$_printf_percent$$00000006)
    _printf_ll                               0x08000181   Thumb Code     0  _printf_ll.o(.ARM.Collect$$_printf_percent$$00000007)
    _printf_i                                0x0800018b   Thumb Code     0  _printf_i.o(.ARM.Collect$$_printf_percent$$00000008)
    _printf_d                                0x08000191   Thumb Code     0  _printf_d.o(.ARM.Collect$$_printf_percent$$00000009)
    _printf_u                                0x08000197   Thumb Code     0  _printf_u.o(.ARM.Collect$$_printf_percent$$0000000A)
    _printf_o                                0x0800019d   Thumb Code     0  _printf_o.o(.ARM.Collect$$_printf_percent$$0000000B)
    _printf_x                                0x080001a3   Thumb Code     0  _printf_x.o(.ARM.Collect$$_printf_percent$$0000000C)
    _printf_lli                              0x080001a9   Thumb Code     0  _printf_lli.o(.ARM.Collect$$_printf_percent$$0000000D)
    _printf_lld                              0x080001af   Thumb Code     0  _printf_lld.o(.ARM.Collect$$_printf_percent$$0000000E)
    _printf_llu                              0x080001b5   Thumb Code     0  _printf_llu.o(.ARM.Collect$$_printf_percent$$0000000F)
    _printf_llo                              0x080001bb   Thumb Code     0  _printf_llo.o(.ARM.Collect$$_printf_percent$$00000010)
    _printf_llx                              0x080001c1   Thumb Code     0  _printf_llx.o(.ARM.Collect$$_printf_percent$$00000011)
    _printf_l                                0x080001c7   Thumb Code     0  _printf_l.o(.ARM.Collect$$_printf_percent$$00000012)
    _printf_c                                0x080001d1   Thumb Code     0  _printf_c.o(.ARM.Collect$$_printf_percent$$00000013)
    _printf_s                                0x080001d7   Thumb Code     0  _printf_s.o(.ARM.Collect$$_printf_percent$$00000014)
    _printf_lc                               0x080001dd   Thumb Code     0  _printf_lc.o(.ARM.Collect$$_printf_percent$$00000015)
    _printf_ls                               0x080001e3   Thumb Code     0  _printf_ls.o(.ARM.Collect$$_printf_percent$$00000016)
    _printf_percent_end                      0x080001e9   Thumb Code     0  _printf_percent_end.o(.ARM.Collect$$_printf_percent$$00000017)
    __rt_lib_init                            0x080001ed   Thumb Code     0  libinit.o(.ARM.Collect$$libinit$$00000000)
    __rt_lib_init_fp_1                       0x080001ef   Thumb Code     0  libinit2.o(.ARM.Collect$$libinit$$00000002)
    __rt_lib_init_heap_1                     0x080001ef   Thumb Code     0  libinit2.o(.ARM.Collect$$libinit$$0000000C)
    __rt_lib_init_lc_common                  0x080001ef   Thumb Code     0  libinit2.o(.ARM.Collect$$libinit$$00000011)
    __rt_lib_init_preinit_1                  0x080001ef   Thumb Code     0  libinit2.o(.ARM.Collect$$libinit$$00000006)
    __rt_lib_init_rand_1                     0x080001ef   Thumb Code     0  libinit2.o(.ARM.Collect$$libinit$$00000010)
    __rt_lib_init_relocate_pie_1             0x080001ef   Thumb Code     0  libinit2.o(.ARM.Collect$$libinit$$00000004)
    __rt_lib_init_user_alloc_1               0x080001ef   Thumb Code     0  libinit2.o(.ARM.Collect$$libinit$$0000000E)
    __rt_lib_init_lc_collate_1               0x080001f5   Thumb Code     0  libinit2.o(.ARM.Collect$$libinit$$00000013)
    __rt_lib_init_lc_ctype_2                 0x080001f5   Thumb Code     0  libinit2.o(.ARM.Collect$$libinit$$00000014)
    __rt_lib_init_lc_ctype_1                 0x08000201   Thumb Code     0  libinit2.o(.ARM.Collect$$libinit$$00000015)
    __rt_lib_init_lc_monetary_1              0x08000201   Thumb Code     0  libinit2.o(.ARM.Collect$$libinit$$00000017)
    __rt_lib_init_lc_numeric_2               0x08000201   Thumb Code     0  libinit2.o(.ARM.Collect$$libinit$$00000018)
    __rt_lib_init_alloca_1                   0x0800020b   Thumb Code     0  libinit2.o(.ARM.Collect$$libinit$$00000030)
    __rt_lib_init_argv_1                     0x0800020b   Thumb Code     0  libinit2.o(.ARM.Collect$$libinit$$0000002E)
    __rt_lib_init_atexit_1                   0x0800020b   Thumb Code     0  libinit2.o(.ARM.Collect$$libinit$$0000001D)
    __rt_lib_init_clock_1                    0x0800020b   Thumb Code     0  libinit2.o(.ARM.Collect$$libinit$$00000023)
    __rt_lib_init_cpp_1                      0x0800020b   Thumb Code     0  libinit2.o(.ARM.Collect$$libinit$$00000034)
    __rt_lib_init_exceptions_1               0x0800020b   Thumb Code     0  libinit2.o(.ARM.Collect$$libinit$$00000032)
    __rt_lib_init_fp_trap_1                  0x0800020b   Thumb Code     0  libinit2.o(.ARM.Collect$$libinit$$00000021)
    __rt_lib_init_getenv_1                   0x0800020b   Thumb Code     0  libinit2.o(.ARM.Collect$$libinit$$00000025)
    __rt_lib_init_lc_numeric_1               0x0800020b   Thumb Code     0  libinit2.o(.ARM.Collect$$libinit$$00000019)
    __rt_lib_init_lc_time_1                  0x0800020b   Thumb Code     0  libinit2.o(.ARM.Collect$$libinit$$0000001B)
    __rt_lib_init_return                     0x0800020b   Thumb Code     0  libinit2.o(.ARM.Collect$$libinit$$00000035)
    __rt_lib_init_signal_1                   0x0800020b   Thumb Code     0  libinit2.o(.ARM.Collect$$libinit$$0000001F)
    __rt_lib_init_stdio_1                    0x0800020b   Thumb Code     0  libinit2.o(.ARM.Collect$$libinit$$00000027)
    __rt_lib_shutdown                        0x0800020d   Thumb Code     0  libshutdown.o(.ARM.Collect$$libshutdown$$00000000)
    __rt_lib_shutdown_cpp_1                  0x0800020f   Thumb Code     0  libshutdown2.o(.ARM.Collect$$libshutdown$$00000002)
    __rt_lib_shutdown_fp_trap_1              0x0800020f   Thumb Code     0  libshutdown2.o(.ARM.Collect$$libshutdown$$00000007)
    __rt_lib_shutdown_heap_1                 0x0800020f   Thumb Code     0  libshutdown2.o(.ARM.Collect$$libshutdown$$0000000F)
    __rt_lib_shutdown_return                 0x0800020f   Thumb Code     0  libshutdown2.o(.ARM.Collect$$libshutdown$$00000010)
    __rt_lib_shutdown_signal_1               0x0800020f   Thumb Code     0  libshutdown2.o(.ARM.Collect$$libshutdown$$0000000A)
    __rt_lib_shutdown_stdio_1                0x0800020f   Thumb Code     0  libshutdown2.o(.ARM.Collect$$libshutdown$$00000004)
    __rt_lib_shutdown_user_alloc_1           0x0800020f   Thumb Code     0  libshutdown2.o(.ARM.Collect$$libshutdown$$0000000C)
    __rt_entry                               0x08000211   Thumb Code     0  __rtentry.o(.ARM.Collect$$rtentry$$00000000)
    __rt_entry_presh_1                       0x08000211   Thumb Code     0  __rtentry2.o(.ARM.Collect$$rtentry$$00000002)
    __rt_entry_sh                            0x08000211   Thumb Code     0  __rtentry4.o(.ARM.Collect$$rtentry$$00000004)
    __rt_entry_li                            0x08000217   Thumb Code     0  __rtentry2.o(.ARM.Collect$$rtentry$$0000000A)
    __rt_entry_postsh_1                      0x08000217   Thumb Code     0  __rtentry2.o(.ARM.Collect$$rtentry$$00000009)
    __rt_entry_main                          0x0800021b   Thumb Code     0  __rtentry2.o(.ARM.Collect$$rtentry$$0000000D)
    __rt_entry_postli_1                      0x0800021b   Thumb Code     0  __rtentry2.o(.ARM.Collect$$rtentry$$0000000C)
    __rt_exit                                0x08000223   Thumb Code     0  rtexit.o(.ARM.Collect$$rtexit$$00000000)
    __rt_exit_ls                             0x08000225   Thumb Code     0  rtexit2.o(.ARM.Collect$$rtexit$$00000003)
    __rt_exit_prels_1                        0x08000225   Thumb Code     0  rtexit2.o(.ARM.Collect$$rtexit$$00000002)
    __rt_exit_exit                           0x08000229   Thumb Code     0  rtexit2.o(.ARM.Collect$$rtexit$$00000004)
    Reset_Handler                            0x08000231   Thumb Code     8  startup_gd32f10x_md.o(.text)
    ADC0_1_IRQHandler                        0x0800024b   Thumb Code     0  startup_gd32f10x_md.o(.text)
    CAN0_EWMC_IRQHandler                     0x0800024b   Thumb Code     0  startup_gd32f10x_md.o(.text)
    CAN0_RX1_IRQHandler                      0x0800024b   Thumb Code     0  startup_gd32f10x_md.o(.text)
    DMA0_Channel0_IRQHandler                 0x0800024b   Thumb Code     0  startup_gd32f10x_md.o(.text)
    DMA0_Channel1_IRQHandler                 0x0800024b   Thumb Code     0  startup_gd32f10x_md.o(.text)
    DMA0_Channel2_IRQHandler                 0x0800024b   Thumb Code     0  startup_gd32f10x_md.o(.text)
    DMA0_Channel3_IRQHandler                 0x0800024b   Thumb Code     0  startup_gd32f10x_md.o(.text)
    DMA0_Channel4_IRQHandler                 0x0800024b   Thumb Code     0  startup_gd32f10x_md.o(.text)
    DMA0_Channel5_IRQHandler                 0x0800024b   Thumb Code     0  startup_gd32f10x_md.o(.text)
    DMA0_Channel6_IRQHandler                 0x0800024b   Thumb Code     0  startup_gd32f10x_md.o(.text)
    EXMC_IRQHandler                          0x0800024b   Thumb Code     0  startup_gd32f10x_md.o(.text)
    EXTI0_IRQHandler                         0x0800024b   Thumb Code     0  startup_gd32f10x_md.o(.text)
    EXTI10_15_IRQHandler                     0x0800024b   Thumb Code     0  startup_gd32f10x_md.o(.text)
    EXTI1_IRQHandler                         0x0800024b   Thumb Code     0  startup_gd32f10x_md.o(.text)
    EXTI2_IRQHandler                         0x0800024b   Thumb Code     0  startup_gd32f10x_md.o(.text)
    EXTI3_IRQHandler                         0x0800024b   Thumb Code     0  startup_gd32f10x_md.o(.text)
    EXTI4_IRQHandler                         0x0800024b   Thumb Code     0  startup_gd32f10x_md.o(.text)
    EXTI5_9_IRQHandler                       0x0800024b   Thumb Code     0  startup_gd32f10x_md.o(.text)
    FMC_IRQHandler                           0x0800024b   Thumb Code     0  startup_gd32f10x_md.o(.text)
    I2C0_ER_IRQHandler                       0x0800024b   Thumb Code     0  startup_gd32f10x_md.o(.text)
    I2C0_EV_IRQHandler                       0x0800024b   Thumb Code     0  startup_gd32f10x_md.o(.text)
    I2C1_ER_IRQHandler                       0x0800024b   Thumb Code     0  startup_gd32f10x_md.o(.text)
    I2C1_EV_IRQHandler                       0x0800024b   Thumb Code     0  startup_gd32f10x_md.o(.text)
    LVD_IRQHandler                           0x0800024b   Thumb Code     0  startup_gd32f10x_md.o(.text)
    RCU_IRQHandler                           0x0800024b   Thumb Code     0  startup_gd32f10x_md.o(.text)
    RTC_Alarm_IRQHandler                     0x0800024b   Thumb Code     0  startup_gd32f10x_md.o(.text)
    RTC_IRQHandler                           0x0800024b   Thumb Code     0  startup_gd32f10x_md.o(.text)
    SPI0_IRQHandler                          0x0800024b   Thumb Code     0  startup_gd32f10x_md.o(.text)
    SPI1_IRQHandler                          0x0800024b   Thumb Code     0  startup_gd32f10x_md.o(.text)
    TAMPER_IRQHandler                        0x0800024b   Thumb Code     0  startup_gd32f10x_md.o(.text)
    TIMER0_BRK_IRQHandler                    0x0800024b   Thumb Code     0  startup_gd32f10x_md.o(.text)
    TIMER0_Channel_IRQHandler                0x0800024b   Thumb Code     0  startup_gd32f10x_md.o(.text)
    TIMER0_TRG_CMT_IRQHandler                0x0800024b   Thumb Code     0  startup_gd32f10x_md.o(.text)
    TIMER0_UP_IRQHandler                     0x0800024b   Thumb Code     0  startup_gd32f10x_md.o(.text)
    TIMER1_IRQHandler                        0x0800024b   Thumb Code     0  startup_gd32f10x_md.o(.text)
    TIMER2_IRQHandler                        0x0800024b   Thumb Code     0  startup_gd32f10x_md.o(.text)
    TIMER3_IRQHandler                        0x0800024b   Thumb Code     0  startup_gd32f10x_md.o(.text)
    USART1_IRQHandler                        0x0800024b   Thumb Code     0  startup_gd32f10x_md.o(.text)
    USART2_IRQHandler                        0x0800024b   Thumb Code     0  startup_gd32f10x_md.o(.text)
    USBD_HP_CAN0_TX_IRQHandler               0x0800024b   Thumb Code     0  startup_gd32f10x_md.o(.text)
    USBD_LP_CAN0_RX0_IRQHandler              0x0800024b   Thumb Code     0  startup_gd32f10x_md.o(.text)
    USBD_WKUP_IRQHandler                     0x0800024b   Thumb Code     0  startup_gd32f10x_md.o(.text)
    WWDGT_IRQHandler                         0x0800024b   Thumb Code     0  startup_gd32f10x_md.o(.text)
    __user_initial_stackheap                 0x0800024d   Thumb Code    10  startup_gd32f10x_md.o(.text)
    vsprintf                                 0x08000271   Thumb Code    32  vsprintf.o(.text)
    strlen                                   0x08000295   Thumb Code    62  strlen.o(.text)
    __use_two_region_memory                  0x080002d3   Thumb Code     2  heapauxi.o(.text)
    __rt_heap_escrow$2region                 0x080002d5   Thumb Code     2  heapauxi.o(.text)
    __rt_heap_expand$2region                 0x080002d7   Thumb Code     2  heapauxi.o(.text)
    _printf_pre_padding                      0x080002d9   Thumb Code    44  _printf_pad.o(.text)
    _printf_post_padding                     0x08000305   Thumb Code    34  _printf_pad.o(.text)
    _printf_truncate_signed                  0x08000327   Thumb Code    18  _printf_truncate.o(.text)
    _printf_truncate_unsigned                0x08000339   Thumb Code    18  _printf_truncate.o(.text)
    _printf_str                              0x0800034b   Thumb Code    82  _printf_str.o(.text)
    _printf_int_dec                          0x0800039d   Thumb Code   104  _printf_dec.o(.text)
    _printf_charcount                        0x08000415   Thumb Code    40  _printf_charcount.o(.text)
    _printf_char_common                      0x08000447   Thumb Code    32  _printf_char_common.o(.text)
    _sputc                                   0x0800046d   Thumb Code    10  _sputc.o(.text)
    _printf_wctomb                           0x08000479   Thumb Code   182  _printf_wctomb.o(.text)
    _printf_longlong_dec                     0x08000535   Thumb Code   108  _printf_longlong_dec.o(.text)
    _printf_longlong_oct                     0x080005b1   Thumb Code    68  _printf_oct_int_ll.o(.text)
    _printf_int_oct                          0x080005f5   Thumb Code    24  _printf_oct_int_ll.o(.text)
    _printf_ll_oct                           0x0800060d   Thumb Code    12  _printf_oct_int_ll.o(.text)
    _printf_longlong_hex                     0x08000621   Thumb Code    86  _printf_hex_int_ll_ptr.o(.text)
    _printf_int_hex                          0x08000677   Thumb Code    28  _printf_hex_int_ll_ptr.o(.text)
    _printf_ll_hex                           0x08000693   Thumb Code    12  _printf_hex_int_ll_ptr.o(.text)
    _printf_hex_ptr                          0x0800069f   Thumb Code    18  _printf_hex_int_ll_ptr.o(.text)
    __printf                                 0x080006b5   Thumb Code   388  __printf_flags_ss_wp.o(.text)
    _ll_udiv10                               0x0800083d   Thumb Code   138  lludiv10.o(.text)
    _printf_int_common                       0x080008c7   Thumb Code   178  _printf_intcommon.o(.text)
    _printf_fp_dec_real                      0x08000b29   Thumb Code   620  _printf_fp_dec.o(.text)
    _printf_fp_hex_real                      0x08000d95   Thumb Code   756  _printf_fp_hex.o(.text)
    _printf_cs_common                        0x08001091   Thumb Code    20  _printf_char.o(.text)
    _printf_char                             0x080010a5   Thumb Code    16  _printf_char.o(.text)
    _printf_string                           0x080010b5   Thumb Code     8  _printf_char.o(.text)
    _printf_lcs_common                       0x080010bd   Thumb Code    20  _printf_wchar.o(.text)
    _printf_wchar                            0x080010d1   Thumb Code    16  _printf_wchar.o(.text)
    _printf_wstring                          0x080010e1   Thumb Code     8  _printf_wchar.o(.text)
    _c16rtomb                                0x080010e9   Thumb Code    72  _c16rtomb.o(.text)
    _wcrtomb                                 0x080010e9   Thumb Code     0  _c16rtomb.o(.text)
    __user_setup_stackheap                   0x08001131   Thumb Code    74  sys_stackheap_outer.o(.text)
    __rt_ctype_table                         0x0800117d   Thumb Code    16  rt_ctype_table.o(.text)
    __rt_locale                              0x0800118d   Thumb Code     8  rt_locale_intlibspace.o(.text)
    _printf_fp_infnan                        0x08001195   Thumb Code   112  _printf_fp_infnan.o(.text)
    _btod_etento                             0x08001215   Thumb Code   224  bigflt0.o(.text)
    exit                                     0x080012f9   Thumb Code    18  exit.o(.text)
    __user_libspace                          0x0800130d   Thumb Code     8  libspace.o(.text)
    __user_perproc_libspace                  0x0800130d   Thumb Code     0  libspace.o(.text)
    __user_perthread_libspace                0x0800130d   Thumb Code     0  libspace.o(.text)
    strcmp                                   0x08001315   Thumb Code   128  strcmpv7m.o(.text)
    _sys_exit                                0x08001395   Thumb Code     8  sys_exit.o(.text)
    __I$use$semihosting                      0x080013a1   Thumb Code     0  use_no_semi.o(.text)
    __use_no_semihosting_swi                 0x080013a1   Thumb Code     2  use_no_semi.o(.text)
    __semihosting_library_function           0x080013a3   Thumb Code     0  indicate_semi.o(.text)
    BusFault_Handler                         0x080013a5   Thumb Code     4  gd32f10x_it.o(.text.BusFault_Handler)
    DMA_Init                                 0x080013a9   Thumb Code   110  ustart.o(.text.DMA_Init)
    DebugMon_Handler                         0x08001419   Thumb Code     4  gd32f10x_it.o(.text.DebugMon_Handler)
    Delay_Init                               0x0800141d   Thumb Code    10  delay.o(.text.Delay_Init)
    Delay_Ms                                 0x08001429   Thumb Code    38  delay.o(.text.Delay_Ms)
    Delay_Us                                 0x08001451   Thumb Code    94  delay.o(.text.Delay_Us)
    HardFault_Handler                        0x080014b1   Thumb Code     4  gd32f10x_it.o(.text.HardFault_Handler)
    IIC_Init                                 0x080014b5   Thumb Code    70  iic.o(.text.IIC_Init)
    IIC_Read_Byte                            0x080014fd   Thumb Code   264  iic.o(.text.IIC_Read_Byte)
    IIC_Send_Byte                            0x08001605   Thumb Code   158  iic.o(.text.IIC_Send_Byte)
    IIC_Start                                0x080016a5   Thumb Code    66  iic.o(.text.IIC_Start)
    IIC_Stop                                 0x080016e9   Thumb Code    48  iic.o(.text.IIC_Stop)
    IIC_Wait_ACK                             0x08001719   Thumb Code   166  iic.o(.text.IIC_Wait_ACK)
    M24C02_ReadData                          0x080017c1   Thumb Code   188  m24c02.o(.text.M24C02_ReadData)
    M24C02_WriteByte                         0x0800187d   Thumb Code   112  m24c02.o(.text.M24C02_WriteByte)
    MemManage_Handler                        0x080018ed   Thumb Code     4  gd32f10x_it.o(.text.MemManage_Handler)
    NMI_Handler                              0x080018f1   Thumb Code     4  gd32f10x_it.o(.text.NMI_Handler)
    PendSV_Handler                           0x080018f5   Thumb Code     4  gd32f10x_it.o(.text.PendSV_Handler)
    SVC_Handler                              0x080018f9   Thumb Code     4  gd32f10x_it.o(.text.SVC_Handler)
    SysTick_Handler                          0x080018fd   Thumb Code     2  gd32f10x_it.o(.text.SysTick_Handler)
    SystemInit                               0x08001901   Thumb Code   336  system_gd32f10x.o(.text.SystemInit)
    U0Rx_PtrInit                             0x08001a51   Thumb Code    38  ustart.o(.text.U0Rx_PtrInit)
    USART0_IRQHandler                        0x08001a79   Thumb Code   272  gd32f10x_it.o(.text.USART0_IRQHandler)
    UsageFault_Handler                       0x08001b89   Thumb Code     4  gd32f10x_it.o(.text.UsageFault_Handler)
    Usart0_Init                              0x08001b8d   Thumb Code   180  ustart.o(.text.Usart0_Init)
    dma_channel_disable                      0x08001c69   Thumb Code    54  gd32f10x_dma.o(.text.dma_channel_disable)
    dma_channel_enable                       0x08001ca1   Thumb Code    54  gd32f10x_dma.o(.text.dma_channel_enable)
    dma_circulation_disable                  0x08001cd9   Thumb Code    54  gd32f10x_dma.o(.text.dma_circulation_disable)
    dma_deinit                               0x08001d11   Thumb Code   140  gd32f10x_dma.o(.text.dma_deinit)
    dma_init                                 0x08001d9d   Thumb Code   328  gd32f10x_dma.o(.text.dma_init)
    dma_memory_address_config                0x08001ee5   Thumb Code    52  gd32f10x_dma.o(.text.dma_memory_address_config)
    dma_transfer_number_config               0x08001f55   Thumb Code    54  gd32f10x_dma.o(.text.dma_transfer_number_config)
    dma_transfer_number_get                  0x08001f8d   Thumb Code    48  gd32f10x_dma.o(.text.dma_transfer_number_get)
    gpio_bit_reset                           0x08001fbd   Thumb Code    16  gd32f10x_gpio.o(.text.gpio_bit_reset)
    gpio_bit_set                             0x08001fcd   Thumb Code    16  gd32f10x_gpio.o(.text.gpio_bit_set)
    gpio_init                                0x08001fdd   Thumb Code   358  gd32f10x_gpio.o(.text.gpio_init)
    gpio_input_bit_get                       0x08002145   Thumb Code    42  gd32f10x_gpio.o(.text.gpio_input_bit_get)
    main                                     0x08002171   Thumb Code   162  main.o(.text.main)
    nvic_irq_enable                          0x08002215   Thumb Code   242  gd32f10x_misc.o(.text.nvic_irq_enable)
    nvic_priority_group_set                  0x08002309   Thumb Code    28  gd32f10x_misc.o(.text.nvic_priority_group_set)
    nvic_vector_table_set                    0x08002325   Thumb Code    40  gd32f10x_misc.o(.text.nvic_vector_table_set)
    rcu_clock_freq_get                       0x0800234d   Thumb Code   410  gd32f10x_rcu.o(.text.rcu_clock_freq_get)
    rcu_periph_clock_enable                  0x080024e9   Thumb Code    40  gd32f10x_rcu.o(.text.rcu_periph_clock_enable)
    rcu_periph_reset_disable                 0x08002511   Thumb Code    40  gd32f10x_rcu.o(.text.rcu_periph_reset_disable)
    rcu_periph_reset_enable                  0x08002539   Thumb Code    40  gd32f10x_rcu.o(.text.rcu_periph_reset_enable)
    systick_clksource_set                    0x0800267d   Thumb Code    52  gd32f10x_misc.o(.text.systick_clksource_set)
    u0_printf                                0x080026b1   Thumb Code   186  ustart.o(.text.u0_printf)
    usart_baudrate_set                       0x0800276d   Thumb Code   202  gd32f10x_usart.o(.text.usart_baudrate_set)
    usart_data_receive                       0x08002839   Thumb Code    16  gd32f10x_usart.o(.text.usart_data_receive)
    usart_data_transmit                      0x08002849   Thumb Code    24  gd32f10x_usart.o(.text.usart_data_transmit)
    usart_deinit                             0x08002861   Thumb Code   184  gd32f10x_usart.o(.text.usart_deinit)
    usart_dma_receive_config                 0x08002919   Thumb Code    38  gd32f10x_usart.o(.text.usart_dma_receive_config)
    usart_enable                             0x08002941   Thumb Code    18  gd32f10x_usart.o(.text.usart_enable)
    usart_flag_get                           0x08002955   Thumb Code    58  gd32f10x_usart.o(.text.usart_flag_get)
    usart_interrupt_enable                   0x08002991   Thumb Code    34  gd32f10x_usart.o(.text.usart_interrupt_enable)
    usart_interrupt_flag_get                 0x080029b5   Thumb Code    94  gd32f10x_usart.o(.text.usart_interrupt_flag_get)
    usart_parity_config                      0x08002a15   Thumb Code    30  gd32f10x_usart.o(.text.usart_parity_config)
    usart_receive_config                     0x08002a35   Thumb Code    42  gd32f10x_usart.o(.text.usart_receive_config)
    usart_stop_bit_set                       0x08002a61   Thumb Code    30  gd32f10x_usart.o(.text.usart_stop_bit_set)
    usart_transmit_config                    0x08002a81   Thumb Code    42  gd32f10x_usart.o(.text.usart_transmit_config)
    usart_word_length_set                    0x08002aad   Thumb Code    30  gd32f10x_usart.o(.text.usart_word_length_set)
    _btod_d2e                                0x08002acb   Thumb Code    62  btod.o(CL$$btod_d2e)
    _d2e_denorm_low                          0x08002b09   Thumb Code    70  btod.o(CL$$btod_d2e_denorm_low)
    _d2e_norm_op1                            0x08002b4f   Thumb Code    96  btod.o(CL$$btod_d2e_norm_op1)
    __btod_div_common                        0x08002bb1   Thumb Code   696  btod.o(CL$$btod_div_common)
    _e2e                                     0x08002ee9   Thumb Code   220  btod.o(CL$$btod_e2e)
    _btod_ediv                               0x08002fc5   Thumb Code    42  btod.o(CL$$btod_ediv)
    _btod_emul                               0x08002fef   Thumb Code    42  btod.o(CL$$btod_emul)
    __btod_mult_common                       0x08003019   Thumb Code   580  btod.o(CL$$btod_mult_common)
    __ARM_fpclassify                         0x0800325d   Thumb Code    40  fpclassify.o(i.__ARM_fpclassify)
    _is_digit                                0x08003285   Thumb Code    14  __printf_wp.o(i._is_digit)
    _get_lc_numeric                          0x08003295   Thumb Code    44  lc_numeric_c.o(locale$$code)
    _get_lc_ctype                            0x080032c1   Thumb Code    44  lc_ctype_c.o(locale$$code)
    _printf_fp_dec                           0x080032ed   Thumb Code     4  printf1.o(x$fpl$printf1)
    _printf_fp_hex                           0x080032f1   Thumb Code     4  printf2.o(x$fpl$printf2)
    __I$use$fp                               0x080032f4   Number         0  usenofp.o(x$fpl$usenofp)
    Region$$Table$$Base                      0x08003400   Number         0  anon$$obj.o(Region$$Table)
    Region$$Table$$Limit                     0x08003410   Number         0  anon$$obj.o(Region$$Table)
    __ctype                                  0x08003439   Data           0  lc_ctype_c.o(locale$$data)
    __libspace_start                         0x20000000   Data          96  libspace.o(.bss)
    U0CB                                     0x20000060   Data          96  ustart.o(.bss.U0CB)
    __temporary_stack_top$libspace           0x20000060   Data           0  libspace.o(.bss)
    U0_RX_BUFFER                             0x200000c0   Data        2048  ustart.o(.bss.U0_RX_BUFFER)
    U0_TX_BUFFER                             0x200008c0   Data        2048  ustart.o(.bss.U0_TX_BUFFER)
    rbuff                                    0x200010c0   Data         256  main.o(.bss.rbuff)



==============================================================================

Memory Map of the image

  Image Entry point : 0x08000105

  Load Region LR_IROM1 (Base: 0x08000000, Size: 0x0000353c, Max: 0x00010000, ABSOLUTE)

    Execution Region ER_IROM1 (Exec base: 0x08000000, Load base: 0x08000000, Size: 0x0000353c, Max: 0x00010000, ABSOLUTE)

    Exec Addr    Load Addr    Size         Type   Attr      Idx    E Section Name        Object

    0x08000000   0x08000000   0x00000104   Data   RO           33    RESET               startup_gd32f10x_md.o
    0x08000104   0x08000104   0x00000008   Code   RO          437  * !!!main             c_w.l(__main.o)
    0x0800010c   0x0800010c   0x00000034   Code   RO          774    !!!scatter          c_w.l(__scatter.o)
    0x08000140   0x08000140   0x0000001c   Code   RO          776    !!handler_zi        c_w.l(__scatter_zi.o)
    0x0800015c   0x0800015c   0x00000000   Code   RO          521    .ARM.Collect$$_printf_percent$$00000000  c_w.l(_printf_percent.o)
    0x0800015c   0x0800015c   0x00000006   Code   RO          510    .ARM.Collect$$_printf_percent$$00000001  c_w.l(_printf_n.o)
    0x08000162   0x08000162   0x00000006   Code   RO          512    .ARM.Collect$$_printf_percent$$00000002  c_w.l(_printf_p.o)
    0x08000168   0x08000168   0x00000006   Code   RO          517    .ARM.Collect$$_printf_percent$$00000003  c_w.l(_printf_f.o)
    0x0800016e   0x0800016e   0x00000006   Code   RO          518    .ARM.Collect$$_printf_percent$$00000004  c_w.l(_printf_e.o)
    0x08000174   0x08000174   0x00000006   Code   RO          519    .ARM.Collect$$_printf_percent$$00000005  c_w.l(_printf_g.o)
    0x0800017a   0x0800017a   0x00000006   Code   RO          520    .ARM.Collect$$_printf_percent$$00000006  c_w.l(_printf_a.o)
    0x08000180   0x08000180   0x0000000a   Code   RO          525    .ARM.Collect$$_printf_percent$$00000007  c_w.l(_printf_ll.o)
    0x0800018a   0x0800018a   0x00000006   Code   RO          514    .ARM.Collect$$_printf_percent$$00000008  c_w.l(_printf_i.o)
    0x08000190   0x08000190   0x00000006   Code   RO          515    .ARM.Collect$$_printf_percent$$00000009  c_w.l(_printf_d.o)
    0x08000196   0x08000196   0x00000006   Code   RO          516    .ARM.Collect$$_printf_percent$$0000000A  c_w.l(_printf_u.o)
    0x0800019c   0x0800019c   0x00000006   Code   RO          513    .ARM.Collect$$_printf_percent$$0000000B  c_w.l(_printf_o.o)
    0x080001a2   0x080001a2   0x00000006   Code   RO          511    .ARM.Collect$$_printf_percent$$0000000C  c_w.l(_printf_x.o)
    0x080001a8   0x080001a8   0x00000006   Code   RO          522    .ARM.Collect$$_printf_percent$$0000000D  c_w.l(_printf_lli.o)
    0x080001ae   0x080001ae   0x00000006   Code   RO          523    .ARM.Collect$$_printf_percent$$0000000E  c_w.l(_printf_lld.o)
    0x080001b4   0x080001b4   0x00000006   Code   RO          524    .ARM.Collect$$_printf_percent$$0000000F  c_w.l(_printf_llu.o)
    0x080001ba   0x080001ba   0x00000006   Code   RO          529    .ARM.Collect$$_printf_percent$$00000010  c_w.l(_printf_llo.o)
    0x080001c0   0x080001c0   0x00000006   Code   RO          530    .ARM.Collect$$_printf_percent$$00000011  c_w.l(_printf_llx.o)
    0x080001c6   0x080001c6   0x0000000a   Code   RO          526    .ARM.Collect$$_printf_percent$$00000012  c_w.l(_printf_l.o)
    0x080001d0   0x080001d0   0x00000006   Code   RO          508    .ARM.Collect$$_printf_percent$$00000013  c_w.l(_printf_c.o)
    0x080001d6   0x080001d6   0x00000006   Code   RO          509    .ARM.Collect$$_printf_percent$$00000014  c_w.l(_printf_s.o)
    0x080001dc   0x080001dc   0x00000006   Code   RO          527    .ARM.Collect$$_printf_percent$$00000015  c_w.l(_printf_lc.o)
    0x080001e2   0x080001e2   0x00000006   Code   RO          528    .ARM.Collect$$_printf_percent$$00000016  c_w.l(_printf_ls.o)
    0x080001e8   0x080001e8   0x00000004   Code   RO          571    .ARM.Collect$$_printf_percent$$00000017  c_w.l(_printf_percent_end.o)
    0x080001ec   0x080001ec   0x00000002   Code   RO          622    .ARM.Collect$$libinit$$00000000  c_w.l(libinit.o)
    0x080001ee   0x080001ee   0x00000000   Code   RO          641    .ARM.Collect$$libinit$$00000002  c_w.l(libinit2.o)
    0x080001ee   0x080001ee   0x00000000   Code   RO          643    .ARM.Collect$$libinit$$00000004  c_w.l(libinit2.o)
    0x080001ee   0x080001ee   0x00000000   Code   RO          645    .ARM.Collect$$libinit$$00000006  c_w.l(libinit2.o)
    0x080001ee   0x080001ee   0x00000000   Code   RO          648    .ARM.Collect$$libinit$$0000000C  c_w.l(libinit2.o)
    0x080001ee   0x080001ee   0x00000000   Code   RO          650    .ARM.Collect$$libinit$$0000000E  c_w.l(libinit2.o)
    0x080001ee   0x080001ee   0x00000000   Code   RO          652    .ARM.Collect$$libinit$$00000010  c_w.l(libinit2.o)
    0x080001ee   0x080001ee   0x00000006   Code   RO          653    .ARM.Collect$$libinit$$00000011  c_w.l(libinit2.o)
    0x080001f4   0x080001f4   0x00000000   Code   RO          655    .ARM.Collect$$libinit$$00000013  c_w.l(libinit2.o)
    0x080001f4   0x080001f4   0x0000000c   Code   RO          656    .ARM.Collect$$libinit$$00000014  c_w.l(libinit2.o)
    0x08000200   0x08000200   0x00000000   Code   RO          657    .ARM.Collect$$libinit$$00000015  c_w.l(libinit2.o)
    0x08000200   0x08000200   0x00000000   Code   RO          659    .ARM.Collect$$libinit$$00000017  c_w.l(libinit2.o)
    0x08000200   0x08000200   0x0000000a   Code   RO          660    .ARM.Collect$$libinit$$00000018  c_w.l(libinit2.o)
    0x0800020a   0x0800020a   0x00000000   Code   RO          661    .ARM.Collect$$libinit$$00000019  c_w.l(libinit2.o)
    0x0800020a   0x0800020a   0x00000000   Code   RO          663    .ARM.Collect$$libinit$$0000001B  c_w.l(libinit2.o)
    0x0800020a   0x0800020a   0x00000000   Code   RO          665    .ARM.Collect$$libinit$$0000001D  c_w.l(libinit2.o)
    0x0800020a   0x0800020a   0x00000000   Code   RO          667    .ARM.Collect$$libinit$$0000001F  c_w.l(libinit2.o)
    0x0800020a   0x0800020a   0x00000000   Code   RO          669    .ARM.Collect$$libinit$$00000021  c_w.l(libinit2.o)
    0x0800020a   0x0800020a   0x00000000   Code   RO          671    .ARM.Collect$$libinit$$00000023  c_w.l(libinit2.o)
    0x0800020a   0x0800020a   0x00000000   Code   RO          673    .ARM.Collect$$libinit$$00000025  c_w.l(libinit2.o)
    0x0800020a   0x0800020a   0x00000000   Code   RO          675    .ARM.Collect$$libinit$$00000027  c_w.l(libinit2.o)
    0x0800020a   0x0800020a   0x00000000   Code   RO          679    .ARM.Collect$$libinit$$0000002E  c_w.l(libinit2.o)
    0x0800020a   0x0800020a   0x00000000   Code   RO          681    .ARM.Collect$$libinit$$00000030  c_w.l(libinit2.o)
    0x0800020a   0x0800020a   0x00000000   Code   RO          683    .ARM.Collect$$libinit$$00000032  c_w.l(libinit2.o)
    0x0800020a   0x0800020a   0x00000000   Code   RO          685    .ARM.Collect$$libinit$$00000034  c_w.l(libinit2.o)
    0x0800020a   0x0800020a   0x00000002   Code   RO          686    .ARM.Collect$$libinit$$00000035  c_w.l(libinit2.o)
    0x0800020c   0x0800020c   0x00000002   Code   RO          710    .ARM.Collect$$libshutdown$$00000000  c_w.l(libshutdown.o)
    0x0800020e   0x0800020e   0x00000000   Code   RO          725    .ARM.Collect$$libshutdown$$00000002  c_w.l(libshutdown2.o)
    0x0800020e   0x0800020e   0x00000000   Code   RO          727    .ARM.Collect$$libshutdown$$00000004  c_w.l(libshutdown2.o)
    0x0800020e   0x0800020e   0x00000000   Code   RO          730    .ARM.Collect$$libshutdown$$00000007  c_w.l(libshutdown2.o)
    0x0800020e   0x0800020e   0x00000000   Code   RO          733    .ARM.Collect$$libshutdown$$0000000A  c_w.l(libshutdown2.o)
    0x0800020e   0x0800020e   0x00000000   Code   RO          735    .ARM.Collect$$libshutdown$$0000000C  c_w.l(libshutdown2.o)
    0x0800020e   0x0800020e   0x00000000   Code   RO          738    .ARM.Collect$$libshutdown$$0000000F  c_w.l(libshutdown2.o)
    0x0800020e   0x0800020e   0x00000002   Code   RO          739    .ARM.Collect$$libshutdown$$00000010  c_w.l(libshutdown2.o)
    0x08000210   0x08000210   0x00000000   Code   RO          439    .ARM.Collect$$rtentry$$00000000  c_w.l(__rtentry.o)
    0x08000210   0x08000210   0x00000000   Code   RO          540    .ARM.Collect$$rtentry$$00000002  c_w.l(__rtentry2.o)
    0x08000210   0x08000210   0x00000006   Code   RO          552    .ARM.Collect$$rtentry$$00000004  c_w.l(__rtentry4.o)
    0x08000216   0x08000216   0x00000000   Code   RO          542    .ARM.Collect$$rtentry$$00000009  c_w.l(__rtentry2.o)
    0x08000216   0x08000216   0x00000004   Code   RO          543    .ARM.Collect$$rtentry$$0000000A  c_w.l(__rtentry2.o)
    0x0800021a   0x0800021a   0x00000000   Code   RO          545    .ARM.Collect$$rtentry$$0000000C  c_w.l(__rtentry2.o)
    0x0800021a   0x0800021a   0x00000008   Code   RO          546    .ARM.Collect$$rtentry$$0000000D  c_w.l(__rtentry2.o)
    0x08000222   0x08000222   0x00000002   Code   RO          631    .ARM.Collect$$rtexit$$00000000  c_w.l(rtexit.o)
    0x08000224   0x08000224   0x00000000   Code   RO          688    .ARM.Collect$$rtexit$$00000002  c_w.l(rtexit2.o)
    0x08000224   0x08000224   0x00000004   Code   RO          689    .ARM.Collect$$rtexit$$00000003  c_w.l(rtexit2.o)
    0x08000228   0x08000228   0x00000006   Code   RO          690    .ARM.Collect$$rtexit$$00000004  c_w.l(rtexit2.o)
    0x0800022e   0x0800022e   0x00000002   PAD
    0x08000230   0x08000230   0x00000040   Code   RO           34    .text               startup_gd32f10x_md.o
    0x08000270   0x08000270   0x00000024   Code   RO          431    .text               c_w.l(vsprintf.o)
    0x08000294   0x08000294   0x0000003e   Code   RO          433    .text               c_w.l(strlen.o)
    0x080002d2   0x080002d2   0x00000006   Code   RO          435    .text               c_w.l(heapauxi.o)
    0x080002d8   0x080002d8   0x0000004e   Code   RO          442    .text               c_w.l(_printf_pad.o)
    0x08000326   0x08000326   0x00000024   Code   RO          444    .text               c_w.l(_printf_truncate.o)
    0x0800034a   0x0800034a   0x00000052   Code   RO          446    .text               c_w.l(_printf_str.o)
    0x0800039c   0x0800039c   0x00000078   Code   RO          448    .text               c_w.l(_printf_dec.o)
    0x08000414   0x08000414   0x00000028   Code   RO          450    .text               c_w.l(_printf_charcount.o)
    0x0800043c   0x0800043c   0x00000030   Code   RO          452    .text               c_w.l(_printf_char_common.o)
    0x0800046c   0x0800046c   0x0000000a   Code   RO          454    .text               c_w.l(_sputc.o)
    0x08000476   0x08000476   0x00000002   PAD
    0x08000478   0x08000478   0x000000bc   Code   RO          456    .text               c_w.l(_printf_wctomb.o)
    0x08000534   0x08000534   0x0000007c   Code   RO          459    .text               c_w.l(_printf_longlong_dec.o)
    0x080005b0   0x080005b0   0x00000070   Code   RO          465    .text               c_w.l(_printf_oct_int_ll.o)
    0x08000620   0x08000620   0x00000094   Code   RO          485    .text               c_w.l(_printf_hex_int_ll_ptr.o)
    0x080006b4   0x080006b4   0x00000188   Code   RO          505    .text               c_w.l(__printf_flags_ss_wp.o)
    0x0800083c   0x0800083c   0x0000008a   Code   RO          554    .text               c_w.l(lludiv10.o)
    0x080008c6   0x080008c6   0x000000b2   Code   RO          556    .text               c_w.l(_printf_intcommon.o)
    0x08000978   0x08000978   0x0000041c   Code   RO          558    .text               c_w.l(_printf_fp_dec.o)
    0x08000d94   0x08000d94   0x000002fc   Code   RO          562    .text               c_w.l(_printf_fp_hex.o)
    0x08001090   0x08001090   0x0000002c   Code   RO          567    .text               c_w.l(_printf_char.o)
    0x080010bc   0x080010bc   0x0000002c   Code   RO          569    .text               c_w.l(_printf_wchar.o)
    0x080010e8   0x080010e8   0x00000048   Code   RO          572    .text               c_w.l(_c16rtomb.o)
    0x08001130   0x08001130   0x0000004a   Code   RO          574    .text               c_w.l(sys_stackheap_outer.o)
    0x0800117a   0x0800117a   0x00000002   PAD
    0x0800117c   0x0800117c   0x00000010   Code   RO          576    .text               c_w.l(rt_ctype_table.o)
    0x0800118c   0x0800118c   0x00000008   Code   RO          581    .text               c_w.l(rt_locale_intlibspace.o)
    0x08001194   0x08001194   0x00000080   Code   RO          583    .text               c_w.l(_printf_fp_infnan.o)
    0x08001214   0x08001214   0x000000e4   Code   RO          585    .text               c_w.l(bigflt0.o)
    0x080012f8   0x080012f8   0x00000012   Code   RO          615    .text               c_w.l(exit.o)
    0x0800130a   0x0800130a   0x00000002   PAD
    0x0800130c   0x0800130c   0x00000008   Code   RO          628    .text               c_w.l(libspace.o)
    0x08001314   0x08001314   0x00000080   Code   RO          638    .text               c_w.l(strcmpv7m.o)
    0x08001394   0x08001394   0x0000000c   Code   RO          700    .text               c_w.l(sys_exit.o)
    0x080013a0   0x080013a0   0x00000002   Code   RO          715    .text               c_w.l(use_no_semi.o)
    0x080013a2   0x080013a2   0x00000000   Code   RO          717    .text               c_w.l(indicate_semi.o)
    0x080013a2   0x080013a2   0x00000002   PAD
    0x080013a4   0x080013a4   0x00000004   Code   RO           49    .text.BusFault_Handler  gd32f10x_it.o
    0x080013a8   0x080013a8   0x0000006e   Code   RO           72    .text.DMA_Init      ustart.o
    0x08001416   0x08001416   0x00000002   PAD
    0x08001418   0x08001418   0x00000004   Code   RO           55    .text.DebugMon_Handler  gd32f10x_it.o
    0x0800141c   0x0800141c   0x0000000a   Code   RO           86    .text.Delay_Init    delay.o
    0x08001426   0x08001426   0x00000002   PAD
    0x08001428   0x08001428   0x00000026   Code   RO           90    .text.Delay_Ms      delay.o
    0x0800144e   0x0800144e   0x00000002   PAD
    0x08001450   0x08001450   0x0000005e   Code   RO           88    .text.Delay_Us      delay.o
    0x080014ae   0x080014ae   0x00000002   PAD
    0x080014b0   0x080014b0   0x00000004   Code   RO           45    .text.HardFault_Handler  gd32f10x_it.o
    0x080014b4   0x080014b4   0x00000046   Code   RO           99    .text.IIC_Init      iic.o
    0x080014fa   0x080014fa   0x00000002   PAD
    0x080014fc   0x080014fc   0x00000108   Code   RO          109    .text.IIC_Read_Byte  iic.o
    0x08001604   0x08001604   0x0000009e   Code   RO          105    .text.IIC_Send_Byte  iic.o
    0x080016a2   0x080016a2   0x00000002   PAD
    0x080016a4   0x080016a4   0x00000042   Code   RO          101    .text.IIC_Start     iic.o
    0x080016e6   0x080016e6   0x00000002   PAD
    0x080016e8   0x080016e8   0x00000030   Code   RO          103    .text.IIC_Stop      iic.o
    0x08001718   0x08001718   0x000000a6   Code   RO          107    .text.IIC_Wait_ACK  iic.o
    0x080017be   0x080017be   0x00000002   PAD
    0x080017c0   0x080017c0   0x000000bc   Code   RO          122    .text.M24C02_ReadData  m24c02.o
    0x0800187c   0x0800187c   0x00000070   Code   RO          118    .text.M24C02_WriteByte  m24c02.o
    0x080018ec   0x080018ec   0x00000004   Code   RO           47    .text.MemManage_Handler  gd32f10x_it.o
    0x080018f0   0x080018f0   0x00000004   Code   RO           43    .text.NMI_Handler   gd32f10x_it.o
    0x080018f4   0x080018f4   0x00000004   Code   RO           57    .text.PendSV_Handler  gd32f10x_it.o
    0x080018f8   0x080018f8   0x00000004   Code   RO           53    .text.SVC_Handler   gd32f10x_it.o
    0x080018fc   0x080018fc   0x00000002   Code   RO           59    .text.SysTick_Handler  gd32f10x_it.o
    0x080018fe   0x080018fe   0x00000002   PAD
    0x08001900   0x08001900   0x00000150   Code   RO           14    .text.SystemInit    system_gd32f10x.o
    0x08001a50   0x08001a50   0x00000026   Code   RO           70    .text.U0Rx_PtrInit  ustart.o
    0x08001a76   0x08001a76   0x00000002   PAD
    0x08001a78   0x08001a78   0x00000110   Code   RO           41    .text.USART0_IRQHandler  gd32f10x_it.o
    0x08001b88   0x08001b88   0x00000004   Code   RO           51    .text.UsageFault_Handler  gd32f10x_it.o
    0x08001b8c   0x08001b8c   0x000000b4   Code   RO           68    .text.Usart0_Init   ustart.o
    0x08001c40   0x08001c40   0x00000028   Code   RO           16    .text._soft_delay_  system_gd32f10x.o
    0x08001c68   0x08001c68   0x00000036   Code   RO          385    .text.dma_channel_disable  gd32f10x_dma.o
    0x08001c9e   0x08001c9e   0x00000002   PAD
    0x08001ca0   0x08001ca0   0x00000036   Code   RO          383    .text.dma_channel_enable  gd32f10x_dma.o
    0x08001cd6   0x08001cd6   0x00000002   PAD
    0x08001cd8   0x08001cd8   0x00000036   Code   RO          377    .text.dma_circulation_disable  gd32f10x_dma.o
    0x08001d0e   0x08001d0e   0x00000002   PAD
    0x08001d10   0x08001d10   0x0000008c   Code   RO          367    .text.dma_deinit    gd32f10x_dma.o
    0x08001d9c   0x08001d9c   0x00000148   Code   RO          373    .text.dma_init      gd32f10x_dma.o
    0x08001ee4   0x08001ee4   0x00000034   Code   RO          389    .text.dma_memory_address_config  gd32f10x_dma.o
    0x08001f18   0x08001f18   0x0000003a   Code   RO          369    .text.dma_periph_and_channel_check  gd32f10x_dma.o
    0x08001f52   0x08001f52   0x00000002   PAD
    0x08001f54   0x08001f54   0x00000036   Code   RO          391    .text.dma_transfer_number_config  gd32f10x_dma.o
    0x08001f8a   0x08001f8a   0x00000002   PAD
    0x08001f8c   0x08001f8c   0x00000030   Code   RO          393    .text.dma_transfer_number_get  gd32f10x_dma.o
    0x08001fbc   0x08001fbc   0x00000010   Code   RO          139    .text.gpio_bit_reset  gd32f10x_gpio.o
    0x08001fcc   0x08001fcc   0x00000010   Code   RO          137    .text.gpio_bit_set  gd32f10x_gpio.o
    0x08001fdc   0x08001fdc   0x00000166   Code   RO          135    .text.gpio_init     gd32f10x_gpio.o
    0x08002142   0x08002142   0x00000002   PAD
    0x08002144   0x08002144   0x0000002a   Code   RO          145    .text.gpio_input_bit_get  gd32f10x_gpio.o
    0x0800216e   0x0800216e   0x00000002   PAD
    0x08002170   0x08002170   0x000000a2   Code   RO            2    .text.main          main.o
    0x08002212   0x08002212   0x00000002   PAD
    0x08002214   0x08002214   0x000000f2   Code   RO          174    .text.nvic_irq_enable  gd32f10x_misc.o
    0x08002306   0x08002306   0x00000002   PAD
    0x08002308   0x08002308   0x0000001c   Code   RO          172    .text.nvic_priority_group_set  gd32f10x_misc.o
    0x08002324   0x08002324   0x00000028   Code   RO          178    .text.nvic_vector_table_set  gd32f10x_misc.o
    0x0800234c   0x0800234c   0x0000019a   Code   RO          263    .text.rcu_clock_freq_get  gd32f10x_rcu.o
    0x080024e6   0x080024e6   0x00000002   PAD
    0x080024e8   0x080024e8   0x00000028   Code   RO          197    .text.rcu_periph_clock_enable  gd32f10x_rcu.o
    0x08002510   0x08002510   0x00000028   Code   RO          207    .text.rcu_periph_reset_disable  gd32f10x_rcu.o
    0x08002538   0x08002538   0x00000028   Code   RO          205    .text.rcu_periph_reset_enable  gd32f10x_rcu.o
    0x08002560   0x08002560   0x00000112   Code   RO           22    .text.system_clock_108m_hxtal  system_gd32f10x.o
    0x08002672   0x08002672   0x00000002   PAD
    0x08002674   0x08002674   0x00000008   Code   RO           18    .text.system_clock_config  system_gd32f10x.o
    0x0800267c   0x0800267c   0x00000034   Code   RO          184    .text.systick_clksource_set  gd32f10x_misc.o
    0x080026b0   0x080026b0   0x000000ba   Code   RO           74    .text.u0_printf     ustart.o
    0x0800276a   0x0800276a   0x00000002   PAD
    0x0800276c   0x0800276c   0x000000ca   Code   RO          276    .text.usart_baudrate_set  gd32f10x_usart.o
    0x08002836   0x08002836   0x00000002   PAD
    0x08002838   0x08002838   0x00000010   Code   RO          294    .text.usart_data_receive  gd32f10x_usart.o
    0x08002848   0x08002848   0x00000018   Code   RO          292    .text.usart_data_transmit  gd32f10x_usart.o
    0x08002860   0x08002860   0x000000b8   Code   RO          274    .text.usart_deinit  gd32f10x_usart.o
    0x08002918   0x08002918   0x00000026   Code   RO          344    .text.usart_dma_receive_config  gd32f10x_usart.o
    0x0800293e   0x0800293e   0x00000002   PAD
    0x08002940   0x08002940   0x00000012   Code   RO          284    .text.usart_enable  gd32f10x_usart.o
    0x08002952   0x08002952   0x00000002   PAD
    0x08002954   0x08002954   0x0000003a   Code   RO          348    .text.usart_flag_get  gd32f10x_usart.o
    0x0800298e   0x0800298e   0x00000002   PAD
    0x08002990   0x08002990   0x00000022   Code   RO          352    .text.usart_interrupt_enable  gd32f10x_usart.o
    0x080029b2   0x080029b2   0x00000002   PAD
    0x080029b4   0x080029b4   0x0000005e   Code   RO          356    .text.usart_interrupt_flag_get  gd32f10x_usart.o
    0x08002a12   0x08002a12   0x00000002   PAD
    0x08002a14   0x08002a14   0x0000001e   Code   RO          278    .text.usart_parity_config  gd32f10x_usart.o
    0x08002a32   0x08002a32   0x00000002   PAD
    0x08002a34   0x08002a34   0x0000002a   Code   RO          290    .text.usart_receive_config  gd32f10x_usart.o
    0x08002a5e   0x08002a5e   0x00000002   PAD
    0x08002a60   0x08002a60   0x0000001e   Code   RO          282    .text.usart_stop_bit_set  gd32f10x_usart.o
    0x08002a7e   0x08002a7e   0x00000002   PAD
    0x08002a80   0x08002a80   0x0000002a   Code   RO          288    .text.usart_transmit_config  gd32f10x_usart.o
    0x08002aaa   0x08002aaa   0x00000002   PAD
    0x08002aac   0x08002aac   0x0000001e   Code   RO          280    .text.usart_word_length_set  gd32f10x_usart.o
    0x08002aca   0x08002aca   0x0000003e   Code   RO          588    CL$$btod_d2e        c_w.l(btod.o)
    0x08002b08   0x08002b08   0x00000046   Code   RO          590    CL$$btod_d2e_denorm_low  c_w.l(btod.o)
    0x08002b4e   0x08002b4e   0x00000060   Code   RO          589    CL$$btod_d2e_norm_op1  c_w.l(btod.o)
    0x08002bae   0x08002bae   0x00000002   PAD
    0x08002bb0   0x08002bb0   0x00000338   Code   RO          598    CL$$btod_div_common  c_w.l(btod.o)
    0x08002ee8   0x08002ee8   0x000000dc   Code   RO          595    CL$$btod_e2e        c_w.l(btod.o)
    0x08002fc4   0x08002fc4   0x0000002a   Code   RO          592    CL$$btod_ediv       c_w.l(btod.o)
    0x08002fee   0x08002fee   0x0000002a   Code   RO          591    CL$$btod_emul       c_w.l(btod.o)
    0x08003018   0x08003018   0x00000244   Code   RO          597    CL$$btod_mult_common  c_w.l(btod.o)
    0x0800325c   0x0800325c   0x00000028   Code   RO          626    i.__ARM_fpclassify  m_ws.l(fpclassify.o)
    0x08003284   0x08003284   0x0000000e   Code   RO          498    i._is_digit         c_w.l(__printf_wp.o)
    0x08003292   0x08003292   0x00000002   PAD
    0x08003294   0x08003294   0x0000002c   Code   RO          613    locale$$code        c_w.l(lc_numeric_c.o)
    0x080032c0   0x080032c0   0x0000002c   Code   RO          636    locale$$code        c_w.l(lc_ctype_c.o)
    0x080032ec   0x080032ec   0x00000004   Code   RO          531    x$fpl$printf1       fz_ws.l(printf1.o)
    0x080032f0   0x080032f0   0x00000004   Code   RO          533    x$fpl$printf2       fz_ws.l(printf2.o)
    0x080032f4   0x080032f4   0x00000000   Code   RO          625    x$fpl$usenofp       fz_ws.l(usenofp.o)
    0x080032f4   0x080032f4   0x00000008   Data   RO          457    .constdata          c_w.l(_printf_wctomb.o)
    0x080032fc   0x080032fc   0x00000028   Data   RO          486    .constdata          c_w.l(_printf_hex_int_ll_ptr.o)
    0x08003324   0x08003324   0x00000011   Data   RO          506    .constdata          c_w.l(__printf_flags_ss_wp.o)
    0x08003335   0x08003335   0x00000026   Data   RO          563    .constdata          c_w.l(_printf_fp_hex.o)
    0x0800335b   0x0800335b   0x00000001   PAD
    0x0800335c   0x0800335c   0x00000094   Data   RO          586    .constdata          c_w.l(bigflt0.o)
    0x080033f0   0x080033f0   0x0000000e   Data   RO            6    .rodata.str1.1      main.o
    0x080033fe   0x080033fe   0x00000002   PAD
    0x08003400   0x08003400   0x00000010   Data   RO          773    Region$$Table       anon$$obj.o
    0x08003410   0x08003410   0x0000001c   Data   RO          612    locale$$data        c_w.l(lc_numeric_c.o)
    0x0800342c   0x0800342c   0x00000110   Data   RO          635    locale$$data        c_w.l(lc_ctype_c.o)


    Execution Region RW_IRAM1 (Exec base: 0x20000000, Load base: 0x0800353c, Size: 0x000017c0, Max: 0x00005000, ABSOLUTE)

    Exec Addr    Load Addr    Size         Type   Attr      Idx    E Section Name        Object

    0x20000000        -       0x00000060   Zero   RW          629    .bss                c_w.l(libspace.o)
    0x20000060        -       0x00000060   Zero   RW           77    .bss.U0CB           ustart.o
    0x200000c0        -       0x00000800   Zero   RW           76    .bss.U0_RX_BUFFER   ustart.o
    0x200008c0        -       0x00000800   Zero   RW           78    .bss.U0_TX_BUFFER   ustart.o
    0x200010c0        -       0x00000100   Zero   RW            5    .bss.rbuff          main.o
    0x200011c0        -       0x00000200   Zero   RW           32    HEAP                startup_gd32f10x_md.o
    0x200013c0        -       0x00000400   Zero   RW           31    STACK               startup_gd32f10x_md.o


==============================================================================

Image component sizes


      Code (inc. data)   RO Data    RW Data    ZI Data      Debug   Object Name

       142          0          0          0          0       1043   delay.o
       842          0          0          0          0       6411   gd32f10x_dma.o
       432          0          0          0          0       4910   gd32f10x_gpio.o
       306          0          0          0          0       1893   gd32f10x_it.o
       362          0          0          0          0       4125   gd32f10x_misc.o
       530          4          0          0          0       9706   gd32f10x_rcu.o
       842          0          0          0          0       8171   gd32f10x_usart.o
       772          0          0          0          0       2287   iic.o
       300          0          0          0          0       1259   m24c02.o
       162          0         14          0        256        772   main.o
        64         26        260          0       1536        868   startup_gd32f10x_md.o
       658          0          0          0          0       1606   system_gd32f10x.o
       514          0          0          0       4192       4541   ustart.o

    ----------------------------------------------------------------------
      5990         30        292          0       5984      47592   Object Totals
         0          0         16          0          0          0   (incl. Generated)
        64          0          2          0          0          0   (incl. Padding)

    ----------------------------------------------------------------------

      Code (inc. data)   RO Data    RW Data    ZI Data      Debug   Library Member Name

         8          0          0          0          0         68   __main.o
       392          4         17          0          0         92   __printf_flags_ss_wp.o
        14          0          0          0          0         68   __printf_wp.o
         0          0          0          0          0          0   __rtentry.o
        12          0          0          0          0          0   __rtentry2.o
         6          0          0          0          0          0   __rtentry4.o
        52          8          0          0          0          0   __scatter.o
        28          0          0          0          0          0   __scatter_zi.o
        72          0          0          0          0         96   _c16rtomb.o
         6          0          0          0          0          0   _printf_a.o
         6          0          0          0          0          0   _printf_c.o
        44          0          0          0          0        108   _printf_char.o
        48          6          0          0          0         96   _printf_char_common.o
        40          0          0          0          0         68   _printf_charcount.o
         6          0          0          0          0          0   _printf_d.o
       120         16          0          0          0         92   _printf_dec.o
         6          0          0          0          0          0   _printf_e.o
         6          0          0          0          0          0   _printf_f.o
      1052          0          0          0          0        148   _printf_fp_dec.o
       764          8         38          0          0        100   _printf_fp_hex.o
       128         16          0          0          0         84   _printf_fp_infnan.o
         6          0          0          0          0          0   _printf_g.o
       148          4         40          0          0        160   _printf_hex_int_ll_ptr.o
         6          0          0          0          0          0   _printf_i.o
       178          0          0          0          0         88   _printf_intcommon.o
        10          0          0          0          0          0   _printf_l.o
         6          0          0          0          0          0   _printf_lc.o
        10          0          0          0          0          0   _printf_ll.o
         6          0          0          0          0          0   _printf_lld.o
         6          0          0          0          0          0   _printf_lli.o
         6          0          0          0          0          0   _printf_llo.o
         6          0          0          0          0          0   _printf_llu.o
         6          0          0          0          0          0   _printf_llx.o
       124         16          0          0          0         92   _printf_longlong_dec.o
         6          0          0          0          0          0   _printf_ls.o
         6          0          0          0          0          0   _printf_n.o
         6          0          0          0          0          0   _printf_o.o
       112          8          0          0          0        124   _printf_oct_int_ll.o
         6          0          0          0          0          0   _printf_p.o
        78          0          0          0          0        108   _printf_pad.o
         0          0          0          0          0          0   _printf_percent.o
         4          0          0          0          0          0   _printf_percent_end.o
         6          0          0          0          0          0   _printf_s.o
        82          0          0          0          0         80   _printf_str.o
        36          0          0          0          0         84   _printf_truncate.o
         6          0          0          0          0          0   _printf_u.o
        44          0          0          0          0        108   _printf_wchar.o
       188          6          8          0          0         92   _printf_wctomb.o
         6          0          0          0          0          0   _printf_x.o
        10          0          0          0          0         68   _sputc.o
       228          4        148          0          0         96   bigflt0.o
      1936        128          0          0          0        668   btod.o
        18          0          0          0          0         80   exit.o
         6          0          0          0          0        152   heapauxi.o
         0          0          0          0          0          0   indicate_semi.o
        44         10        272          0          0         76   lc_ctype_c.o
        44         10         28          0          0         76   lc_numeric_c.o
         2          0          0          0          0          0   libinit.o
        30          0          0          0          0          0   libinit2.o
         2          0          0          0          0          0   libshutdown.o
         2          0          0          0          0          0   libshutdown2.o
         8          4          0          0         96         68   libspace.o
       138          0          0          0          0         80   lludiv10.o
        16          4          0          0          0         76   rt_ctype_table.o
         8          4          0          0          0         68   rt_locale_intlibspace.o
         2          0          0          0          0          0   rtexit.o
        10          0          0          0          0          0   rtexit2.o
       128          0          0          0          0         68   strcmpv7m.o
        62          0          0          0          0         76   strlen.o
        12          4          0          0          0         68   sys_exit.o
        74          0          0          0          0         80   sys_stackheap_outer.o
         2          0          0          0          0         68   use_no_semi.o
        36          4          0          0          0         76   vsprintf.o
         4          0          0          0          0         68   printf1.o
         4          0          0          0          0         68   printf2.o
         0          0          0          0          0          0   usenofp.o
        40          0          0          0          0         68   fpclassify.o

    ----------------------------------------------------------------------
      6794        264        552          0         96       4104   Library Totals
        14          0          1          0          0          0   (incl. Padding)

    ----------------------------------------------------------------------

      Code (inc. data)   RO Data    RW Data    ZI Data      Debug   Library Name

      6732        264        551          0         96       3900   c_w.l
         8          0          0          0          0        136   fz_ws.l
        40          0          0          0          0         68   m_ws.l

    ----------------------------------------------------------------------
      6794        264        552          0         96       4104   Library Totals

    ----------------------------------------------------------------------

==============================================================================


      Code (inc. data)   RO Data    RW Data    ZI Data      Debug   

     12784        294        844          0       6080      49220   Grand Totals
     12784        294        844          0       6080      49220   ELF Image Totals
     12784        294        844          0          0          0   ROM Totals

==============================================================================

    Total RO  Size (Code + RO Data)                13628 (  13.31kB)
    Total RW  Size (RW Data + ZI Data)              6080 (   5.94kB)
    Total ROM Size (Code + RO Data + RW Data)      13628 (  13.31kB)

==============================================================================

