Component: ARM Compiler 5.06 update 6 (build 750) Tool: armlink [4d35ed]

==============================================================================

Section Cross References

    main.o(i.main) refers to delay.o(i.Delay_Init) for Delay_Init
    main.o(i.main) refers to ustart.o(i.Usart0_Init) for Usart0_Init
    main.o(i.main) refers to iic.o(i.IIC_Init) for IIC_Init
    main.o(i.main) refers to m24c02.o(i.M24C02_WriteByte) for M24C02_WriteByte
    main.o(i.main) refers to ustart.o(i.u0_printf) for u0_printf
    main.o(i.main) refers to delay.o(i.Delay_Ms) for Delay_Ms
    main.o(i.main) refers to m24c02.o(i.M24C02_ReadData) for M24C02_ReadData
    main.o(i.main) refers to m24c02.o(i.M24C02_ReadOTAInfo) for M24C02_ReadOTAInfo
    main.o(i.main) refers to boot.o(i.BootLoader_Brance) for BootLoader_Brance
    main.o(i.main) refers to fmc.o(i.GD32_EraseFlash) for GD32_EraseFlash
    main.o(i.main) refers to w25q64.o(i.W25Q64_Read) for W25Q64_Read
    main.o(i.main) refers to fmc.o(i.GD32_WriteFlash) for GD32_WriteFlash
    main.o(i.main) refers to m24c02.o(i.M24C02_WriteOTAInfo) for M24C02_WriteOTAInfo
    main.o(i.main) refers to main.o(.data) for .data
    main.o(i.main) refers to main.o(.bss) for .bss
    system_gd32f10x.o(i.SystemInit) refers to system_gd32f10x.o(i._soft_delay_) for _soft_delay_
    system_gd32f10x.o(i.SystemInit) refers to system_gd32f10x.o(i.system_clock_config) for system_clock_config
    system_gd32f10x.o(i.SystemInit) refers to gd32f10x_misc.o(i.nvic_vector_table_set) for nvic_vector_table_set
    system_gd32f10x.o(i.system_clock_config) refers to system_gd32f10x.o(i.system_clock_108m_hxtal) for system_clock_108m_hxtal
    startup_gd32f10x_md.o(STACK) refers (Special) to heapauxi.o(.text) for __use_two_region_memory
    startup_gd32f10x_md.o(HEAP) refers (Special) to heapauxi.o(.text) for __use_two_region_memory
    startup_gd32f10x_md.o(RESET) refers (Special) to heapauxi.o(.text) for __use_two_region_memory
    startup_gd32f10x_md.o(RESET) refers to startup_gd32f10x_md.o(STACK) for __initial_sp
    startup_gd32f10x_md.o(RESET) refers to startup_gd32f10x_md.o(.text) for Reset_Handler
    startup_gd32f10x_md.o(RESET) refers to gd32f10x_it.o(i.NMI_Handler) for NMI_Handler
    startup_gd32f10x_md.o(RESET) refers to gd32f10x_it.o(i.HardFault_Handler) for HardFault_Handler
    startup_gd32f10x_md.o(RESET) refers to gd32f10x_it.o(i.MemManage_Handler) for MemManage_Handler
    startup_gd32f10x_md.o(RESET) refers to gd32f10x_it.o(i.BusFault_Handler) for BusFault_Handler
    startup_gd32f10x_md.o(RESET) refers to gd32f10x_it.o(i.UsageFault_Handler) for UsageFault_Handler
    startup_gd32f10x_md.o(RESET) refers to gd32f10x_it.o(i.SVC_Handler) for SVC_Handler
    startup_gd32f10x_md.o(RESET) refers to gd32f10x_it.o(i.DebugMon_Handler) for DebugMon_Handler
    startup_gd32f10x_md.o(RESET) refers to gd32f10x_it.o(i.PendSV_Handler) for PendSV_Handler
    startup_gd32f10x_md.o(RESET) refers to gd32f10x_it.o(i.SysTick_Handler) for SysTick_Handler
    startup_gd32f10x_md.o(RESET) refers to gd32f10x_it.o(i.USART0_IRQHandler) for USART0_IRQHandler
    startup_gd32f10x_md.o(.text) refers (Special) to heapauxi.o(.text) for __use_two_region_memory
    startup_gd32f10x_md.o(.text) refers to system_gd32f10x.o(i.SystemInit) for SystemInit
    startup_gd32f10x_md.o(.text) refers to __main.o(!!!main) for __main
    startup_gd32f10x_md.o(.text) refers to startup_gd32f10x_md.o(HEAP) for Heap_Mem
    startup_gd32f10x_md.o(.text) refers to startup_gd32f10x_md.o(STACK) for Stack_Mem
    gd32f10x_it.o(i.USART0_IRQHandler) refers to gd32f10x_usart.o(i.usart_interrupt_flag_get) for usart_interrupt_flag_get
    gd32f10x_it.o(i.USART0_IRQHandler) refers to gd32f10x_usart.o(i.usart_flag_get) for usart_flag_get
    gd32f10x_it.o(i.USART0_IRQHandler) refers to gd32f10x_usart.o(i.usart_data_receive) for usart_data_receive
    gd32f10x_it.o(i.USART0_IRQHandler) refers to gd32f10x_dma.o(i.dma_transfer_number_get) for dma_transfer_number_get
    gd32f10x_it.o(i.USART0_IRQHandler) refers to gd32f10x_dma.o(i.dma_channel_disable) for dma_channel_disable
    gd32f10x_it.o(i.USART0_IRQHandler) refers to gd32f10x_dma.o(i.dma_transfer_number_config) for dma_transfer_number_config
    gd32f10x_it.o(i.USART0_IRQHandler) refers to gd32f10x_dma.o(i.dma_memory_address_config) for dma_memory_address_config
    gd32f10x_it.o(i.USART0_IRQHandler) refers to gd32f10x_dma.o(i.dma_channel_enable) for dma_channel_enable
    gd32f10x_it.o(i.USART0_IRQHandler) refers to ustart.o(.bss) for U0CB
    ustart.o(i.DMA_Init) refers to gd32f10x_rcu.o(i.rcu_periph_clock_enable) for rcu_periph_clock_enable
    ustart.o(i.DMA_Init) refers to gd32f10x_dma.o(i.dma_deinit) for dma_deinit
    ustart.o(i.DMA_Init) refers to gd32f10x_dma.o(i.dma_init) for dma_init
    ustart.o(i.DMA_Init) refers to gd32f10x_dma.o(i.dma_circulation_disable) for dma_circulation_disable
[...]
    .ARM.Collect$$libinit$$0000001D          0x08000226   Section        0  libinit2.o(.ARM.Collect$$libinit$$0000001D)
    .ARM.Collect$$libinit$$0000001F          0x08000226   Section        0  libinit2.o(.ARM.Collect$$libinit$$0000001F)
    .ARM.Collect$$libinit$$00000021          0x08000226   Section        0  libinit2.o(.ARM.Collect$$libinit$$00000021)
    .ARM.Collect$$libinit$$00000023          0x08000226   Section        0  libinit2.o(.ARM.Collect$$libinit$$00000023)
    .ARM.Collect$$libinit$$00000025          0x08000226   Section        0  libinit2.o(.ARM.Collect$$libinit$$00000025)
    .ARM.Collect$$libinit$$0000002C          0x08000226   Section        0  libinit2.o(.ARM.Collect$$libinit$$0000002C)
    .ARM.Collect$$libinit$$0000002E          0x08000226   Section        0  libinit2.o(.ARM.Collect$$libinit$$0000002E)
    .ARM.Collect$$libinit$$00000030          0x08000226   Section        0  libinit2.o(.ARM.Collect$$libinit$$00000030)
    .ARM.Collect$$libinit$$00000032          0x08000226   Section        0  libinit2.o(.ARM.Collect$$libinit$$00000032)
    .ARM.Collect$$libinit$$00000033          0x08000226   Section        2  libinit2.o(.ARM.Collect$$libinit$$00000033)
    .ARM.Collect$$libshutdown$$00000000      0x08000228   Section        2  libshutdown.o(.ARM.Collect$$libshutdown$$00000000)
    .ARM.Collect$$libshutdown$$00000002      0x0800022a   Section        0  libshutdown2.o(.ARM.Collect$$libshutdown$$00000002)
    .ARM.Collect$$libshutdown$$00000004      0x0800022a   Section        0  libshutdown2.o(.ARM.Collect$$libshutdown$$00000004)
    .ARM.Collect$$libshutdown$$00000007      0x0800022a   Section        0  libshutdown2.o(.ARM.Collect$$libshutdown$$00000007)
    .ARM.Collect$$libshutdown$$0000000A      0x0800022a   Section        0  libshutdown2.o(.ARM.Collect$$libshutdown$$0000000A)
    .ARM.Collect$$libshutdown$$0000000C      0x0800022a   Section        0  libshutdown2.o(.ARM.Collect$$libshutdown$$0000000C)
    .ARM.Collect$$libshutdown$$0000000F      0x0800022a   Section        0  libshutdown2.o(.ARM.Collect$$libshutdown$$0000000F)
    .ARM.Collect$$libshutdown$$00000010      0x0800022a   Section        2  libshutdown2.o(.ARM.Collect$$libshutdown$$00000010)
    .ARM.Collect$$rtentry$$00000000          0x0800022c   Section        0  __rtentry.o(.ARM.Collect$$rtentry$$00000000)
    .ARM.Collect$$rtentry$$00000002          0x0800022c   Section        0  __rtentry2.o(.ARM.Collect$$rtentry$$00000002)
    .ARM.Collect$$rtentry$$00000004          0x0800022c   Section        6  __rtentry4.o(.ARM.Collect$$rtentry$$00000004)
    .ARM.Collect$$rtentry$$00000009          0x08000232   Section        0  __rtentry2.o(.ARM.Collect$$rtentry$$00000009)
    .ARM.Collect$$rtentry$$0000000A          0x08000232   Section        4  __rtentry2.o(.ARM.Collect$$rtentry$$0000000A)
    .ARM.Collect$$rtentry$$0000000C          0x08000236   Section        0  __rtentry2.o(.ARM.Collect$$rtentry$$0000000C)
    .ARM.Collect$$rtentry$$0000000D          0x08000236   Section        8  __rtentry2.o(.ARM.Collect$$rtentry$$0000000D)
    .ARM.Collect$$rtexit$$00000000           0x0800023e   Section        2  rtexit.o(.ARM.Collect$$rtexit$$00000000)
    .ARM.Collect$$rtexit$$00000002           0x08000240   Section        0  rtexit2.o(.ARM.Collect$$rtexit$$00000002)
    .ARM.Collect$$rtexit$$00000003           0x08000240   Section        4  rtexit2.o(.ARM.Collect$$rtexit$$00000003)
    .ARM.Collect$$rtexit$$00000004           0x08000244   Section        6  rtexit2.o(.ARM.Collect$$rtexit$$00000004)
    .emb_text                                0x0800024c   Section        6  boot.o(.emb_text)
    .text                                    0x08000254   Section       64  startup_gd32f10x_md.o(.text)
    .text                                    0x08000294   Section        0  vsprintf.o(.text)
    .text                                    0x080002b8   Section        0  strlen.o(.text)
    .text                                    0x080002f6   Section       78  rt_memclr_w.o(.text)
    .text                                    0x08000344   Section        0  heapauxi.o(.text)
    .text                                    0x0800034a   Section        0  _printf_pad.o(.text)
    .text                                    0x08000398   Section        0  _printf_truncate.o(.text)
    .text                                    0x080003bc   Section        0  _printf_str.o(.text)
    .text                                    0x08000410   Section        0  _printf_dec.o(.text)
    .text                                    0x08000488   Section        0  _printf_charcount.o(.text)
    .text                                    0x080004b0   Section        0  _printf_char_common.o(.text)
    _printf_input_char                       0x080004b1   Thumb Code    10  _printf_char_common.o(.text)
    .text                                    0x080004e0   Section        0  _sputc.o(.text)
    .text                                    0x080004ec   Section        0  _printf_wctomb.o(.text)
    .text                                    0x080005a8   Section        0  _printf_longlong_dec.o(.text)
    .text                                    0x08000624   Section        0  _printf_oct_int_ll.o(.text)
    _printf_longlong_oct_internal            0x08000625   Thumb Code     0  _printf_oct_int_ll.o(.text)
    .text                                    0x08000694   Section        0  _printf_hex_int_ll_ptr.o(.text)
    _printf_hex_common                       0x08000695   Thumb Code     0  _printf_hex_int_ll_ptr.o(.text)
    .text                                    0x08000728   Section        0  __printf_flags_ss_wp.o(.text)
    .text                                    0x080008b0   Section      138  lludiv10.o(.text)
    .text                                    0x0800093a   Section        0  _printf_intcommon.o(.text)
    .text                                    0x080009ec   Section        0  _printf_fp_dec.o(.text)
    _fp_digits                               0x080009ef   Thumb Code   432  _printf_fp_dec.o(.text)
    .text                                    0x08000e0c   Section        0  _printf_fp_hex.o(.text)
    .text                                    0x08001108   Section        0  _printf_char.o(.text)
    .text                                    0x08001134   Section        0  _printf_wchar.o(.text)
    .text                                    0x08001160   Section        0  _wcrtomb.o(.text)
    .text                                    0x080011a0   Section       74  sys_stackheap_outer.o(.text)
    .text                                    0x080011ec   Section       16  rt_ctype_table.o(.text)
    .text                                    0x080011fc   Section        8  rt_locale_intlibspace.o(.text)
    .text                                    0x08001204   Section        0  _printf_fp_infnan.o(.text)
    .text                                    0x08001284   Section        0  bigflt0.o(.text)
    .text                                    0x08001368   Section        0  exit.o(.text)
    .text                                    0x0800137c   Section        8  libspace.o(.text)
    .text                                    0x08001384   Section      128  strcmpv7m.o(.text)
    .text                                    0x08001404   Section        0  sys_exit.o(.text)
    .text                                    0x08001410   Section        2  use_no_semi.o(.text)
    .text                                    0x08001412   Section        0  indicate_semi.o(.text)
    CL$$btod_d2e                             0x08001412   Section       62  btod.o(CL$$btod_d2e)
    CL$$btod_d2e_denorm_low                  0x08001450   Section       70  btod.o(CL$$btod_d2e_denorm_low)
    CL$$btod_d2e_norm_op1                    0x08001496   Section       96  btod.o(CL$$btod_d2e_norm_op1)
    CL$$btod_div_common                      0x080014f6   Section      824  btod.o(CL$$btod_div_common)
    CL$$btod_e2e                             0x0800182e   Section      220  btod.o(CL$$btod_e2e)
    CL$$btod_ediv                            0x0800190a   Section       42  btod.o(CL$$btod_ediv)
    CL$$btod_emul                            0x08001934   Section       42  btod.o(CL$$btod_emul)
    CL$$btod_mult_common                     0x0800195e   Section      580  btod.o(CL$$btod_mult_common)
    i.BootLoader_Brance                      0x08001ba4   Section        0  boot.o(i.BootLoader_Brance)
    i.BootLoader_Clear                       0x08001bfc   Section        0  boot.o(i.BootLoader_Clear)
    i.BusFault_Handler                       0x08001c20   Section        0  gd32f10x_it.o(i.BusFault_Handler)
    i.DMA_Init                               0x08001c24   Section        0  ustart.o(i.DMA_Init)
    i.DebugMon_Handler                       0x08001c8c   Section        0  gd32f10x_it.o(i.DebugMon_Handler)
    i.Delay_Init                             0x08001c8e   Section        0  delay.o(i.Delay_Init)
    i.Delay_Ms                               0x08001c94   Section        0  delay.o(i.Delay_Ms)
    i.Delay_Us                               0x08001cac   Section        0  delay.o(i.Delay_Us)
    i.GD32_EraseFlash                        0x08001cd2   Section        0  fmc.o(i.GD32_EraseFlash)
    i.GD32_WriteFlash                        0x08001cfe   Section        0  fmc.o(i.GD32_WriteFlash)
    i.HardFault_Handler                      0x08001d26   Section        0  gd32f10x_it.o(i.HardFault_Handler)
    i.IIC_Init                               0x08001d28   Section        0  iic.o(i.IIC_Init)
    i.IIC_Read_Byte                          0x08001d64   Section        0  iic.o(i.IIC_Read_Byte)
    i.IIC_Send_Byte                          0x08001e18   Section        0  iic.o(i.IIC_Send_Byte)
    i.IIC_Start                              0x08001e7c   Section        0  iic.o(i.IIC_Start)
    i.IIC_Stop                               0x08001eb4   Section        0  iic.o(i.IIC_Stop)
    i.IIC_Wait_ACK                           0x08001ee0   Section        0  iic.o(i.IIC_Wait_ACK)
    i.LOAD_A                                 0x08001f3c   Section        0  boot.o(i.LOAD_A)
    i.M24C02_ReadData                        0x08001f68   Section        0  m24c02.o(i.M24C02_ReadData)
    i.M24C02_ReadOTAInfo                     0x08001fdc   Section        0  m24c02.o(i.M24C02_ReadOTAInfo)
    i.M24C02_WriteByte                       0x08001ff8   Section        0  m24c02.o(i.M24C02_WriteByte)
    i.M24C02_WriteOTAInfo                    0x08002040   Section        0  m24c02.o(i.M24C02_WriteOTAInfo)
    i.M24C02_WritePage                       0x08002068   Section        0  m24c02.o(i.M24C02_WritePage)
    i.MemManage_Handler                      0x080020bc   Section        0  gd32f10x_it.o(i.MemManage_Handler)
    i.NMI_Handler                            0x080020be   Section        0  gd32f10x_it.o(i.NMI_Handler)
    i.PendSV_Handler                         0x080020c0   Section        0  gd32f10x_it.o(i.PendSV_Handler)
    i.SPI0_Read                              0x080020c2   Section        0  spi.o(i.SPI0_Read)
    i.SPI0_ReadWriteByte                     0x080020e0   Section        0  spi.o(i.SPI0_ReadWriteByte)
    i.SPI0_Write                             0x08002114   Section        0  spi.o(i.SPI0_Write)
    i.SVC_Handler                            0x0800212e   Section        0  gd32f10x_it.o(i.SVC_Handler)
    i.SysTick_Handler                        0x08002130   Section        0  gd32f10x_it.o(i.SysTick_Handler)
    i.SystemInit                             0x08002134   Section        0  system_gd32f10x.o(i.SystemInit)
    i.U0Rx_PtrInit                           0x08002218   Section        0  ustart.o(i.U0Rx_PtrInit)
    i.USART0_IRQHandler                      0x08002238   Section        0  gd32f10x_it.o(i.USART0_IRQHandler)
    i.UsageFault_Handler                     0x080022e8   Section        0  gd32f10x_it.o(i.UsageFault_Handler)
    i.Usart0_Init                            0x080022ec   Section        0  ustart.o(i.Usart0_Init)
    i.W25Q64_Read                            0x08002394   Section        0  w25q64.o(i.W25Q64_Read)
    i.W25Q64_WaitBusy                        0x080023dc   Section        0  w25q64.o(i.W25Q64_WaitBusy)
    i.__ARM_fpclassify                       0x08002408   Section        0  fpclassify.o(i.__ARM_fpclassify)
    i._is_digit                              0x08002430   Section        0  __printf_wp.o(i._is_digit)
    i._soft_delay_                           0x0800243e   Section        0  system_gd32f10x.o(i._soft_delay_)
    _soft_delay_                             0x0800243f   Thumb Code    28  system_gd32f10x.o(i._soft_delay_)
    i.dma_channel_disable                    0x0800245a   Section        0  gd32f10x_dma.o(i.dma_channel_disable)
    i.dma_channel_enable                     0x0800247e   Section        0  gd32f10x_dma.o(i.dma_channel_enable)
    i.dma_circulation_disable                0x080024a2   Section        0  gd32f10x_dma.o(i.dma_circulation_disable)
    i.dma_deinit                             0x080024c6   Section        0  gd32f10x_dma.o(i.dma_deinit)
    i.dma_init                               0x08002500   Section        0  gd32f10x_dma.o(i.dma_init)
    i.dma_memory_address_config              0x08002586   Section        0  gd32f10x_dma.o(i.dma_memory_address_config)
    i.dma_periph_and_channel_check           0x080025a8   Section        0  gd32f10x_dma.o(i.dma_periph_and_channel_check)
    dma_periph_and_channel_check             0x080025a9   Thumb Code    18  gd32f10x_dma.o(i.dma_periph_and_channel_check)
    i.dma_transfer_number_config             0x080025c0   Section        0  gd32f10x_dma.o(i.dma_transfer_number_config)
    i.dma_transfer_number_get                0x080025e2   Section        0  gd32f10x_dma.o(i.dma_transfer_number_get)
    i.fmc_bank0_ready_wait                   0x08002600   Section        0  gd32f10x_fmc.o(i.fmc_bank0_ready_wait)
    i.fmc_bank0_state_get                    0x0800261c   Section        0  gd32f10x_fmc.o(i.fmc_bank0_state_get)
    i.fmc_bank1_ready_wait                   0x08002644   Section        0  gd32f10x_fmc.o(i.fmc_bank1_ready_wait)
    i.fmc_bank1_state_get                    0x08002660   Section        0  gd32f10x_fmc.o(i.fmc_bank1_state_get)
    i.fmc_lock                               0x08002688   Section        0  gd32f10x_fmc.o(i.fmc_lock)
    i.fmc_page_erase                         0x080026b0   Section        0  gd32f10x_fmc.o(i.fmc_page_erase)
    i.fmc_unlock                             0x08002770   Section        0  gd32f10x_fmc.o(i.fmc_unlock)
    i.fmc_word_program                       0x080027a8   Section        0  gd32f10x_fmc.o(i.fmc_word_program)
    i.gpio_bit_reset                         0x0800283c   Section        0  gd32f10x_gpio.o(i.gpio_bit_reset)
    i.gpio_bit_set                           0x08002840   Section        0  gd32f10x_gpio.o(i.gpio_bit_set)
    i.gpio_deinit                            0x08002844   Section        0  gd32f10x_gpio.o(i.gpio_deinit)
    i.gpio_init                              0x08002908   Section        0  gd32f10x_gpio.o(i.gpio_init)
    i.gpio_input_bit_get                     0x0800299c   Section        0  gd32f10x_gpio.o(i.gpio_input_bit_get)
    i.main                                   0x080029ac   Section        0  main.o(i.main)
    i.nvic_irq_enable                        0x08002b14   Section        0  gd32f10x_misc.o(i.nvic_irq_enable)
    i.nvic_priority_group_set                0x08002ba4   Section        0  gd32f10x_misc.o(i.nvic_priority_group_set)
    i.nvic_vector_table_set                  0x08002bb8   Section        0  gd32f10x_misc.o(i.nvic_vector_table_set)
    i.rcu_clock_freq_get                     0x08002bd0   Section        0  gd32f10x_rcu.o(i.rcu_clock_freq_get)
    i.rcu_periph_clock_enable                0x08002cbc   Section        0  gd32f10x_rcu.o(i.rcu_periph_clock_enable)
    i.rcu_periph_reset_disable               0x08002cd8   Section        0  gd32f10x_rcu.o(i.rcu_periph_reset_disable)
    i.rcu_periph_reset_enable                0x08002cf4   Section        0  gd32f10x_rcu.o(i.rcu_periph_reset_enable)
    i.spi_i2s_data_receive                   0x08002d10   Section        0  gd32f10x_spi.o(i.spi_i2s_data_receive)
    i.spi_i2s_data_transmit                  0x08002d16   Section        0  gd32f10x_spi.o(i.spi_i2s_data_transmit)
    i.spi_i2s_flag_get                       0x08002d1a   Section        0  gd32f10x_spi.o(i.spi_i2s_flag_get)
    i.system_clock_108m_hxtal                0x08002d28   Section        0  system_gd32f10x.o(i.system_clock_108m_hxtal)
    system_clock_108m_hxtal                  0x08002d29   Thumb Code   138  system_gd32f10x.o(i.system_clock_108m_hxtal)
    i.system_clock_config                    0x08002dc0   Section        0  system_gd32f10x.o(i.system_clock_config)
    system_clock_config                      0x08002dc1   Thumb Code     4  system_gd32f10x.o(i.system_clock_config)
    i.systick_clksource_set                  0x08002dc4   Section        0  gd32f10x_misc.o(i.systick_clksource_set)
    i.u0_printf                              0x08002de0   Section        0  ustart.o(i.u0_printf)
    i.usart_baudrate_set                     0x08002e40   Section        0  gd32f10x_usart.o(i.usart_baudrate_set)
    i.usart_data_receive                     0x08002eb0   Section        0  gd32f10x_usart.o(i.usart_data_receive)
    i.usart_data_transmit                    0x08002eb8   Section        0  gd32f10x_usart.o(i.usart_data_transmit)
    i.usart_deinit                           0x08002ec0   Section        0  gd32f10x_usart.o(i.usart_deinit)
    i.usart_dma_receive_config               0x08002f50   Section        0  gd32f10x_usart.o(i.usart_dma_receive_config)
    i.usart_enable                           0x08002f64   Section        0  gd32f10x_usart.o(i.usart_enable)
    i.usart_flag_get                         0x08002f6e   Section        0  gd32f10x_usart.o(i.usart_flag_get)
    i.usart_interrupt_enable                 0x08002f88   Section        0  gd32f10x_usart.o(i.usart_interrupt_enable)
    i.usart_interrupt_flag_get               0x08002f9e   Section        0  gd32f10x_usart.o(i.usart_interrupt_flag_get)
    i.usart_parity_config                    0x08002fd0   Section        0  gd32f10x_usart.o(i.usart_parity_config)
    i.usart_receive_config                   0x08002fe0   Section        0  gd32f10x_usart.o(i.usart_receive_config)
    i.usart_stop_bit_set                     0x08002fec   Section        0  gd32f10x_usart.o(i.usart_stop_bit_set)
    i.usart_transmit_config                  0x08002ffc   Section        0  gd32f10x_usart.o(i.usart_transmit_config)
    i.usart_word_length_set                  0x08003008   Section        0  gd32f10x_usart.o(i.usart_word_length_set)
    locale$$code                             0x08003018   Section       44  lc_numeric_c.o(locale$$code)
    locale$$code                             0x08003044   Section       44  lc_ctype_c.o(locale$$code)
    x$fpl$printf1                            0x08003070   Section        4  printf1.o(x$fpl$printf1)
    x$fpl$printf2                            0x08003074   Section        4  printf2.o(x$fpl$printf2)
    .constdata                               0x08003078   Section        8  _printf_wctomb.o(.constdata)
    x$fpl$usenofp                            0x08003078   Section        0  usenofp.o(x$fpl$usenofp)
    initial_mbstate                          0x08003078   Data           8  _printf_wctomb.o(.constdata)
    .constdata                               0x08003080   Section       40  _printf_hex_int_ll_ptr.o(.constdata)
    uc_hextab                                0x08003080   Data          20  _printf_hex_int_ll_ptr.o(.constdata)
    lc_hextab                                0x08003094   Data          20  _printf_hex_int_ll_ptr.o(.constdata)
    .constdata                               0x080030a8   Section       17  __printf_flags_ss_wp.o(.constdata)
    maptable                                 0x080030a8   Data          17  __printf_flags_ss_wp.o(.constdata)
    .constdata                               0x080030b9   Section       38  _printf_fp_hex.o(.constdata)
    lc_hextab                                0x080030b9   Data          19  _printf_fp_hex.o(.constdata)
    uc_hextab                                0x080030cc   Data          19  _printf_fp_hex.o(.constdata)
    .constdata                               0x080030e0   Section      148  bigflt0.o(.constdata)
    tenpwrs_x                                0x080030e0   Data          60  bigflt0.o(.constdata)
    tenpwrs_i                                0x0800311c   Data          64  bigflt0.o(.constdata)
    locale$$data                             0x08003194   Section       28  lc_numeric_c.o(locale$$data)
    __lcnum_c_name                           0x08003198   Data           2  lc_numeric_c.o(locale$$data)
    __lcnum_c_start                          0x080031a0   Data           0  lc_numeric_c.o(locale$$data)
    __lcnum_c_point                          0x080031ac   Data           0  lc_numeric_c.o(locale$$data)
    __lcnum_c_thousands                      0x080031ae   Data           0  lc_numeric_c.o(locale$$data)
    __lcnum_c_grouping                       0x080031af   Data           0  lc_numeric_c.o(locale$$data)
    locale$$data                             0x080031b0   Section      272  lc_ctype_c.o(locale$$data)
    __lcnum_c_end                            0x080031b0   Data           0  lc_numeric_c.o(locale$$data)
    __lcctype_c_name                         0x080031b4   Data           2  lc_ctype_c.o(locale$$data)
    __lcctype_c_start                        0x080031bc   Data           0  lc_ctype_c.o(locale$$data)
    __lcctype_c_end                          0x080032c0   Data           0  lc_ctype_c.o(locale$$data)
    .data                                    0x20000000   Section       12  main.o(.data)
    .data                                    0x2000000c   Section        4  boot.o(.data)
    .bss                                     0x20000010   Section     1076  main.o(.bss)
    .bss                                     0x20000444   Section     4192  ustart.o(.bss)
    .bss                                     0x200014a4   Section       96  libspace.o(.bss)
    HEAP                                     0x20001508   Section      512  startup_gd32f10x_md.o(HEAP)
    Heap_Mem                                 0x20001508   Data         512  startup_gd32f10x_md.o(HEAP)
    STACK                                    0x20001708   Section     1024  startup_gd32f10x_md.o(STACK)
    Stack_Mem                                0x20001708   Data        1024  startup_gd32f10x_md.o(STACK)
    __initial_sp                             0x20001b08   Data           0  startup_gd32f10x_md.o(STACK)

    Global Symbols

    Symbol Name                              Value     Ov Type        Size  Object(Section)

    BuildAttributes$$THM_ISAv4$P$D$K$B$S$PE$A:L22UL41UL21$X:L11$S22US41US21$IEEE1$IW$USESV6$~STKCKD$USESV7$~SHL$OTIME$ROPI$IEEEJ$EBA8$UX$STANDARDLIB$REQ8$PRES8$EABIv2 0x00000000   Number         0  anon$$obj.o ABSOLUTE
    __ARM_use_no_argv                        0x00000000   Number         0  main.o ABSOLUTE
    _printf_flags                            0x00000000   Number         0  printf_stubs.o ABSOLUTE
    _printf_return_value                     0x00000000   Number         0  printf_stubs.o ABSOLUTE
    _printf_sizespec                         0x00000000   Number         0  printf_stubs.o ABSOLUTE
    _printf_widthprec                        0x00000000   Number         0  printf_stubs.o ABSOLUTE
    __ARM_exceptions_init                     - Undefined Weak Reference
    __alloca_initialize                       - Undefined Weak Reference
    __arm_preinit_                            - Undefined Weak Reference
    __cpp_initialize__aeabi_                  - Undefined Weak Reference
    __cxa_finalize                            - Undefined Weak Reference
    __sigvec_lookup                           - Undefined Weak Reference
    _atexit_init                              - Undefined Weak Reference
    _call_atexit_fns                          - Undefined Weak Reference
    _clock_init                               - Undefined Weak Reference
    _fp_trap_init                             - Undefined Weak Reference
    _fp_trap_shutdown                         - Undefined Weak Reference
    _get_lc_collate                           - Undefined Weak Reference
    _get_lc_monetary                          - Undefined Weak Reference
    _get_lc_time                              - Undefined Weak Reference
    _getenv_init                              - Undefined Weak Reference
    _handle_redirection                       - Undefined Weak Reference
    _init_alloc                               - Undefined Weak Reference
    _init_user_alloc                          - Undefined Weak Reference
    _initio                                   - Undefined Weak Reference
    _printf_mbtowc                            - Undefined Weak Reference
    _printf_wc                                - Undefined Weak Reference
    _rand_init                                - Undefined Weak Reference
    _signal_finish                            - Undefined Weak Reference
    _signal_init                              - Undefined Weak Reference
    _terminate_alloc                          - Undefined Weak Reference
    _terminate_user_alloc                     - Undefined Weak Reference
    _terminateio                              - Undefined Weak Reference
    __Vectors_Size                           0x00000104   Number         0  startup_gd32f10x_md.o ABSOLUTE
    __Vectors                                0x08000000   Data           4  startup_gd32f10x_md.o(RESET)
    __Vectors_End                            0x08000104   Data           0  startup_gd32f10x_md.o(RESET)
    __main                                   0x08000105   Thumb Code     8  __main.o(!!!main)
    __scatterload                            0x0800010d   Thumb Code     0  __scatter.o(!!!scatter)
    __scatterload_rt2                        0x0800010d   Thumb Code    44  __scatter.o(!!!scatter)
    __scatterload_rt2_thumb_only             0x0800010d   Thumb Code     0  __scatter.o(!!!scatter)
    __scatterload_null                       0x0800011b   Thumb Code     0  __scatter.o(!!!scatter)
    __scatterload_copy                       0x08000141   Thumb Code    26  __scatter_copy.o(!!handler_copy)
    __scatterload_zeroinit                   0x0800015d   Thumb Code    28  __scatter_zi.o(!!handler_zi)
    _printf_n                                0x08000179   Thumb Code     0  _printf_n.o(.ARM.Collect$$_printf_percent$$00000001)
    _printf_percent                          0x08000179   Thumb Code     0  _printf_percent.o(.ARM.Collect$$_printf_percent$$00000000)
    _printf_p                                0x0800017f   Thumb Code     0  _printf_p.o(.ARM.Collect$$_printf_percent$$00000002)
    _printf_f                                0x08000185   Thumb Code     0  _printf_f.o(.ARM.Collect$$_printf_percent$$00000003)
    _printf_e                                0x0800018b   Thumb Code     0  _printf_e.o(.ARM.Collect$$_printf_percent$$00000004)
    _printf_g                                0x08000191   Thumb Code     0  _printf_g.o(.ARM.Collect$$_printf_percent$$00000005)
    _printf_a                                0x08000197   Thumb Code     0  _printf_a.o(.ARM.Collect$$_printf_percent$$00000006)
    _printf_ll                               0x0800019d   Thumb Code     0  _printf_ll.o(.ARM.Collect$$_printf_percent$$00000007)
    _printf_i                                0x080001a7   Thumb Code     0  _printf_i.o(.ARM.Collect$$_printf_percent$$00000008)
    _printf_d                                0x080001ad   Thumb Code     0  _printf_d.o(.ARM.Collect$$_printf_percent$$00000009)
    _printf_u                                0x080001b3   Thumb Code     0  _printf_u.o(.ARM.Collect$$_printf_percent$$0000000A)
    _printf_o                                0x080001b9   Thumb Code     0  _printf_o.o(.ARM.Collect$$_printf_percent$$0000000B)
    _printf_x                                0x080001bf   Thumb Code     0  _printf_x.o(.ARM.Collect$$_printf_percent$$0000000C)
    _printf_lli                              0x080001c5   Thumb Code     0  _printf_lli.o(.ARM.Collect$$_printf_percent$$0000000D)
    _printf_lld                              0x080001cb   Thumb Code     0  _printf_lld.o(.ARM.Collect$$_printf_percent$$0000000E)
    _printf_llu                              0x080001d1   Thumb Code     0  _printf_llu.o(.ARM.Collect$$_printf_percent$$0000000F)
    _printf_llo                              0x080001d7   Thumb Code     0  _printf_llo.o(.ARM.Collect$$_printf_percent$$00000010)
    _printf_llx                              0x080001dd   Thumb Code     0  _printf_llx.o(.ARM.Collect$$_printf_percent$$00000011)
    _printf_l                                0x080001e3   Thumb Code     0  _printf_l.o(.ARM.Collect$$_printf_percent$$00000012)
    _printf_c                                0x080001ed   Thumb Code     0  _printf_c.o(.ARM.Collect$$_printf_percent$$00000013)
    _printf_s                                0x080001f3   Thumb Code     0  _printf_s.o(.ARM.Collect$$_printf_percent$$00000014)
    _printf_lc                               0x080001f9   Thumb Code     0  _printf_lc.o(.ARM.Collect$$_printf_percent$$00000015)
    _printf_ls                               0x080001ff   Thumb Code     0  _printf_ls.o(.ARM.Collect$$_printf_percent$$00000016)
    _printf_percent_end                      0x08000205   Thumb Code     0  _printf_percent_end.o(.ARM.Collect$$_printf_percent$$00000017)
    __rt_lib_init                            0x08000209   Thumb Code     0  libinit.o(.ARM.Collect$$libinit$$00000000)
    __rt_lib_init_fp_1                       0x0800020b   Thumb Code     0  libinit2.o(.ARM.Collect$$libinit$$00000002)
    __rt_lib_init_heap_1                     0x0800020b   Thumb Code     0  libinit2.o(.ARM.Collect$$libinit$$0000000A)
    __rt_lib_init_lc_common                  0x0800020b   Thumb Code     0  libinit2.o(.ARM.Collect$$libinit$$0000000F)
    __rt_lib_init_preinit_1                  0x0800020b   Thumb Code     0  libinit2.o(.ARM.Collect$$libinit$$00000004)
    __rt_lib_init_rand_1                     0x0800020b   Thumb Code     0  libinit2.o(.ARM.Collect$$libinit$$0000000E)
    __rt_lib_init_user_alloc_1               0x0800020b   Thumb Code     0  libinit2.o(.ARM.Collect$$libinit$$0000000C)
    __rt_lib_init_lc_collate_1               0x08000211   Thumb Code     0  libinit2.o(.ARM.Collect$$libinit$$00000011)
    __rt_lib_init_lc_ctype_2                 0x08000211   Thumb Code     0  libinit2.o(.ARM.Collect$$libinit$$00000012)
    __rt_lib_init_lc_ctype_1                 0x0800021d   Thumb Code     0  libinit2.o(.ARM.Collect$$libinit$$00000013)
    __rt_lib_init_lc_monetary_1              0x0800021d   Thumb Code     0  libinit2.o(.ARM.Collect$$libinit$$00000015)
    __rt_lib_init_lc_numeric_2               0x0800021d   Thumb Code     0  libinit2.o(.ARM.Collect$$libinit$$00000016)
    __rt_lib_init_alloca_1                   0x08000227   Thumb Code     0  libinit2.o(.ARM.Collect$$libinit$$0000002E)
    __rt_lib_init_argv_1                     0x08000227   Thumb Code     0  libinit2.o(.ARM.Collect$$libinit$$0000002C)
    __rt_lib_init_atexit_1                   0x08000227   Thumb Code     0  libinit2.o(.ARM.Collect$$libinit$$0000001B)
    __rt_lib_init_clock_1                    0x08000227   Thumb Code     0  libinit2.o(.ARM.Collect$$libinit$$00000021)
    __rt_lib_init_cpp_1                      0x08000227   Thumb Code     0  libinit2.o(.ARM.Collect$$libinit$$00000032)
    __rt_lib_init_exceptions_1               0x08000227   Thumb Code     0  libinit2.o(.ARM.Collect$$libinit$$00000030)
    __rt_lib_init_fp_trap_1                  0x08000227   Thumb Code     0  libinit2.o(.ARM.Collect$$libinit$$0000001F)
    __rt_lib_init_getenv_1                   0x08000227   Thumb Code     0  libinit2.o(.ARM.Collect$$libinit$$00000023)
    __rt_lib_init_lc_numeric_1               0x08000227   Thumb Code     0  libinit2.o(.ARM.Collect$$libinit$$00000017)
    __rt_lib_init_lc_time_1                  0x08000227   Thumb Code     0  libinit2.o(.ARM.Collect$$libinit$$00000019)
    __rt_lib_init_return                     0x08000227   Thumb Code     0  libinit2.o(.ARM.Collect$$libinit$$00000033)
    __rt_lib_init_signal_1                   0x08000227   Thumb Code     0  libinit2.o(.ARM.Collect$$libinit$$0000001D)
    __rt_lib_init_stdio_1                    0x08000227   Thumb Code     0  libinit2.o(.ARM.Collect$$libinit$$00000025)
    __rt_lib_shutdown                        0x08000229   Thumb Code     0  libshutdown.o(.ARM.Collect$$libshutdown$$00000000)
    __rt_lib_shutdown_cpp_1                  0x0800022b   Thumb Code     0  libshutdown2.o(.ARM.Collect$$libshutdown$$00000002)
    __rt_lib_shutdown_fp_trap_1              0x0800022b   Thumb Code     0  libshutdown2.o(.ARM.Collect$$libshutdown$$00000007)
    __rt_lib_shutdown_heap_1                 0x0800022b   Thumb Code     0  libshutdown2.o(.ARM.Collect$$libshutdown$$0000000F)
    __rt_lib_shutdown_return                 0x0800022b   Thumb Code     0  libshutdown2.o(.ARM.Collect$$libshutdown$$00000010)
    __rt_lib_shutdown_signal_1               0x0800022b   Thumb Code     0  libshutdown2.o(.ARM.Collect$$libshutdown$$0000000A)
    __rt_lib_shutdown_stdio_1                0x0800022b   Thumb Code     0  libshutdown2.o(.ARM.Collect$$libshutdown$$00000004)
    __rt_lib_shutdown_user_alloc_1           0x0800022b   Thumb Code     0  libshutdown2.o(.ARM.Collect$$libshutdown$$0000000C)
    __rt_entry                               0x0800022d   Thumb Code     0  __rtentry.o(.ARM.Collect$$rtentry$$00000000)
    __rt_entry_presh_1                       0x0800022d   Thumb Code     0  __rtentry2.o(.ARM.Collect$$rtentry$$00000002)
    __rt_entry_sh                            0x0800022d   Thumb Code     0  __rtentry4.o(.ARM.Collect$$rtentry$$00000004)
    __rt_entry_li                            0x08000233   Thumb Code     0  __rtentry2.o(.ARM.Collect$$rtentry$$0000000A)
    __rt_entry_postsh_1                      0x08000233   Thumb Code     0  __rtentry2.o(.ARM.Collect$$rtentry$$00000009)
    __rt_entry_main                          0x08000237   Thumb Code     0  __rtentry2.o(.ARM.Collect$$rtentry$$0000000D)
    __rt_entry_postli_1                      0x08000237   Thumb Code     0  __rtentry2.o(.ARM.Collect$$rtentry$$0000000C)
    __rt_exit                                0x0800023f   Thumb Code     0  rtexit.o(.ARM.Collect$$rtexit$$00000000)
    __rt_exit_ls                             0x08000241   Thumb Code     0  rtexit2.o(.ARM.Collect$$rtexit$$00000003)
    __rt_exit_prels_1                        0x08000241   Thumb Code     0  rtexit2.o(.ARM.Collect$$rtexit$$00000002)
    __rt_exit_exit                           0x08000245   Thumb Code     0  rtexit2.o(.ARM.Collect$$rtexit$$00000004)
    MSR_SP                                   0x0800024d   Thumb Code     6  boot.o(.emb_text)
    Reset_Handler                            0x08000255   Thumb Code     8  startup_gd32f10x_md.o(.text)
    ADC0_1_IRQHandler                        0x0800026f   Thumb Code     0  startup_gd32f10x_md.o(.text)
    CAN0_EWMC_IRQHandler                     0x0800026f   Thumb Code     0  startup_gd32f10x_md.o(.text)
    CAN0_RX1_IRQHandler                      0x0800026f   Thumb Code     0  startup_gd32f10x_md.o(.text)
    DMA0_Channel0_IRQHandler                 0x0800026f   Thumb Code     0  startup_gd32f10x_md.o(.text)
    DMA0_Channel1_IRQHandler                 0x0800026f   Thumb Code     0  startup_gd32f10x_md.o(.text)
    DMA0_Channel2_IRQHandler                 0x0800026f   Thumb Code     0  startup_gd32f10x_md.o(.text)
    DMA0_Channel3_IRQHandler                 0x0800026f   Thumb Code     0  startup_gd32f10x_md.o(.text)
    DMA0_Channel4_IRQHandler                 0x0800026f   Thumb Code     0  startup_gd32f10x_md.o(.text)
    DMA0_Channel5_IRQHandler                 0x0800026f   Thumb Code     0  startup_gd32f10x_md.o(.text)
    DMA0_Channel6_IRQHandler                 0x0800026f   Thumb Code     0  startup_gd32f10x_md.o(.text)
    EXMC_IRQHandler                          0x0800026f   Thumb Code     0  startup_gd32f10x_md.o(.text)
    EXTI0_IRQHandler                         0x0800026f   Thumb Code     0  startup_gd32f10x_md.o(.text)
    EXTI10_15_IRQHandler                     0x0800026f   Thumb Code     0  startup_gd32f10x_md.o(.text)
    EXTI1_IRQHandler                         0x0800026f   Thumb Code     0  startup_gd32f10x_md.o(.text)
    EXTI2_IRQHandler                         0x0800026f   Thumb Code     0  startup_gd32f10x_md.o(.text)
    EXTI3_IRQHandler                         0x0800026f   Thumb Code     0  startup_gd32f10x_md.o(.text)
    EXTI4_IRQHandler                         0x0800026f   Thumb Code     0  startup_gd32f10x_md.o(.text)
    EXTI5_9_IRQHandler                       0x0800026f   Thumb Code     0  startup_gd32f10x_md.o(.text)
    FMC_IRQHandler                           0x0800026f   Thumb Code     0  startup_gd32f10x_md.o(.text)
    I2C0_ER_IRQHandler                       0x0800026f   Thumb Code     0  startup_gd32f10x_md.o(.text)
    I2C0_EV_IRQHandler                       0x0800026f   Thumb Code     0  startup_gd32f10x_md.o(.text)
    I2C1_ER_IRQHandler                       0x0800026f   Thumb Code     0  startup_gd32f10x_md.o(.text)
    I2C1_EV_IRQHandler                       0x0800026f   Thumb Code     0  startup_gd32f10x_md.o(.text)
    LVD_IRQHandler                           0x0800026f   Thumb Code     0  startup_gd32f10x_md.o(.text)
    RCU_IRQHandler                           0x0800026f   Thumb Code     0  startup_gd32f10x_md.o(.text)
    RTC_Alarm_IRQHandler                     0x0800026f   Thumb Code     0  startup_gd32f10x_md.o(.text)
    RTC_IRQHandler                           0x0800026f   Thumb Code     0  startup_gd32f10x_md.o(.text)
    SPI0_IRQHandler                          0x0800026f   Thumb Code     0  startup_gd32f10x_md.o(.text)
    SPI1_IRQHandler                          0x0800026f   Thumb Code     0  startup_gd32f10x_md.o(.text)
    TAMPER_IRQHandler                        0x0800026f   Thumb Code     0  startup_gd32f10x_md.o(.text)
    TIMER0_BRK_IRQHandler                    0x0800026f   Thumb Code     0  startup_gd32f10x_md.o(.text)
    TIMER0_Channel_IRQHandler                0x0800026f   Thumb Code     0  startup_gd32f10x_md.o(.text)
    TIMER0_TRG_CMT_IRQHandler                0x0800026f   Thumb Code     0  startup_gd32f10x_md.o(.text)
    TIMER0_UP_IRQHandler                     0x0800026f   Thumb Code     0  startup_gd32f10x_md.o(.text)
    TIMER1_IRQHandler                        0x0800026f   Thumb Code     0  startup_gd32f10x_md.o(.text)
    TIMER2_IRQHandler                        0x0800026f   Thumb Code     0  startup_gd32f10x_md.o(.text)
    TIMER3_IRQHandler                        0x0800026f   Thumb Code     0  startup_gd32f10x_md.o(.text)
    USART1_IRQHandler                        0x0800026f   Thumb Code     0  startup_gd32f10x_md.o(.text)
    USART2_IRQHandler                        0x0800026f   Thumb Code     0  startup_gd32f10x_md.o(.text)
    USBD_HP_CAN0_TX_IRQHandler               0x0800026f   Thumb Code     0  startup_gd32f10x_md.o(.text)
    USBD_LP_CAN0_RX0_IRQHandler              0x0800026f   Thumb Code     0  startup_gd32f10x_md.o(.text)
    USBD_WKUP_IRQHandler                     0x0800026f   Thumb Code     0  startup_gd32f10x_md.o(.text)
    WWDGT_IRQHandler                         0x0800026f   Thumb Code     0  startup_gd32f10x_md.o(.text)
    __user_initial_stackheap                 0x08000271   Thumb Code    10  startup_gd32f10x_md.o(.text)
    vsprintf                                 0x08000295   Thumb Code    32  vsprintf.o(.text)
    strlen                                   0x080002b9   Thumb Code    62  strlen.o(.text)
    __aeabi_memclr4                          0x080002f7   Thumb Code     0  rt_memclr_w.o(.text)
    __aeabi_memclr8                          0x080002f7   Thumb Code     0  rt_memclr_w.o(.text)
    __rt_memclr_w                            0x080002f7   Thumb Code    78  rt_memclr_w.o(.text)
    _memset_w                                0x080002fb   Thumb Code     0  rt_memclr_w.o(.text)
    __use_two_region_memory                  0x08000345   Thumb Code     2  heapauxi.o(.text)
    __rt_heap_escrow$2region                 0x08000347   Thumb Code     2  heapauxi.o(.text)
    __rt_heap_expand$2region                 0x08000349   Thumb Code     2  heapauxi.o(.text)
    _printf_pre_padding                      0x0800034b   Thumb Code    44  _printf_pad.o(.text)
    _printf_post_padding                     0x08000377   Thumb Code    34  _printf_pad.o(.text)
    _printf_truncate_signed                  0x08000399   Thumb Code    18  _printf_truncate.o(.text)
    _printf_truncate_unsigned                0x080003ab   Thumb Code    18  _printf_truncate.o(.text)
    _printf_str                              0x080003bd   Thumb Code    82  _printf_str.o(.text)
    _printf_int_dec                          0x08000411   Thumb Code   104  _printf_dec.o(.text)
    _printf_charcount                        0x08000489   Thumb Code    40  _printf_charcount.o(.text)
    _printf_char_common                      0x080004bb   Thumb Code    32  _printf_char_common.o(.text)
    _sputc                                   0x080004e1   Thumb Code    10  _sputc.o(.text)
    _printf_wctomb                           0x080004ed   Thumb Code   182  _printf_wctomb.o(.text)
    _printf_longlong_dec                     0x080005a9   Thumb Code   108  _printf_longlong_dec.o(.text)
    _printf_longlong_oct                     0x08000625   Thumb Code    66  _printf_oct_int_ll.o(.text)
    _printf_int_oct                          0x08000667   Thumb Code    24  _printf_oct_int_ll.o(.text)
    _printf_ll_oct                           0x0800067f   Thumb Code    12  _printf_oct_int_ll.o(.text)
    _printf_longlong_hex                     0x08000695   Thumb Code    86  _printf_hex_int_ll_ptr.o(.text)
    _printf_int_hex                          0x080006eb   Thumb Code    28  _printf_hex_int_ll_ptr.o(.text)
    _printf_ll_hex                           0x08000707   Thumb Code    12  _printf_hex_int_ll_ptr.o(.text)
    _printf_hex_ptr                          0x08000713   Thumb Code    18  _printf_hex_int_ll_ptr.o(.text)
    __printf                                 0x08000729   Thumb Code   388  __printf_flags_ss_wp.o(.text)
    _ll_udiv10                               0x080008b1   Thumb Code   138  lludiv10.o(.text)
    _printf_int_common                       0x0800093b   Thumb Code   178  _printf_intcommon.o(.text)
    __lib_sel_fp_printf                      0x080009ed   Thumb Code     2  _printf_fp_dec.o(.text)
    _printf_fp_dec_real                      0x08000b9f   Thumb Code   620  _printf_fp_dec.o(.text)
    _printf_fp_hex_real                      0x08000e0d   Thumb Code   756  _printf_fp_hex.o(.text)
    _printf_cs_common                        0x08001109   Thumb Code    20  _printf_char.o(.text)
    _printf_char                             0x0800111d   Thumb Code    16  _printf_char.o(.text)
    _printf_string                           0x0800112d   Thumb Code     8  _printf_char.o(.text)
    _printf_lcs_common                       0x08001135   Thumb Code    20  _printf_wchar.o(.text)
    _printf_wchar                            0x08001149   Thumb Code    16  _printf_wchar.o(.text)
    _printf_wstring                          0x08001159   Thumb Code     8  _printf_wchar.o(.text)
    _wcrtomb                                 0x08001161   Thumb Code    64  _wcrtomb.o(.text)
    __user_setup_stackheap                   0x080011a1   Thumb Code    74  sys_stackheap_outer.o(.text)
    __rt_ctype_table                         0x080011ed   Thumb Code    16  rt_ctype_table.o(.text)
    __rt_locale                              0x080011fd   Thumb Code     8  rt_locale_intlibspace.o(.text)
    _printf_fp_infnan                        0x08001205   Thumb Code   112  _printf_fp_infnan.o(.text)
    _btod_etento                             0x08001285   Thumb Code   224  bigflt0.o(.text)
    exit                                     0x08001369   Thumb Code    18  exit.o(.text)
    __user_libspace                          0x0800137d   Thumb Code     8  libspace.o(.text)
    __user_perproc_libspace                  0x0800137d   Thumb Code     0  libspace.o(.text)
    __user_perthread_libspace                0x0800137d   Thumb Code     0  libspace.o(.text)
    strcmp                                   0x08001385   Thumb Code   128  strcmpv7m.o(.text)
    _sys_exit                                0x08001405   Thumb Code     8  sys_exit.o(.text)
    __I$use$semihosting                      0x08001411   Thumb Code     0  use_no_semi.o(.text)
    __use_no_semihosting_swi                 0x08001411   Thumb Code     2  use_no_semi.o(.text)
    __semihosting_library_function           0x08001413   Thumb Code     0  indicate_semi.o(.text)
    _btod_d2e                                0x08001413   Thumb Code    62  btod.o(CL$$btod_d2e)
    _d2e_denorm_low                          0x08001451   Thumb Code    70  btod.o(CL$$btod_d2e_denorm_low)
    _d2e_norm_op1                            0x08001497   Thumb Code    96  btod.o(CL$$btod_d2e_norm_op1)
    __btod_div_common                        0x080014f7   Thumb Code   696  btod.o(CL$$btod_div_common)
    _e2e                                     0x0800182f   Thumb Code   220  btod.o(CL$$btod_e2e)
    _btod_ediv                               0x0800190b   Thumb Code    42  btod.o(CL$$btod_ediv)
    _btod_emul                               0x08001935   Thumb Code    42  btod.o(CL$$btod_emul)
    __btod_mult_common                       0x0800195f   Thumb Code   580  btod.o(CL$$btod_mult_common)
    BootLoader_Brance                        0x08001ba5   Thumb Code    38  boot.o(i.BootLoader_Brance)
    BootLoader_Clear                         0x08001bfd   Thumb Code    24  boot.o(i.BootLoader_Clear)
    BusFault_Handler                         0x08001c21   Thumb Code     2  gd32f10x_it.o(i.BusFault_Handler)
    DMA_Init                                 0x08001c25   Thumb Code    90  ustart.o(i.DMA_Init)
    DebugMon_Handler                         0x08001c8d   Thumb Code     2  gd32f10x_it.o(i.DebugMon_Handler)
    Delay_Init                               0x08001c8f   Thumb Code     6  delay.o(i.Delay_Init)
    Delay_Ms                                 0x08001c95   Thumb Code    24  delay.o(i.Delay_Ms)
    Delay_Us                                 0x08001cad   Thumb Code    38  delay.o(i.Delay_Us)
    GD32_EraseFlash                          0x08001cd3   Thumb Code    44  fmc.o(i.GD32_EraseFlash)
    GD32_WriteFlash                          0x08001cff   Thumb Code    40  fmc.o(i.GD32_WriteFlash)
    HardFault_Handler                        0x08001d27   Thumb Code     2  gd32f10x_it.o(i.HardFault_Handler)
    IIC_Init                                 0x08001d29   Thumb Code    56  iic.o(i.IIC_Init)
    IIC_Read_Byte                            0x08001d65   Thumb Code   174  iic.o(i.IIC_Read_Byte)
    IIC_Send_Byte                            0x08001e19   Thumb Code    94  iic.o(i.IIC_Send_Byte)
    IIC_Start                                0x08001e7d   Thumb Code    52  iic.o(i.IIC_Start)
    IIC_Stop                                 0x08001eb5   Thumb Code    38  iic.o(i.IIC_Stop)
    IIC_Wait_ACK                             0x08001ee1   Thumb Code    86  iic.o(i.IIC_Wait_ACK)
    LOAD_A                                   0x08001f3d   Thumb Code    40  boot.o(i.LOAD_A)
    M24C02_ReadData                          0x08001f69   Thumb Code   116  m24c02.o(i.M24C02_ReadData)
    M24C02_ReadOTAInfo                       0x08001fdd   Thumb Code    24  m24c02.o(i.M24C02_ReadOTAInfo)
    M24C02_WriteByte                         0x08001ff9   Thumb Code    72  m24c02.o(i.M24C02_WriteByte)
    M24C02_WriteOTAInfo                      0x08002041   Thumb Code    34  m24c02.o(i.M24C02_WriteOTAInfo)
    M24C02_WritePage                         0x08002069   Thumb Code    84  m24c02.o(i.M24C02_WritePage)
    MemManage_Handler                        0x080020bd   Thumb Code     2  gd32f10x_it.o(i.MemManage_Handler)
    NMI_Handler                              0x080020bf   Thumb Code     2  gd32f10x_it.o(i.NMI_Handler)
    PendSV_Handler                           0x080020c1   Thumb Code     2  gd32f10x_it.o(i.PendSV_Handler)
    SPI0_Read                                0x080020c3   Thumb Code    28  spi.o(i.SPI0_Read)
    SPI0_ReadWriteByte                       0x080020e1   Thumb Code    48  spi.o(i.SPI0_ReadWriteByte)
    SPI0_Write                               0x08002115   Thumb Code    26  spi.o(i.SPI0_Write)
    SVC_Handler                              0x0800212f   Thumb Code     2  gd32f10x_it.o(i.SVC_Handler)
    SysTick_Handler                          0x08002131   Thumb Code     2  gd32f10x_it.o(i.SysTick_Handler)
    SystemInit                               0x08002135   Thumb Code   210  system_gd32f10x.o(i.SystemInit)
    U0Rx_PtrInit                             0x08002219   Thumb Code    26  ustart.o(i.U0Rx_PtrInit)
    USART0_IRQHandler                        0x08002239   Thumb Code   152  gd32f10x_it.o(i.USART0_IRQHandler)
    UsageFault_Handler                       0x080022e9   Thumb Code     2  gd32f10x_it.o(i.UsageFault_Handler)
    Usart0_Init                              0x080022ed   Thumb Code   158  ustart.o(i.Usart0_Init)
    W25Q64_Read                              0x08002395   Thumb Code    68  w25q64.o(i.W25Q64_Read)
    W25Q64_WaitBusy                          0x080023dd   Thumb Code    40  w25q64.o(i.W25Q64_WaitBusy)
    __ARM_fpclassify                         0x08002409   Thumb Code    40  fpclassify.o(i.__ARM_fpclassify)
    _is_digit                                0x08002431   Thumb Code    14  __printf_wp.o(i._is_digit)
    dma_channel_disable                      0x0800245b   Thumb Code    36  gd32f10x_dma.o(i.dma_channel_disable)
    dma_channel_enable                       0x0800247f   Thumb Code    36  gd32f10x_dma.o(i.dma_channel_enable)
    dma_circulation_disable                  0x080024a3   Thumb Code    36  gd32f10x_dma.o(i.dma_circulation_disable)
    dma_deinit                               0x080024c7   Thumb Code    58  gd32f10x_dma.o(i.dma_deinit)
    dma_init                                 0x08002501   Thumb Code   134  gd32f10x_dma.o(i.dma_init)
    dma_memory_address_config                0x08002587   Thumb Code    32  gd32f10x_dma.o(i.dma_memory_address_config)
    dma_transfer_number_config               0x080025c1   Thumb Code    34  gd32f10x_dma.o(i.dma_transfer_number_config)
    dma_transfer_number_get                  0x080025e3   Thumb Code    30  gd32f10x_dma.o(i.dma_transfer_number_get)
    fmc_bank0_ready_wait                     0x08002601   Thumb Code    26  gd32f10x_fmc.o(i.fmc_bank0_ready_wait)
    fmc_bank0_state_get                      0x0800261d   Thumb Code    34  gd32f10x_fmc.o(i.fmc_bank0_state_get)
    fmc_bank1_ready_wait                     0x08002645   Thumb Code    26  gd32f10x_fmc.o(i.fmc_bank1_ready_wait)
    fmc_bank1_state_get                      0x08002661   Thumb Code    34  gd32f10x_fmc.o(i.fmc_bank1_state_get)
    fmc_lock                                 0x08002689   Thumb Code    30  gd32f10x_fmc.o(i.fmc_lock)
    fmc_page_erase                           0x080026b1   Thumb Code   178  gd32f10x_fmc.o(i.fmc_page_erase)
    fmc_unlock                               0x08002771   Thumb Code    38  gd32f10x_fmc.o(i.fmc_unlock)
    fmc_word_program                         0x080027a9   Thumb Code   136  gd32f10x_fmc.o(i.fmc_word_program)
    gpio_bit_reset                           0x0800283d   Thumb Code     4  gd32f10x_gpio.o(i.gpio_bit_reset)
    gpio_bit_set                             0x08002841   Thumb Code     4  gd32f10x_gpio.o(i.gpio_bit_set)
    gpio_deinit                              0x08002845   Thumb Code   186  gd32f10x_gpio.o(i.gpio_deinit)
    gpio_init                                0x08002909   Thumb Code   148  gd32f10x_gpio.o(i.gpio_init)
    gpio_input_bit_get                       0x0800299d   Thumb Code    14  gd32f10x_gpio.o(i.gpio_input_bit_get)
    main                                     0x080029ad   Thumb Code   308  main.o(i.main)
    nvic_irq_enable                          0x08002b15   Thumb Code   138  gd32f10x_misc.o(i.nvic_irq_enable)
    nvic_priority_group_set                  0x08002ba5   Thumb Code    10  gd32f10x_misc.o(i.nvic_priority_group_set)
    nvic_vector_table_set                    0x08002bb9   Thumb Code    16  gd32f10x_misc.o(i.nvic_vector_table_set)
    rcu_clock_freq_get                       0x08002bd1   Thumb Code   206  gd32f10x_rcu.o(i.rcu_clock_freq_get)
    rcu_periph_clock_enable                  0x08002cbd   Thumb Code    22  gd32f10x_rcu.o(i.rcu_periph_clock_enable)
    rcu_periph_reset_disable                 0x08002cd9   Thumb Code    22  gd32f10x_rcu.o(i.rcu_periph_reset_disable)
    rcu_periph_reset_enable                  0x08002cf5   Thumb Code    22  gd32f10x_rcu.o(i.rcu_periph_reset_enable)
    spi_i2s_data_receive                     0x08002d11   Thumb Code     6  gd32f10x_spi.o(i.spi_i2s_data_receive)
    spi_i2s_data_transmit                    0x08002d17   Thumb Code     4  gd32f10x_spi.o(i.spi_i2s_data_transmit)
    spi_i2s_flag_get                         0x08002d1b   Thumb Code    14  gd32f10x_spi.o(i.spi_i2s_flag_get)
    systick_clksource_set                    0x08002dc5   Thumb Code    28  gd32f10x_misc.o(i.systick_clksource_set)
    u0_printf                                0x08002de1   Thumb Code    86  ustart.o(i.u0_printf)
    usart_baudrate_set                       0x08002e41   Thumb Code   102  gd32f10x_usart.o(i.usart_baudrate_set)
    usart_data_receive                       0x08002eb1   Thumb Code     8  gd32f10x_usart.o(i.usart_data_receive)
    usart_data_transmit                      0x08002eb9   Thumb Code     8  gd32f10x_usart.o(i.usart_data_transmit)
    usart_deinit                             0x08002ec1   Thumb Code   136  gd32f10x_usart.o(i.usart_deinit)
    usart_dma_receive_config                 0x08002f51   Thumb Code    20  gd32f10x_usart.o(i.usart_dma_receive_config)
    usart_enable                             0x08002f65   Thumb Code    10  gd32f10x_usart.o(i.usart_enable)
    usart_flag_get                           0x08002f6f   Thumb Code    26  gd32f10x_usart.o(i.usart_flag_get)
    usart_interrupt_enable                   0x08002f89   Thumb Code    22  gd32f10x_usart.o(i.usart_interrupt_enable)
    usart_interrupt_flag_get                 0x08002f9f   Thumb Code    50  gd32f10x_usart.o(i.usart_interrupt_flag_get)
    usart_parity_config                      0x08002fd1   Thumb Code    16  gd32f10x_usart.o(i.usart_parity_config)
    usart_receive_config                     0x08002fe1   Thumb Code    12  gd32f10x_usart.o(i.usart_receive_config)
    usart_stop_bit_set                       0x08002fed   Thumb Code    16  gd32f10x_usart.o(i.usart_stop_bit_set)
    usart_transmit_config                    0x08002ffd   Thumb Code    12  gd32f10x_usart.o(i.usart_transmit_config)
    usart_word_length_set                    0x08003009   Thumb Code    16  gd32f10x_usart.o(i.usart_word_length_set)
    _get_lc_numeric                          0x08003019   Thumb Code    44  lc_numeric_c.o(locale$$code)
    _get_lc_ctype                            0x08003045   Thumb Code    44  lc_ctype_c.o(locale$$code)
    _printf_fp_dec                           0x08003071   Thumb Code     4  printf1.o(x$fpl$printf1)
    _printf_fp_hex                           0x08003075   Thumb Code     4  printf2.o(x$fpl$printf2)
    __I$use$fp                               0x08003078   Number         0  usenofp.o(x$fpl$usenofp)
    Region$$Table$$Base                      0x08003174   Number         0  anon$$obj.o(Region$$Table)
    Region$$Table$$Limit                     0x08003194   Number         0  anon$$obj.o(Region$$Table)
    __ctype                                  0x080031bd   Data           0  lc_ctype_c.o(locale$$data)
    wdata                                    0x20000000   Data           4  main.o(.data)
    BootStaFlag                              0x20000004   Data           4  main.o(.data)
    rdata                                    0x20000008   Data           4  main.o(.data)
    load_A                                   0x2000000c   Data           4  boot.o(.data)
    OTA_Info                                 0x20000010   Data          48  main.o(.bss)
    UpDataA                                  0x20000040   Data        1028  main.o(.bss)
    U0_RX_BUFFER                             0x20000444   Data        2048  ustart.o(.bss)
    U0_TX_BUFFER                             0x20000c44   Data        2048  ustart.o(.bss)
    U0CB                                     0x20001444   Data          96  ustart.o(.bss)
    __libspace_start                         0x200014a4   Data          96  libspace.o(.bss)
    __temporary_stack_top$libspace           0x20001504   Data           0  libspace.o(.bss)



==============================================================================

Memory Map of the image

  Image Entry point : 0x08000105

  Load Region LR_IROM1 (Base: 0x08000000, Size: 0x000032d0, Max: 0x00010000, ABSOLUTE)

    Execution Region ER_IROM1 (Exec base: 0x08000000, Load base: 0x08000000, Size: 0x000032c0, Max: 0x00010000, ABSOLUTE)

    Exec Addr    Load Addr    Size         Type   Attr      Idx    E Section Name        Object

    0x08000000   0x08000000   0x00000104   Data   RO          156    RESET               startup_gd32f10x_md.o
    0x08000104   0x08000104   0x00000008   Code   RO         1861  * !!!main             c_w.l(__main.o)
    0x0800010c   0x0800010c   0x00000034   Code   RO         2182    !!!scatter          c_w.l(__scatter.o)
    0x08000140   0x08000140   0x0000001a   Code   RO         2184    !!handler_copy      c_w.l(__scatter_copy.o)
    0x0800015a   0x0800015a   0x00000002   PAD
    0x0800015c   0x0800015c   0x0000001c   Code   RO         2186    !!handler_zi        c_w.l(__scatter_zi.o)
    0x08000178   0x08000178   0x00000000   Code   RO         1945    .ARM.Collect$$_printf_percent$$00000000  c_w.l(_printf_percent.o)
    0x08000178   0x08000178   0x00000006   Code   RO         1934    .ARM.Collect$$_printf_percent$$00000001  c_w.l(_printf_n.o)
    0x0800017e   0x0800017e   0x00000006   Code   RO         1936    .ARM.Collect$$_printf_percent$$00000002  c_w.l(_printf_p.o)
    0x08000184   0x08000184   0x00000006   Code   RO         1941    .ARM.Collect$$_printf_percent$$00000003  c_w.l(_printf_f.o)
    0x0800018a   0x0800018a   0x00000006   Code   RO         1942    .ARM.Collect$$_printf_percent$$00000004  c_w.l(_printf_e.o)
    0x08000190   0x08000190   0x00000006   Code   RO         1943    .ARM.Collect$$_printf_percent$$00000005  c_w.l(_printf_g.o)
    0x08000196   0x08000196   0x00000006   Code   RO         1944    .ARM.Collect$$_printf_percent$$00000006  c_w.l(_printf_a.o)
    0x0800019c   0x0800019c   0x0000000a   Code   RO         1949    .ARM.Collect$$_printf_percent$$00000007  c_w.l(_printf_ll.o)
    0x080001a6   0x080001a6   0x00000006   Code   RO         1938    .ARM.Collect$$_printf_percent$$00000008  c_w.l(_printf_i.o)
    0x080001ac   0x080001ac   0x00000006   Code   RO         1939    .ARM.Collect$$_printf_percent$$00000009  c_w.l(_printf_d.o)
    0x080001b2   0x080001b2   0x00000006   Code   RO         1940    .ARM.Collect$$_printf_percent$$0000000A  c_w.l(_printf_u.o)
    0x080001b8   0x080001b8   0x00000006   Code   RO         1937    .ARM.Collect$$_printf_percent$$0000000B  c_w.l(_printf_o.o)
    0x080001be   0x080001be   0x00000006   Code   RO         1935    .ARM.Collect$$_printf_percent$$0000000C  c_w.l(_printf_x.o)
    0x080001c4   0x080001c4   0x00000006   Code   RO         1946    .ARM.Collect$$_printf_percent$$0000000D  c_w.l(_printf_lli.o)
    0x080001ca   0x080001ca   0x00000006   Code   RO         1947    .ARM.Collect$$_printf_percent$$0000000E  c_w.l(_printf_lld.o)
    0x080001d0   0x080001d0   0x00000006   Code   RO         1948    .ARM.Collect$$_printf_percent$$0000000F  c_w.l(_printf_llu.o)
    0x080001d6   0x080001d6   0x00000006   Code   RO         1953    .ARM.Collect$$_printf_percent$$00000010  c_w.l(_printf_llo.o)
    0x080001dc   0x080001dc   0x00000006   Code   RO         1954    .ARM.Collect$$_printf_percent$$00000011  c_w.l(_printf_llx.o)
    0x080001e2   0x080001e2   0x0000000a   Code   RO         1950    .ARM.Collect$$_printf_percent$$00000012  c_w.l(_printf_l.o)
    0x080001ec   0x080001ec   0x00000006   Code   RO         1932    .ARM.Collect$$_printf_percent$$00000013  c_w.l(_printf_c.o)
    0x080001f2   0x080001f2   0x00000006   Code   RO         1933    .ARM.Collect$$_printf_percent$$00000014  c_w.l(_printf_s.o)
    0x080001f8   0x080001f8   0x00000006   Code   RO         1951    .ARM.Collect$$_printf_percent$$00000015  c_w.l(_printf_lc.o)
    0x080001fe   0x080001fe   0x00000006   Code   RO         1952    .ARM.Collect$$_printf_percent$$00000016  c_w.l(_printf_ls.o)
    0x08000204   0x08000204   0x00000004   Code   RO         1993    .ARM.Collect$$_printf_percent$$00000017  c_w.l(_printf_percent_end.o)
    0x08000208   0x08000208   0x00000002   Code   RO         2042    .ARM.Collect$$libinit$$00000000  c_w.l(libinit.o)
    0x0800020a   0x0800020a   0x00000000   Code   RO         2059    .ARM.Collect$$libinit$$00000002  c_w.l(libinit2.o)
    0x0800020a   0x0800020a   0x00000000   Code   RO         2061    .ARM.Collect$$libinit$$00000004  c_w.l(libinit2.o)
    0x0800020a   0x0800020a   0x00000000   Code   RO         2064    .ARM.Collect$$libinit$$0000000A  c_w.l(libinit2.o)
    0x0800020a   0x0800020a   0x00000000   Code   RO         2066    .ARM.Collect$$libinit$$0000000C  c_w.l(libinit2.o)
    0x0800020a   0x0800020a   0x00000000   Code   RO         2068    .ARM.Collect$$libinit$$0000000E  c_w.l(libinit2.o)
    0x0800020a   0x0800020a   0x00000006   Code   RO         2069    .ARM.Collect$$libinit$$0000000F  c_w.l(libinit2.o)
    0x08000210   0x08000210   0x00000000   Code   RO         2071    .ARM.Collect$$libinit$$00000011  c_w.l(libinit2.o)
    0x08000210   0x08000210   0x0000000c   Code   RO         2072    .ARM.Collect$$libinit$$00000012  c_w.l(libinit2.o)
    0x0800021c   0x0800021c   0x00000000   Code   RO         2073    .ARM.Collect$$libinit$$00000013  c_w.l(libinit2.o)
    0x0800021c   0x0800021c   0x00000000   Code   RO         2075    .ARM.Collect$$libinit$$00000015  c_w.l(libinit2.o)
    0x0800021c   0x0800021c   0x0000000a   Code   RO         2076    .ARM.Collect$$libinit$$00000016  c_w.l(libinit2.o)
    0x08000226   0x08000226   0x00000000   Code   RO         2077    .ARM.Collect$$libinit$$00000017  c_w.l(libinit2.o)
    0x08000226   0x08000226   0x00000000   Code   RO         2079    .ARM.Collect$$libinit$$00000019  c_w.l(libinit2.o)
    0x08000226   0x08000226   0x00000000   Code   RO         2081    .ARM.Collect$$libinit$$0000001B  c_w.l(libinit2.o)
    0x08000226   0x08000226   0x00000000   Code   RO         2083    .ARM.Collect$$libinit$$0000001D  c_w.l(libinit2.o)
    0x08000226   0x08000226   0x00000000   Code   RO         2085    .ARM.Collect$$libinit$$0000001F  c_w.l(libinit2.o)
    0x08000226   0x08000226   0x00000000   Code   RO         2087    .ARM.Collect$$libinit$$00000021  c_w.l(libinit2.o)
    0x08000226   0x08000226   0x00000000   Code   RO         2089    .ARM.Collect$$libinit$$00000023  c_w.l(libinit2.o)
    0x08000226   0x08000226   0x00000000   Code   RO         2091    .ARM.Collect$$libinit$$00000025  c_w.l(libinit2.o)
    0x08000226   0x08000226   0x00000000   Code   RO         2095    .ARM.Collect$$libinit$$0000002C  c_w.l(libinit2.o)
    0x08000226   0x08000226   0x00000000   Code   RO         2097    .ARM.Collect$$libinit$$0000002E  c_w.l(libinit2.o)
    0x08000226   0x08000226   0x00000000   Code   RO         2099    .ARM.Collect$$libinit$$00000030  c_w.l(libinit2.o)
    0x08000226   0x08000226   0x00000000   Code   RO         2101    .ARM.Collect$$libinit$$00000032  c_w.l(libinit2.o)
    0x08000226   0x08000226   0x00000002   Code   RO         2102    .ARM.Collect$$libinit$$00000033  c_w.l(libinit2.o)
    0x08000228   0x08000228   0x00000002   Code   RO         2122    .ARM.Collect$$libshutdown$$00000000  c_w.l(libshutdown.o)
    0x0800022a   0x0800022a   0x00000000   Code   RO         2135    .ARM.Collect$$libshutdown$$00000002  c_w.l(libshutdown2.o)
    0x0800022a   0x0800022a   0x00000000   Code   RO         2137    .ARM.Collect$$libshutdown$$00000004  c_w.l(libshutdown2.o)
    0x0800022a   0x0800022a   0x00000000   Code   RO         2140    .ARM.Collect$$libshutdown$$00000007  c_w.l(libshutdown2.o)
    0x0800022a   0x0800022a   0x00000000   Code   RO         2143    .ARM.Collect$$libshutdown$$0000000A  c_w.l(libshutdown2.o)
    0x0800022a   0x0800022a   0x00000000   Code   RO         2145    .ARM.Collect$$libshutdown$$0000000C  c_w.l(libshutdown2.o)
    0x0800022a   0x0800022a   0x00000000   Code   RO         2148    .ARM.Collect$$libshutdown$$0000000F  c_w.l(libshutdown2.o)
    0x0800022a   0x0800022a   0x00000002   Code   RO         2149    .ARM.Collect$$libshutdown$$00000010  c_w.l(libshutdown2.o)
    0x0800022c   0x0800022c   0x00000000   Code   RO         1863    .ARM.Collect$$rtentry$$00000000  c_w.l(__rtentry.o)
    0x0800022c   0x0800022c   0x00000000   Code   RO         1964    .ARM.Collect$$rtentry$$00000002  c_w.l(__rtentry2.o)
    0x0800022c   0x0800022c   0x00000006   Code   RO         1976    .ARM.Collect$$rtentry$$00000004  c_w.l(__rtentry4.o)
    0x08000232   0x08000232   0x00000000   Code   RO         1966    .ARM.Collect$$rtentry$$00000009  c_w.l(__rtentry2.o)
    0x08000232   0x08000232   0x00000004   Code   RO         1967    .ARM.Collect$$rtentry$$0000000A  c_w.l(__rtentry2.o)
    0x08000236   0x08000236   0x00000000   Code   RO         1969    .ARM.Collect$$rtentry$$0000000C  c_w.l(__rtentry2.o)
    0x08000236   0x08000236   0x00000008   Code   RO         1970    .ARM.Collect$$rtentry$$0000000D  c_w.l(__rtentry2.o)
    0x0800023e   0x0800023e   0x00000002   Code   RO         2051    .ARM.Collect$$rtexit$$00000000  c_w.l(rtexit.o)
    0x08000240   0x08000240   0x00000000   Code   RO         2104    .ARM.Collect$$rtexit$$00000002  c_w.l(rtexit2.o)
    0x08000240   0x08000240   0x00000004   Code   RO         2105    .ARM.Collect$$rtexit$$00000003  c_w.l(rtexit2.o)
    0x08000244   0x08000244   0x00000006   Code   RO         2106    .ARM.Collect$$rtexit$$00000004  c_w.l(rtexit2.o)
    0x0800024a   0x0800024a   0x00000002   PAD
    0x0800024c   0x0800024c   0x00000006   Code   RO          547    .emb_text           boot.o
    0x08000252   0x08000252   0x00000002   PAD
    0x08000254   0x08000254   0x00000040   Code   RO          157    .text               startup_gd32f10x_md.o
    0x08000294   0x08000294   0x00000024   Code   RO         1853    .text               c_w.l(vsprintf.o)
    0x080002b8   0x080002b8   0x0000003e   Code   RO         1855    .text               c_w.l(strlen.o)
    0x080002f6   0x080002f6   0x0000004e   Code   RO         1857    .text               c_w.l(rt_memclr_w.o)
    0x08000344   0x08000344   0x00000006   Code   RO         1859    .text               c_w.l(heapauxi.o)
    0x0800034a   0x0800034a   0x0000004e   Code   RO         1866    .text               c_w.l(_printf_pad.o)
    0x08000398   0x08000398   0x00000024   Code   RO         1868    .text               c_w.l(_printf_truncate.o)
    0x080003bc   0x080003bc   0x00000052   Code   RO         1870    .text               c_w.l(_printf_str.o)
    0x0800040e   0x0800040e   0x00000002   PAD
    0x08000410   0x08000410   0x00000078   Code   RO         1872    .text               c_w.l(_printf_dec.o)
    0x08000488   0x08000488   0x00000028   Code   RO         1874    .text               c_w.l(_printf_charcount.o)
    0x080004b0   0x080004b0   0x00000030   Code   RO         1876    .text               c_w.l(_printf_char_common.o)
    0x080004e0   0x080004e0   0x0000000a   Code   RO         1878    .text               c_w.l(_sputc.o)
    0x080004ea   0x080004ea   0x00000002   PAD
    0x080004ec   0x080004ec   0x000000bc   Code   RO         1880    .text               c_w.l(_printf_wctomb.o)
    0x080005a8   0x080005a8   0x0000007c   Code   RO         1883    .text               c_w.l(_printf_longlong_dec.o)
    0x08000624   0x08000624   0x00000070   Code   RO         1889    .text               c_w.l(_printf_oct_int_ll.o)
    0x08000694   0x08000694   0x00000094   Code   RO         1909    .text               c_w.l(_printf_hex_int_ll_ptr.o)
    0x08000728   0x08000728   0x00000188   Code   RO         1929    .text               c_w.l(__printf_flags_ss_wp.o)
    0x080008b0   0x080008b0   0x0000008a   Code   RO         1978    .text               c_w.l(lludiv10.o)
    0x0800093a   0x0800093a   0x000000b2   Code   RO         1980    .text               c_w.l(_printf_intcommon.o)
    0x080009ec   0x080009ec   0x0000041e   Code   RO         1982    .text               c_w.l(_printf_fp_dec.o)
    0x08000e0a   0x08000e0a   0x00000002   PAD
    0x08000e0c   0x08000e0c   0x000002fc   Code   RO         1984    .text               c_w.l(_printf_fp_hex.o)
    0x08001108   0x08001108   0x0000002c   Code   RO         1989    .text               c_w.l(_printf_char.o)
    0x08001134   0x08001134   0x0000002c   Code   RO         1991    .text               c_w.l(_printf_wchar.o)
    0x08001160   0x08001160   0x00000040   Code   RO         1994    .text               c_w.l(_wcrtomb.o)
    0x080011a0   0x080011a0   0x0000004a   Code   RO         1996    .text               c_w.l(sys_stackheap_outer.o)
    0x080011ea   0x080011ea   0x00000002   PAD
    0x080011ec   0x080011ec   0x00000010   Code   RO         1998    .text               c_w.l(rt_ctype_table.o)
    0x080011fc   0x080011fc   0x00000008   Code   RO         2003    .text               c_w.l(rt_locale_intlibspace.o)
    0x08001204   0x08001204   0x00000080   Code   RO         2005    .text               c_w.l(_printf_fp_infnan.o)
    0x08001284   0x08001284   0x000000e4   Code   RO         2007    .text               c_w.l(bigflt0.o)
    0x08001368   0x08001368   0x00000012   Code   RO         2035    .text               c_w.l(exit.o)
    0x0800137a   0x0800137a   0x00000002   PAD
    0x0800137c   0x0800137c   0x00000008   Code   RO         2048    .text               c_w.l(libspace.o)
    0x08001384   0x08001384   0x00000080   Code   RO         2056    .text               c_w.l(strcmpv7m.o)
    0x08001404   0x08001404   0x0000000c   Code   RO         2114    .text               c_w.l(sys_exit.o)
    0x08001410   0x08001410   0x00000002   Code   RO         2125    .text               c_w.l(use_no_semi.o)
    0x08001412   0x08001412   0x00000000   Code   RO         2127    .text               c_w.l(indicate_semi.o)
    0x08001412   0x08001412   0x0000003e   Code   RO         2010    CL$$btod_d2e        c_w.l(btod.o)
    0x08001450   0x08001450   0x00000046   Code   RO         2012    CL$$btod_d2e_denorm_low  c_w.l(btod.o)
    0x08001496   0x08001496   0x00000060   Code   RO         2011    CL$$btod_d2e_norm_op1  c_w.l(btod.o)
    0x080014f6   0x080014f6   0x00000338   Code   RO         2020    CL$$btod_div_common  c_w.l(btod.o)
    0x0800182e   0x0800182e   0x000000dc   Code   RO         2017    CL$$btod_e2e        c_w.l(btod.o)
    0x0800190a   0x0800190a   0x0000002a   Code   RO         2014    CL$$btod_ediv       c_w.l(btod.o)
    0x08001934   0x08001934   0x0000002a   Code   RO         2013    CL$$btod_emul       c_w.l(btod.o)
    0x0800195e   0x0800195e   0x00000244   Code   RO         2019    CL$$btod_mult_common  c_w.l(btod.o)
    0x08001ba2   0x08001ba2   0x00000002   PAD
    0x08001ba4   0x08001ba4   0x00000058   Code   RO          548    i.BootLoader_Brance  boot.o
    0x08001bfc   0x08001bfc   0x00000024   Code   RO          549    i.BootLoader_Clear  boot.o
    0x08001c20   0x08001c20   0x00000002   Code   RO          163    i.BusFault_Handler  gd32f10x_it.o
    0x08001c22   0x08001c22   0x00000002   PAD
    0x08001c24   0x08001c24   0x00000068   Code   RO          240    i.DMA_Init          ustart.o
    0x08001c8c   0x08001c8c   0x00000002   Code   RO          164    i.DebugMon_Handler  gd32f10x_it.o
    0x08001c8e   0x08001c8e   0x00000006   Code   RO          294    i.Delay_Init        delay.o
    0x08001c94   0x08001c94   0x00000018   Code   RO          295    i.Delay_Ms          delay.o
    0x08001cac   0x08001cac   0x00000026   Code   RO          296    i.Delay_Us          delay.o
    0x08001cd2   0x08001cd2   0x0000002c   Code   RO          521    i.GD32_EraseFlash   fmc.o
    0x08001cfe   0x08001cfe   0x00000028   Code   RO          522    i.GD32_WriteFlash   fmc.o
    0x08001d26   0x08001d26   0x00000002   Code   RO          165    i.HardFault_Handler  gd32f10x_it.o
    0x08001d28   0x08001d28   0x0000003c   Code   RO          326    i.IIC_Init          iic.o
    0x08001d64   0x08001d64   0x000000b4   Code   RO          327    i.IIC_Read_Byte     iic.o
    0x08001e18   0x08001e18   0x00000064   Code   RO          328    i.IIC_Send_Byte     iic.o
    0x08001e7c   0x08001e7c   0x00000038   Code   RO          329    i.IIC_Start         iic.o
    0x08001eb4   0x08001eb4   0x0000002c   Code   RO          330    i.IIC_Stop          iic.o
    0x08001ee0   0x08001ee0   0x0000005c   Code   RO          331    i.IIC_Wait_ACK      iic.o
    0x08001f3c   0x08001f3c   0x0000002c   Code   RO          550    i.LOAD_A            boot.o
    0x08001f68   0x08001f68   0x00000074   Code   RO          376    i.M24C02_ReadData   m24c02.o
    0x08001fdc   0x08001fdc   0x0000001c   Code   RO          377    i.M24C02_ReadOTAInfo  m24c02.o
    0x08001ff8   0x08001ff8   0x00000048   Code   RO          378    i.M24C02_WriteByte  m24c02.o
    0x08002040   0x08002040   0x00000028   Code   RO          379    i.M24C02_WriteOTAInfo  m24c02.o
    0x08002068   0x08002068   0x00000054   Code   RO          380    i.M24C02_WritePage  m24c02.o
    0x080020bc   0x080020bc   0x00000002   Code   RO          166    i.MemManage_Handler  gd32f10x_it.o
    0x080020be   0x080020be   0x00000002   Code   RO          167    i.NMI_Handler       gd32f10x_it.o
    0x080020c0   0x080020c0   0x00000002   Code   RO          168    i.PendSV_Handler    gd32f10x_it.o
    0x080020c2   0x080020c2   0x0000001c   Code   RO          431    i.SPI0_Read         spi.o
    0x080020de   0x080020de   0x00000002   PAD
    0x080020e0   0x080020e0   0x00000034   Code   RO          432    i.SPI0_ReadWriteByte  spi.o
    0x08002114   0x08002114   0x0000001a   Code   RO          433    i.SPI0_Write        spi.o
    0x0800212e   0x0800212e   0x00000002   Code   RO          169    i.SVC_Handler       gd32f10x_it.o
    0x08002130   0x08002130   0x00000002   Code   RO          170    i.SysTick_Handler   gd32f10x_it.o
    0x08002132   0x08002132   0x00000002   PAD
    0x08002134   0x08002134   0x000000e4   Code   RO          105    i.SystemInit        system_gd32f10x.o
    0x08002218   0x08002218   0x00000020   Code   RO          241    i.U0Rx_PtrInit      ustart.o
    0x08002238   0x08002238   0x000000b0   Code   RO          171    i.USART0_IRQHandler  gd32f10x_it.o
    0x080022e8   0x080022e8   0x00000002   Code   RO          172    i.UsageFault_Handler  gd32f10x_it.o
    0x080022ea   0x080022ea   0x00000002   PAD
    0x080022ec   0x080022ec   0x000000a8   Code   RO          242    i.Usart0_Init       ustart.o
    0x08002394   0x08002394   0x00000048   Code   RO          475    i.W25Q64_Read       w25q64.o
    0x080023dc   0x080023dc   0x0000002c   Code   RO          476    i.W25Q64_WaitBusy   w25q64.o
    0x08002408   0x08002408   0x00000028   Code   RO         2046    i.__ARM_fpclassify  m_ws.l(fpclassify.o)
    0x08002430   0x08002430   0x0000000e   Code   RO         1922    i._is_digit         c_w.l(__printf_wp.o)
    0x0800243e   0x0800243e   0x0000001c   Code   RO          106    i._soft_delay_      system_gd32f10x.o
    0x0800245a   0x0800245a   0x00000024   Code   RO         1260    i.dma_channel_disable  gd32f10x_dma.o
    0x0800247e   0x0800247e   0x00000024   Code   RO         1261    i.dma_channel_enable  gd32f10x_dma.o
    0x080024a2   0x080024a2   0x00000024   Code   RO         1262    i.dma_circulation_disable  gd32f10x_dma.o
    0x080024c6   0x080024c6   0x0000003a   Code   RO         1264    i.dma_deinit        gd32f10x_dma.o
    0x08002500   0x08002500   0x00000086   Code   RO         1267    i.dma_init          gd32f10x_dma.o
    0x08002586   0x08002586   0x00000020   Code   RO         1272    i.dma_memory_address_config  gd32f10x_dma.o
    0x080025a6   0x080025a6   0x00000002   PAD
    0x080025a8   0x080025a8   0x00000018   Code   RO         1279    i.dma_periph_and_channel_check  gd32f10x_dma.o
    0x080025c0   0x080025c0   0x00000022   Code   RO         1286    i.dma_transfer_number_config  gd32f10x_dma.o
    0x080025e2   0x080025e2   0x0000001e   Code   RO         1287    i.dma_transfer_number_get  gd32f10x_dma.o
    0x08002600   0x08002600   0x0000001a   Code   RO         1637    i.fmc_bank0_ready_wait  gd32f10x_fmc.o
    0x0800261a   0x0800261a   0x00000002   PAD
    0x0800261c   0x0800261c   0x00000028   Code   RO         1638    i.fmc_bank0_state_get  gd32f10x_fmc.o
    0x08002644   0x08002644   0x0000001a   Code   RO         1642    i.fmc_bank1_ready_wait  gd32f10x_fmc.o
    0x0800265e   0x0800265e   0x00000002   PAD
    0x08002660   0x08002660   0x00000028   Code   RO         1643    i.fmc_bank1_state_get  gd32f10x_fmc.o
    0x08002688   0x08002688   0x00000028   Code   RO         1652    i.fmc_lock          gd32f10x_fmc.o
    0x080026b0   0x080026b0   0x000000c0   Code   RO         1654    i.fmc_page_erase    gd32f10x_fmc.o
    0x08002770   0x08002770   0x00000038   Code   RO         1655    i.fmc_unlock        gd32f10x_fmc.o
    0x080027a8   0x080027a8   0x00000094   Code   RO         1656    i.fmc_word_program  gd32f10x_fmc.o
    0x0800283c   0x0800283c   0x00000004   Code   RO          587    i.gpio_bit_reset    gd32f10x_gpio.o
    0x08002840   0x08002840   0x00000004   Code   RO          588    i.gpio_bit_set      gd32f10x_gpio.o
    0x08002844   0x08002844   0x000000c4   Code   RO          590    i.gpio_deinit       gd32f10x_gpio.o
    0x08002908   0x08002908   0x00000094   Code   RO          595    i.gpio_init         gd32f10x_gpio.o
    0x0800299c   0x0800299c   0x0000000e   Code   RO          596    i.gpio_input_bit_get  gd32f10x_gpio.o
    0x080029aa   0x080029aa   0x00000002   PAD
    0x080029ac   0x080029ac   0x00000168   Code   RO            3    i.main              main.o
    0x08002b14   0x08002b14   0x00000090   Code   RO          703    i.nvic_irq_enable   gd32f10x_misc.o
    0x08002ba4   0x08002ba4   0x00000014   Code   RO          704    i.nvic_priority_group_set  gd32f10x_misc.o
    0x08002bb8   0x08002bb8   0x00000018   Code   RO          705    i.nvic_vector_table_set  gd32f10x_misc.o
    0x08002bd0   0x08002bd0   0x000000ec   Code   RO          766    i.rcu_clock_freq_get  gd32f10x_rcu.o
    0x08002cbc   0x08002cbc   0x0000001c   Code   RO          783    i.rcu_periph_clock_enable  gd32f10x_rcu.o
    0x08002cd8   0x08002cd8   0x0000001c   Code   RO          786    i.rcu_periph_reset_disable  gd32f10x_rcu.o
    0x08002cf4   0x08002cf4   0x0000001c   Code   RO          787    i.rcu_periph_reset_enable  gd32f10x_rcu.o
    0x08002d10   0x08002d10   0x00000006   Code   RO         1458    i.spi_i2s_data_receive  gd32f10x_spi.o
    0x08002d16   0x08002d16   0x00000004   Code   RO         1459    i.spi_i2s_data_transmit  gd32f10x_spi.o
    0x08002d1a   0x08002d1a   0x0000000e   Code   RO         1461    i.spi_i2s_flag_get  gd32f10x_spi.o
    0x08002d28   0x08002d28   0x00000098   Code   RO          108    i.system_clock_108m_hxtal  system_gd32f10x.o
    0x08002dc0   0x08002dc0   0x00000004   Code   RO          109    i.system_clock_config  system_gd32f10x.o
    0x08002dc4   0x08002dc4   0x0000001c   Code   RO          708    i.systick_clksource_set  gd32f10x_misc.o
    0x08002de0   0x08002de0   0x00000060   Code   RO          243    i.u0_printf         ustart.o
    0x08002e40   0x08002e40   0x00000070   Code   RO          989    i.usart_baudrate_set  gd32f10x_usart.o
    0x08002eb0   0x08002eb0   0x00000008   Code   RO          990    i.usart_data_receive  gd32f10x_usart.o
    0x08002eb8   0x08002eb8   0x00000008   Code   RO          991    i.usart_data_transmit  gd32f10x_usart.o
    0x08002ec0   0x08002ec0   0x00000090   Code   RO          992    i.usart_deinit      gd32f10x_usart.o
    0x08002f50   0x08002f50   0x00000014   Code   RO          994    i.usart_dma_receive_config  gd32f10x_usart.o
    0x08002f64   0x08002f64   0x0000000a   Code   RO          996    i.usart_enable      gd32f10x_usart.o
    0x08002f6e   0x08002f6e   0x0000001a   Code   RO          998    i.usart_flag_get    gd32f10x_usart.o
    0x08002f88   0x08002f88   0x00000016   Code   RO         1005    i.usart_interrupt_enable  gd32f10x_usart.o
    0x08002f9e   0x08002f9e   0x00000032   Code   RO         1007    i.usart_interrupt_flag_get  gd32f10x_usart.o
    0x08002fd0   0x08002fd0   0x00000010   Code   RO         1017    i.usart_parity_config  gd32f10x_usart.o
    0x08002fe0   0x08002fe0   0x0000000c   Code   RO         1019    i.usart_receive_config  gd32f10x_usart.o
    0x08002fec   0x08002fec   0x00000010   Code   RO         1025    i.usart_stop_bit_set  gd32f10x_usart.o
    0x08002ffc   0x08002ffc   0x0000000c   Code   RO         1029    i.usart_transmit_config  gd32f10x_usart.o
    0x08003008   0x08003008   0x00000010   Code   RO         1030    i.usart_word_length_set  gd32f10x_usart.o
    0x08003018   0x08003018   0x0000002c   Code   RO         2033    locale$$code        c_w.l(lc_numeric_c.o)
    0x08003044   0x08003044   0x0000002c   Code   RO         2054    locale$$code        c_w.l(lc_ctype_c.o)
    0x08003070   0x08003070   0x00000004   Code   RO         1955    x$fpl$printf1       fz_ws.l(printf1.o)
    0x08003074   0x08003074   0x00000004   Code   RO         1957    x$fpl$printf2       fz_ws.l(printf2.o)
    0x08003078   0x08003078   0x00000000   Code   RO         2045    x$fpl$usenofp       fz_ws.l(usenofp.o)
    0x08003078   0x08003078   0x00000008   Data   RO         1881    .constdata          c_w.l(_printf_wctomb.o)
    0x08003080   0x08003080   0x00000028   Data   RO         1910    .constdata          c_w.l(_printf_hex_int_ll_ptr.o)
    0x080030a8   0x080030a8   0x00000011   Data   RO         1930    .constdata          c_w.l(__printf_flags_ss_wp.o)
    0x080030b9   0x080030b9   0x00000026   Data   RO         1985    .constdata          c_w.l(_printf_fp_hex.o)
    0x080030df   0x080030df   0x00000001   PAD
    0x080030e0   0x080030e0   0x00000094   Data   RO         2008    .constdata          c_w.l(bigflt0.o)
    0x08003174   0x08003174   0x00000020   Data   RO         2180    Region$$Table       anon$$obj.o
    0x08003194   0x08003194   0x0000001c   Data   RO         2032    locale$$data        c_w.l(lc_numeric_c.o)
    0x080031b0   0x080031b0   0x00000110   Data   RO         2053    locale$$data        c_w.l(lc_ctype_c.o)


    Execution Region RW_IRAM1 (Exec base: 0x20000000, Load base: 0x080032c0, Size: 0x00001b08, Max: 0x00005000, ABSOLUTE)

    Exec Addr    Load Addr    Size         Type   Attr      Idx    E Section Name        Object

    0x20000000   0x080032c0   0x0000000c   Data   RW            5    .data               main.o
    0x2000000c   0x080032cc   0x00000004   Data   RW          551    .data               boot.o
    0x20000010        -       0x00000434   Zero   RW            4    .bss                main.o
    0x20000444        -       0x00001060   Zero   RW          244    .bss                ustart.o
    0x200014a4        -       0x00000060   Zero   RW         2049    .bss                c_w.l(libspace.o)
    0x20001504   0x080032d0   0x00000004   PAD
    0x20001508        -       0x00000200   Zero   RW          155    HEAP                startup_gd32f10x_md.o
    0x20001708        -       0x00000400   Zero   RW          154    STACK               startup_gd32f10x_md.o


==============================================================================

Image component sizes


      Code (inc. data)   RO Data    RW Data    ZI Data      Debug   Object Name

       174         66          0          4          0       2021   boot.o
        68          0          0          0          0       1339   delay.o
        84          0          0          0          0       1648   fmc.o
       420          6          0          0          0       5880   gd32f10x_dma.o
       568         66          0          0          0       4838   gd32f10x_fmc.o
       366         10          0          0          0       3171   gd32f10x_gpio.o
       194         24          0          0          0       4358   gd32f10x_it.o
       216         24          0          0          0       2356   gd32f10x_misc.o
       320         48          0          0          0       2900   gd32f10x_rcu.o
        24          0          0          0          0       1566   gd32f10x_spi.o
       472         18          0          0          0       7844   gd32f10x_usart.o
       532         32          0          0          0       3225   iic.o
       340         10          0          0          0       3663   m24c02.o
       360         52          0         12       1076      61757   main.o
       106          4          0          0          0       2118   spi.o
        64         26        260          0       1536        840   startup_gd32f10x_md.o
       412         32          0          0          0       3097   system_gd32f10x.o
       400         40          0          0       4192       4233   ustart.o
       116          8          0          0          0       1552   w25q64.o

    ----------------------------------------------------------------------
      5254        466        292         16       6804     118406   Object Totals
         0          0         32          0          0          0   (incl. Generated)
        18          0          0          0          0          0   (incl. Padding)

    ----------------------------------------------------------------------

      Code (inc. data)   RO Data    RW Data    ZI Data      Debug   Library Member Name

         8          0          0          0          0         68   __main.o
       392          4         17          0          0         92   __printf_flags_ss_wp.o
        14          0          0          0          0         68   __printf_wp.o
         0          0          0          0          0          0   __rtentry.o
        12          0          0          0          0          0   __rtentry2.o
         6          0          0          0          0          0   __rtentry4.o
        52          8          0          0          0          0   __scatter.o
        26          0          0          0          0          0   __scatter_copy.o
        28          0          0          0          0          0   __scatter_zi.o
         6          0          0          0          0          0   _printf_a.o
         6          0          0          0          0          0   _printf_c.o
        44          0          0          0          0        108   _printf_char.o
        48          6          0          0          0         96   _printf_char_common.o
        40          0          0          0          0         68   _printf_charcount.o
         6          0          0          0          0          0   _printf_d.o
       120         16          0          0          0         92   _printf_dec.o
         6          0          0          0          0          0   _printf_e.o
         6          0          0          0          0          0   _printf_f.o
      1054          0          0          0          0        216   _printf_fp_dec.o
       764          8         38          0          0        100   _printf_fp_hex.o
       128         16          0          0          0         84   _printf_fp_infnan.o
         6          0          0          0          0          0   _printf_g.o
       148          4         40          0          0        160   _printf_hex_int_ll_ptr.o
         6          0          0          0          0          0   _printf_i.o
       178          0          0          0          0         88   _printf_intcommon.o
        10          0          0          0          0          0   _printf_l.o
         6          0          0          0          0          0   _printf_lc.o
        10          0          0          0          0          0   _printf_ll.o
         6          0          0          0          0          0   _printf_lld.o
         6          0          0          0          0          0   _printf_lli.o
         6          0          0          0          0          0   _printf_llo.o
         6          0          0          0          0          0   _printf_llu.o
         6          0          0          0          0          0   _printf_llx.o
       124         16          0          0          0         92   _printf_longlong_dec.o
         6          0          0          0          0          0   _printf_ls.o
         6          0          0          0          0          0   _printf_n.o
         6          0          0          0          0          0   _printf_o.o
       112         10          0          0          0        124   _printf_oct_int_ll.o
         6          0          0          0          0          0   _printf_p.o
        78          0          0          0          0        108   _printf_pad.o
         0          0          0          0          0          0   _printf_percent.o
         4          0          0          0          0          0   _printf_percent_end.o
         6          0          0          0          0          0   _printf_s.o
        82          0          0          0          0         80   _printf_str.o
        36          0          0          0          0         84   _printf_truncate.o
         6          0          0          0          0          0   _printf_u.o
        44          0          0          0          0        108   _printf_wchar.o
       188          6          8          0          0         92   _printf_wctomb.o
         6          0          0          0          0          0   _printf_x.o
        10          0          0          0          0         68   _sputc.o
        64          0          0          0          0         92   _wcrtomb.o
       228          4        148          0          0         96   bigflt0.o
      1936        128          0          0          0        672   btod.o
        18          0          0          0          0         80   exit.o
         6          0          0          0          0        152   heapauxi.o
         0          0          0          0          0          0   indicate_semi.o
        44         10        272          0          0         76   lc_ctype_c.o
        44         10         28          0          0         76   lc_numeric_c.o
         2          0          0          0          0          0   libinit.o
        30          0          0          0          0          0   libinit2.o
         2          0          0          0          0          0   libshutdown.o
         2          0          0          0          0          0   libshutdown2.o
         8          4          0          0         96         68   libspace.o
       138          0          0          0          0         80   lludiv10.o
        16          4          0          0          0         76   rt_ctype_table.o
         8          4          0          0          0         68   rt_locale_intlibspace.o
        78          0          0          0          0         80   rt_memclr_w.o
         2          0          0          0          0          0   rtexit.o
        10          0          0          0          0          0   rtexit2.o
       128          0          0          0          0         68   strcmpv7m.o
        62          0          0          0          0         76   strlen.o
        12          4          0          0          0         68   sys_exit.o
        74          0          0          0          0         80   sys_stackheap_outer.o
         2          0          0          0          0         68   use_no_semi.o
        36          4          0          0          0         76   vsprintf.o
         4          0          0          0          0         68   printf1.o
         4          0          0          0          0         68   printf2.o
         0          0          0          0          0          0   usenofp.o
        40          0          0          0          0         68   fpclassify.o

    ----------------------------------------------------------------------
      6894        266        552          0        100       4252   Library Totals
        16          0          1          0          4          0   (incl. Padding)

    ----------------------------------------------------------------------

      Code (inc. data)   RO Data    RW Data    ZI Data      Debug   Library Name

      6830        266        551          0         96       4048   c_w.l
         8          0          0          0          0        136   fz_ws.l
        40          0          0          0          0         68   m_ws.l

    ----------------------------------------------------------------------
      6894        266        552          0        100       4252   Library Totals

    ----------------------------------------------------------------------

==============================================================================


      Code (inc. data)   RO Data    RW Data    ZI Data      Debug   

     12148        732        844         16       6904     115842   Grand Totals
     12148        732        844         16       6904     115842   ELF Image Totals
     12148        732        844         16          0          0   ROM Totals

==============================================================================

    Total RO  Size (Code + RO Data)                12992 (  12.69kB)
    Total RW  Size (RW Data + ZI Data)              6920 (   6.76kB)
    Total ROM Size (Code + RO Data + RW Data)      13008 (  12.70kB)

==============================================================================

