Component: ARM Compiler 5.06 update 6 (build 750) Tool: armlink [4d35ed]

==============================================================================

Section Cross References

    main.o(i.main) refers to delay.o(i.Delay_Init) for Delay_Init
    main.o(i.main) refers to usart.o(i.Usart0_Init) for Usart0_Init
    main.o(i.main) refers to w25q64.o(i.W25Q64_Init) for W25Q64_Init
    main.o(i.main) refers to w25q64.o(i.W25Q64_Erase64K) for W25Q64_Erase64K
    main.o(i.main) refers to w25q64.o(i.W25Q64_PageWrite) for W25Q64_PageWrite
    main.o(i.main) refers to delay.o(i.Delay_Ms) for Delay_Ms
    main.o(i.main) refers to w25q64.o(i.W25Q64_Read) for W25Q64_Read
    main.o(i.main) refers to usart.o(i.u0_printf) for u0_printf
    main.o(i.main) refers to main.o(.bss) for wdata
    system_gd32f10x.o(i.SystemInit) refers to system_gd32f10x.o(i.system_clock_config) for system_clock_config
    system_gd32f10x.o(i.SystemInit) refers to gd32f10x_misc.o(i.nvic_vector_table_set) for nvic_vector_table_set
    system_gd32f10x.o(i.system_clock_config) refers to system_gd32f10x.o(i.system_clock_108m_hxtal) for system_clock_108m_hxtal
    startup_gd32f10x_md.o(STACK) refers (Special) to heapauxi.o(.text) for __use_two_region_memory
    startup_gd32f10x_md.o(HEAP) refers (Special) to heapauxi.o(.text) for __use_two_region_memory
    startup_gd32f10x_md.o(RESET) refers (Special) to heapauxi.o(.text) for __use_two_region_memory
    startup_gd32f10x_md.o(RESET) refers to startup_gd32f10x_md.o(STACK) for __initial_sp
    startup_gd32f10x_md.o(RESET) refers to startup_gd32f10x_md.o(.text) for Reset_Handler
    startup_gd32f10x_md.o(RESET) refers to gd32f10x_it.o(i.NMI_Handler) for NMI_Handler
    startup_gd32f10x_md.o(RESET) refers to gd32f10x_it.o(i.HardFault_Handler) for HardFault_Handler
    startup_gd32f10x_md.o(RESET) refers to gd32f10x_it.o(i.MemManage_Handler) for MemManage_Handler
    startup_gd32f10x_md.o(RESET) refers to gd32f10x_it.o(i.BusFault_Handler) for BusFault_Handler
    startup_gd32f10x_md.o(RESET) refers to gd32f10x_it.o(i.UsageFault_Handler) for UsageFault_Handler
    startup_gd32f10x_md.o(RESET) refers to gd32f10x_it.o(i.SVC_Handler) for SVC_Handler
    startup_gd32f10x_md.o(RESET) refers to gd32f10x_it.o(i.DebugMon_Handler) for DebugMon_Handler
    startup_gd32f10x_md.o(RESET) refers to gd32f10x_it.o(i.PendSV_Handler) for PendSV_Handler
    startup_gd32f10x_md.o(RESET) refers to gd32f10x_it.o(i.SysTick_Handler) for SysTick_Handler
    startup_gd32f10x_md.o(RESET) refers to gd32f10x_it.o(i.USART0_IRQHandler) for USART0_IRQHandler
    startup_gd32f10x_md.o(.text) refers (Special) to heapauxi.o(.text) for __use_two_region_memory
    startup_gd32f10x_md.o(.text) refers to system_gd32f10x.o(i.SystemInit) for SystemInit
    startup_gd32f10x_md.o(.text) refers to __main.o(!!!main) for __main
    startup_gd32f10x_md.o(.text) refers to startup_gd32f10x_md.o(HEAP) for Heap_Mem
    startup_gd32f10x_md.o(.text) refers to startup_gd32f10x_md.o(STACK) for Stack_Mem
    gd32f10x_it.o(i.USART0_IRQHandler) refers to gd32f10x_usart.o(i.usart_interrupt_flag_get) for usart_interrupt_flag_get
    gd32f10x_it.o(i.USART0_IRQHandler) refers to gd32f10x_usart.o(i.usart_flag_get) for usart_flag_get
    gd32f10x_it.o(i.USART0_IRQHandler) refers to gd32f10x_usart.o(i.usart_data_receive) for usart_data_receive
    gd32f10x_it.o(i.USART0_IRQHandler) refers to gd32f10x_dma.o(i.dma_transfer_number_get) for dma_transfer_number_get
    gd32f10x_it.o(i.USART0_IRQHandler) refers to gd32f10x_dma.o(i.dma_channel_disable) for dma_channel_disable
    gd32f10x_it.o(i.USART0_IRQHandler) refers to gd32f10x_dma.o(i.dma_transfer_number_config) for dma_transfer_number_config
    gd32f10x_it.o(i.USART0_IRQHandler) refers to gd32f10x_dma.o(i.dma_memory_address_config) for dma_memory_address_config
    gd32f10x_it.o(i.USART0_IRQHandler) refers to gd32f10x_dma.o(i.dma_channel_enable) for dma_channel_enable
    gd32f10x_it.o(i.USART0_IRQHandler) refers to usart.o(.bss) for U0CB
    usart.o(i.DMA_Init) refers to gd32f10x_rcu.o(i.rcu_periph_clock_enable) for rcu_periph_clock_enable
    usart.o(i.DMA_Init) refers to gd32f10x_dma.o(i.dma_deinit) for dma_deinit
    usart.o(i.DMA_Init) refers to gd32f10x_dma.o(i.dma_init) for dma_init
    usart.o(i.DMA_Init) refers to gd32f10x_dma.o(i.dma_circulation_disable) for dma_circulation_disable
    usart.o(i.DMA_Init) refers to gd32f10x_dma.o(i.dma_channel_enable) for dma_channel_enable
    usart.o(i.DMA_Init) refers to usart.o(.bss) for U0_RxBuff
    usart.o(i.U0Rx_PtrInit) refers to usart.o(.bss) for U0CB
    usart.o(i.Usart0_Init) refers to gd32f10x_rcu.o(i.rcu_periph_clock_enable) for rcu_periph_clock_enable
    usart.o(i.Usart0_Init) refers to gd32f10x_gpio.o(i.gpio_init) for gpio_init
    usart.o(i.Usart0_Init) refers to gd32f10x_usart.o(i.usart_deinit) for usart_deinit
    usart.o(i.Usart0_Init) refers to gd32f10x_usart.o(i.usart_baudrate_set) for usart_baudrate_set
[...]
    ../fplib/usenofp.s                       0x00000000   Number         0  usenofp.o ABSOLUTE
    ../mathlib/fpclassify.c                  0x00000000   Number         0  fpclassify.o ABSOLUTE
    ..\CMSIS\Source\startup_gd32f10x_md.s    0x00000000   Number         0  startup_gd32f10x_md.o ABSOLUTE
    ..\CMSIS\Source\system_gd32f10x.c        0x00000000   Number         0  system_gd32f10x.o ABSOLUTE
    ..\HW\Source\delay.c                     0x00000000   Number         0  delay.o ABSOLUTE
    ..\HW\Source\gd32f10x_it.c               0x00000000   Number         0  gd32f10x_it.o ABSOLUTE
    ..\HW\Source\iic.c                       0x00000000   Number         0  iic.o ABSOLUTE
    ..\HW\Source\m24c02.c                    0x00000000   Number         0  m24c02.o ABSOLUTE
    ..\HW\Source\spi.c                       0x00000000   Number         0  spi.o ABSOLUTE
    ..\HW\Source\usart.c                     0x00000000   Number         0  usart.o ABSOLUTE
    ..\HW\Source\w25q64.c                    0x00000000   Number         0  w25q64.o ABSOLUTE
    ..\LIB\Source\gd32f10x_dma.c             0x00000000   Number         0  gd32f10x_dma.o ABSOLUTE
    ..\LIB\Source\gd32f10x_gpio.c            0x00000000   Number         0  gd32f10x_gpio.o ABSOLUTE
    ..\LIB\Source\gd32f10x_misc.c            0x00000000   Number         0  gd32f10x_misc.o ABSOLUTE
    ..\LIB\Source\gd32f10x_rcu.c             0x00000000   Number         0  gd32f10x_rcu.o ABSOLUTE
    ..\LIB\Source\gd32f10x_spi.c             0x00000000   Number         0  gd32f10x_spi.o ABSOLUTE
    ..\LIB\Source\gd32f10x_usart.c           0x00000000   Number         0  gd32f10x_usart.o ABSOLUTE
    ..\\CMSIS\\Source\\system_gd32f10x.c     0x00000000   Number         0  system_gd32f10x.o ABSOLUTE
    ..\\HW\\Source\\delay.c                  0x00000000   Number         0  delay.o ABSOLUTE
    ..\\HW\\Source\\gd32f10x_it.c            0x00000000   Number         0  gd32f10x_it.o ABSOLUTE
    ..\\HW\\Source\\iic.c                    0x00000000   Number         0  iic.o ABSOLUTE
    ..\\HW\\Source\\m24c02.c                 0x00000000   Number         0  m24c02.o ABSOLUTE
    ..\\HW\\Source\\spi.c                    0x00000000   Number         0  spi.o ABSOLUTE
    ..\\HW\\Source\\usart.c                  0x00000000   Number         0  usart.o ABSOLUTE
    ..\\HW\\Source\\w25q64.c                 0x00000000   Number         0  w25q64.o ABSOLUTE
    ..\\LIB\\Source\\gd32f10x_dma.c          0x00000000   Number         0  gd32f10x_dma.o ABSOLUTE
    ..\\LIB\\Source\\gd32f10x_gpio.c         0x00000000   Number         0  gd32f10x_gpio.o ABSOLUTE
    ..\\LIB\\Source\\gd32f10x_misc.c         0x00000000   Number         0  gd32f10x_misc.o ABSOLUTE
    ..\\LIB\\Source\\gd32f10x_rcu.c          0x00000000   Number         0  gd32f10x_rcu.o ABSOLUTE
    ..\\LIB\\Source\\gd32f10x_spi.c          0x00000000   Number         0  gd32f10x_spi.o ABSOLUTE
    ..\\LIB\\Source\\gd32f10x_usart.c        0x00000000   Number         0  gd32f10x_usart.o ABSOLUTE
    dc.s                                     0x00000000   Number         0  dc.o ABSOLUTE
    main.c                                   0x00000000   Number         0  main.o ABSOLUTE
    main.c                                   0x00000000   Number         0  main.o ABSOLUTE
    RESET                                    0x08000000   Section      260  startup_gd32f10x_md.o(RESET)
    !!!main                                  0x08000104   Section        8  __main.o(!!!main)
    !!!scatter                               0x0800010c   Section       52  __scatter.o(!!!scatter)
    !!handler_zi                             0x08000140   Section       28  __scatter_zi.o(!!handler_zi)
    .ARM.Collect$$_printf_percent$$00000000  0x0800015c   Section        0  _printf_percent.o(.ARM.Collect$$_printf_percent$$00000000)
    .ARM.Collect$$_printf_percent$$00000001  0x0800015c   Section        6  _printf_n.o(.ARM.Collect$$_printf_percent$$00000001)
    .ARM.Collect$$_printf_percent$$00000002  0x08000162   Section        6  _printf_p.o(.ARM.Collect$$_printf_percent$$00000002)
    .ARM.Collect$$_printf_percent$$00000003  0x08000168   Section        6  _printf_f.o(.ARM.Collect$$_printf_percent$$00000003)
    .ARM.Collect$$_printf_percent$$00000004  0x0800016e   Section        6  _printf_e.o(.ARM.Collect$$_printf_percent$$00000004)
    .ARM.Collect$$_printf_percent$$00000005  0x08000174   Section        6  _printf_g.o(.ARM.Collect$$_printf_percent$$00000005)
    .ARM.Collect$$_printf_percent$$00000006  0x0800017a   Section        6  _printf_a.o(.ARM.Collect$$_printf_percent$$00000006)
    .ARM.Collect$$_printf_percent$$00000007  0x08000180   Section       10  _printf_ll.o(.ARM.Collect$$_printf_percent$$00000007)
    .ARM.Collect$$_printf_percent$$00000008  0x0800018a   Section        6  _printf_i.o(.ARM.Collect$$_printf_percent$$00000008)
    .ARM.Collect$$_printf_percent$$00000009  0x08000190   Section        6  _printf_d.o(.ARM.Collect$$_printf_percent$$00000009)
    .ARM.Collect$$_printf_percent$$0000000A  0x08000196   Section        6  _printf_u.o(.ARM.Collect$$_printf_percent$$0000000A)
    .ARM.Collect$$_printf_percent$$0000000B  0x0800019c   Section        6  _printf_o.o(.ARM.Collect$$_printf_percent$$0000000B)
    .ARM.Collect$$_printf_percent$$0000000C  0x080001a2   Section        6  _printf_x.o(.ARM.Collect$$_printf_percent$$0000000C)
    .ARM.Collect$$_printf_percent$$0000000D  0x080001a8   Section        6  _printf_lli.o(.ARM.Collect$$_printf_percent$$0000000D)
    .ARM.Collect$$_printf_percent$$0000000E  0x080001ae   Section        6  _printf_lld.o(.ARM.Collect$$_printf_percent$$0000000E)
    .ARM.Collect$$_printf_percent$$0000000F  0x080001b4   Section        6  _printf_llu.o(.ARM.Collect$$_printf_percent$$0000000F)
    .ARM.Collect$$_printf_percent$$00000010  0x080001ba   Section        6  _printf_llo.o(.ARM.Collect$$_printf_percent$$00000010)
    .ARM.Collect$$_printf_percent$$00000011  0x080001c0   Section        6  _printf_llx.o(.ARM.Collect$$_printf_percent$$00000011)
    .ARM.Collect$$_printf_percent$$00000012  0x080001c6   Section       10  _printf_l.o(.ARM.Collect$$_printf_percent$$00000012)
    .ARM.Collect$$_printf_percent$$00000013  0x080001d0   Section        6  _printf_c.o(.ARM.Collect$$_printf_percent$$00000013)
    .ARM.Collect$$_printf_percent$$00000014  0x080001d6   Section        6  _printf_s.o(.ARM.Collect$$_printf_percent$$00000014)
    .ARM.Collect$$_printf_percent$$00000015  0x080001dc   Section        6  _printf_lc.o(.ARM.Collect$$_printf_percent$$00000015)
    .ARM.Collect$$_printf_percent$$00000016  0x080001e2   Section        6  _printf_ls.o(.ARM.Collect$$_printf_percent$$00000016)
    .ARM.Collect$$_printf_percent$$00000017  0x080001e8   Section        4  _printf_percent_end.o(.ARM.Collect$$_printf_percent$$00000017)
    .ARM.Collect$$libinit$$00000000          0x080001ec   Section        2  libinit.o(.ARM.Collect$$libinit$$00000000)
    .ARM.Collect$$libinit$$00000002          0x080001ee   Section        0  libinit2.o(.ARM.Collect$$libinit$$00000002)
    .ARM.Collect$$libinit$$00000004          0x080001ee   Section        0  libinit2.o(.ARM.Collect$$libinit$$00000004)
    .ARM.Collect$$libinit$$0000000A          0x080001ee   Section        0  libinit2.o(.ARM.Collect$$libinit$$0000000A)
    .ARM.Collect$$libinit$$0000000C          0x080001ee   Section        0  libinit2.o(.ARM.Collect$$libinit$$0000000C)
    .ARM.Collect$$libinit$$0000000E          0x080001ee   Section        0  libinit2.o(.ARM.Collect$$libinit$$0000000E)
    .ARM.Collect$$libinit$$0000000F          0x080001ee   Section        6  libinit2.o(.ARM.Collect$$libinit$$0000000F)
    .ARM.Collect$$libinit$$00000011          0x080001f4   Section        0  libinit2.o(.ARM.Collect$$libinit$$00000011)
    .ARM.Collect$$libinit$$00000012          0x080001f4   Section       12  libinit2.o(.ARM.Collect$$libinit$$00000012)
    .ARM.Collect$$libinit$$00000013          0x08000200   Section        0  libinit2.o(.ARM.Collect$$libinit$$00000013)
    .ARM.Collect$$libinit$$00000015          0x08000200   Section        0  libinit2.o(.ARM.Collect$$libinit$$00000015)
    .ARM.Collect$$libinit$$00000016          0x08000200   Section       10  libinit2.o(.ARM.Collect$$libinit$$00000016)
    .ARM.Collect$$libinit$$00000017          0x0800020a   Section        0  libinit2.o(.ARM.Collect$$libinit$$00000017)
    .ARM.Collect$$libinit$$00000019          0x0800020a   Section        0  libinit2.o(.ARM.Collect$$libinit$$00000019)
    .ARM.Collect$$libinit$$0000001B          0x0800020a   Section        0  libinit2.o(.ARM.Collect$$libinit$$0000001B)
    .ARM.Collect$$libinit$$0000001D          0x0800020a   Section        0  libinit2.o(.ARM.Collect$$libinit$$0000001D)
    .ARM.Collect$$libinit$$0000001F          0x0800020a   Section        0  libinit2.o(.ARM.Collect$$libinit$$0000001F)
    .ARM.Collect$$libinit$$00000021          0x0800020a   Section        0  libinit2.o(.ARM.Collect$$libinit$$00000021)
    .ARM.Collect$$libinit$$00000023          0x0800020a   Section        0  libinit2.o(.ARM.Collect$$libinit$$00000023)
    .ARM.Collect$$libinit$$00000025          0x0800020a   Section        0  libinit2.o(.ARM.Collect$$libinit$$00000025)
    .ARM.Collect$$libinit$$0000002C          0x0800020a   Section        0  libinit2.o(.ARM.Collect$$libinit$$0000002C)
    .ARM.Collect$$libinit$$0000002E          0x0800020a   Section        0  libinit2.o(.ARM.Collect$$libinit$$0000002E)
    .ARM.Collect$$libinit$$00000030          0x0800020a   Section        0  libinit2.o(.ARM.Collect$$libinit$$00000030)
    .ARM.Collect$$libinit$$00000032          0x0800020a   Section        0  libinit2.o(.ARM.Collect$$libinit$$00000032)
    .ARM.Collect$$libinit$$00000033          0x0800020a   Section        2  libinit2.o(.ARM.Collect$$libinit$$00000033)
    .ARM.Collect$$libshutdown$$00000000      0x0800020c   Section        2  libshutdown.o(.ARM.Collect$$libshutdown$$00000000)
    .ARM.Collect$$libshutdown$$00000002      0x0800020e   Section        0  libshutdown2.o(.ARM.Collect$$libshutdown$$00000002)
    .ARM.Collect$$libshutdown$$00000004      0x0800020e   Section        0  libshutdown2.o(.ARM.Collect$$libshutdown$$00000004)
    .ARM.Collect$$libshutdown$$00000007      0x0800020e   Section        0  libshutdown2.o(.ARM.Collect$$libshutdown$$00000007)
    .ARM.Collect$$libshutdown$$0000000A      0x0800020e   Section        0  libshutdown2.o(.ARM.Collect$$libshutdown$$0000000A)
    .ARM.Collect$$libshutdown$$0000000C      0x0800020e   Section        0  libshutdown2.o(.ARM.Collect$$libshutdown$$0000000C)
    .ARM.Collect$$libshutdown$$0000000F      0x0800020e   Section        0  libshutdown2.o(.ARM.Collect$$libshutdown$$0000000F)
    .ARM.Collect$$libshutdown$$00000010      0x0800020e   Section        2  libshutdown2.o(.ARM.Collect$$libshutdown$$00000010)
    .ARM.Collect$$rtentry$$00000000          0x08000210   Section        0  __rtentry.o(.ARM.Collect$$rtentry$$00000000)
    .ARM.Collect$$rtentry$$00000002          0x08000210   Section        0  __rtentry2.o(.ARM.Collect$$rtentry$$00000002)
    .ARM.Collect$$rtentry$$00000004          0x08000210   Section        6  __rtentry4.o(.ARM.Collect$$rtentry$$00000004)
    .ARM.Collect$$rtentry$$00000009          0x08000216   Section        0  __rtentry2.o(.ARM.Collect$$rtentry$$00000009)
    .ARM.Collect$$rtentry$$0000000A          0x08000216   Section        4  __rtentry2.o(.ARM.Collect$$rtentry$$0000000A)
    .ARM.Collect$$rtentry$$0000000C          0x0800021a   Section        0  __rtentry2.o(.ARM.Collect$$rtentry$$0000000C)
    .ARM.Collect$$rtentry$$0000000D          0x0800021a   Section        8  __rtentry2.o(.ARM.Collect$$rtentry$$0000000D)
    .ARM.Collect$$rtexit$$00000000           0x08000222   Section        2  rtexit.o(.ARM.Collect$$rtexit$$00000000)
    .ARM.Collect$$rtexit$$00000002           0x08000224   Section        0  rtexit2.o(.ARM.Collect$$rtexit$$00000002)
    .ARM.Collect$$rtexit$$00000003           0x08000224   Section        4  rtexit2.o(.ARM.Collect$$rtexit$$00000003)
    .ARM.Collect$$rtexit$$00000004           0x08000228   Section        6  rtexit2.o(.ARM.Collect$$rtexit$$00000004)
    .text                                    0x08000230   Section       64  startup_gd32f10x_md.o(.text)
    .text                                    0x08000270   Section        0  vsprintf.o(.text)
    .text                                    0x08000294   Section        0  strlen.o(.text)
    .text                                    0x080002d2   Section        0  heapauxi.o(.text)
    .text                                    0x080002d8   Section        0  _printf_pad.o(.text)
    .text                                    0x08000326   Section        0  _printf_truncate.o(.text)
    .text                                    0x0800034a   Section        0  _printf_str.o(.text)
    .text                                    0x0800039c   Section        0  _printf_dec.o(.text)
    .text                                    0x08000414   Section        0  _printf_charcount.o(.text)
    .text                                    0x0800043c   Section        0  _printf_char_common.o(.text)
    _printf_input_char                       0x0800043d   Thumb Code    10  _printf_char_common.o(.text)
    .text                                    0x0800046c   Section        0  _sputc.o(.text)
    .text                                    0x08000478   Section        0  _printf_wctomb.o(.text)
    .text                                    0x08000534   Section        0  _printf_longlong_dec.o(.text)
    .text                                    0x080005b0   Section        0  _printf_oct_int_ll.o(.text)
    _printf_longlong_oct_internal            0x080005b1   Thumb Code     0  _printf_oct_int_ll.o(.text)
    .text                                    0x08000620   Section        0  _printf_hex_int_ll_ptr.o(.text)
    _printf_hex_common                       0x08000621   Thumb Code     0  _printf_hex_int_ll_ptr.o(.text)
    .text                                    0x080006b4   Section        0  __printf_flags_ss_wp.o(.text)
    .text                                    0x0800083c   Section      138  lludiv10.o(.text)
    .text                                    0x080008c6   Section        0  _printf_intcommon.o(.text)
    .text                                    0x08000978   Section        0  _printf_fp_dec.o(.text)
    _fp_digits                               0x0800097b   Thumb Code   432  _printf_fp_dec.o(.text)
    .text                                    0x08000d98   Section        0  _printf_fp_hex.o(.text)
    .text                                    0x08001094   Section        0  _printf_char.o(.text)
    .text                                    0x080010c0   Section        0  _printf_wchar.o(.text)
    .text                                    0x080010ec   Section        0  _wcrtomb.o(.text)
    .text                                    0x0800112c   Section       74  sys_stackheap_outer.o(.text)
    .text                                    0x08001178   Section       16  rt_ctype_table.o(.text)
    .text                                    0x08001188   Section        8  rt_locale_intlibspace.o(.text)
    .text                                    0x08001190   Section        0  _printf_fp_infnan.o(.text)
    .text                                    0x08001210   Section        0  bigflt0.o(.text)
    .text                                    0x080012f4   Section        0  exit.o(.text)
    .text                                    0x08001308   Section        8  libspace.o(.text)
    .text                                    0x08001310   Section      128  strcmpv7m.o(.text)
    .text                                    0x08001390   Section        0  sys_exit.o(.text)
    .text                                    0x0800139c   Section        2  use_no_semi.o(.text)
    .text                                    0x0800139e   Section        0  indicate_semi.o(.text)
    CL$$btod_d2e                             0x0800139e   Section       62  btod.o(CL$$btod_d2e)
    CL$$btod_d2e_denorm_low                  0x080013dc   Section       70  btod.o(CL$$btod_d2e_denorm_low)
    CL$$btod_d2e_norm_op1                    0x08001422   Section       96  btod.o(CL$$btod_d2e_norm_op1)
    CL$$btod_div_common                      0x08001482   Section      824  btod.o(CL$$btod_div_common)
    CL$$btod_e2e                             0x080017ba   Section      220  btod.o(CL$$btod_e2e)
    CL$$btod_ediv                            0x08001896   Section       42  btod.o(CL$$btod_ediv)
    CL$$btod_emul                            0x080018c0   Section       42  btod.o(CL$$btod_emul)
    CL$$btod_mult_common                     0x080018ea   Section      580  btod.o(CL$$btod_mult_common)
    i.BusFault_Handler                       0x08001b2e   Section        0  gd32f10x_it.o(i.BusFault_Handler)
    i.DMA_Init                               0x08001b34   Section        0  usart.o(i.DMA_Init)
    i.DebugMon_Handler                       0x08001ba0   Section        0  gd32f10x_it.o(i.DebugMon_Handler)
    i.Delay_Init                             0x08001ba2   Section        0  delay.o(i.Delay_Init)
    i.Delay_Ms                               0x08001bac   Section        0  delay.o(i.Delay_Ms)
    i.Delay_Us                               0x08001bc6   Section        0  delay.o(i.Delay_Us)
    i.HardFault_Handler                      0x08001c00   Section        0  gd32f10x_it.o(i.HardFault_Handler)
    i.MemManage_Handler                      0x08001c04   Section        0  gd32f10x_it.o(i.MemManage_Handler)
    i.NMI_Handler                            0x08001c08   Section        0  gd32f10x_it.o(i.NMI_Handler)
    i.PendSV_Handler                         0x08001c0a   Section        0  gd32f10x_it.o(i.PendSV_Handler)
    i.SPI0_Init                              0x08001c0c   Section        0  spi.o(i.SPI0_Init)
    i.SPI0_Read                              0x08001c74   Section        0  spi.o(i.SPI0_Read)
    i.SPI0_ReadWriteByte                     0x08001c90   Section        0  spi.o(i.SPI0_ReadWriteByte)
    i.SPI0_Write                             0x08001cc8   Section        0  spi.o(i.SPI0_Write)
    i.SVC_Handler                            0x08001ce2   Section        0  gd32f10x_it.o(i.SVC_Handler)
    i.SysTick_Handler                        0x08001ce4   Section        0  gd32f10x_it.o(i.SysTick_Handler)
    i.SystemInit                             0x08001ce8   Section        0  system_gd32f10x.o(i.SystemInit)
    i.U0Rx_PtrInit                           0x08001dbc   Section        0  usart.o(i.U0Rx_PtrInit)
    i.USART0_IRQHandler                      0x08001de0   Section        0  gd32f10x_it.o(i.USART0_IRQHandler)
    i.UsageFault_Handler                     0x08001eac   Section        0  gd32f10x_it.o(i.UsageFault_Handler)
    i.Usart0_Init                            0x08001eb0   Section        0  usart.o(i.Usart0_Init)
    i.W25Q64_Enable                          0x08001f54   Section        0  w25q64.o(i.W25Q64_Enable)
    i.W25Q64_Erase64K                        0x08001f78   Section        0  w25q64.o(i.W25Q64_Erase64K)
    i.W25Q64_Init                            0x08001fc4   Section        0  w25q64.o(i.W25Q64_Init)
    i.W25Q64_PageWrite                       0x08001fec   Section        0  w25q64.o(i.W25Q64_PageWrite)
    i.W25Q64_Read                            0x08002040   Section        0  w25q64.o(i.W25Q64_Read)
    i.W25Q64_WaitBusy                        0x0800208c   Section        0  w25q64.o(i.W25Q64_WaitBusy)
    i.__ARM_fpclassify                       0x080020bc   Section        0  fpclassify.o(i.__ARM_fpclassify)
    i._is_digit                              0x080020e4   Section        0  __printf_wp.o(i._is_digit)
    i.dma_channel_disable                    0x080020f2   Section        0  gd32f10x_dma.o(i.dma_channel_disable)
    i.dma_channel_enable                     0x08002124   Section        0  gd32f10x_dma.o(i.dma_channel_enable)
    i.dma_circulation_disable                0x08002156   Section        0  gd32f10x_dma.o(i.dma_circulation_disable)
    i.dma_deinit                             0x08002188   Section        0  gd32f10x_dma.o(i.dma_deinit)
    i.dma_init                               0x080021f8   Section        0  gd32f10x_dma.o(i.dma_init)
    i.dma_memory_address_config              0x08002326   Section        0  gd32f10x_dma.o(i.dma_memory_address_config)
    i.dma_periph_and_channel_check           0x0800234c   Section        0  gd32f10x_dma.o(i.dma_periph_and_channel_check)
    dma_periph_and_channel_check             0x0800234d   Thumb Code    18  gd32f10x_dma.o(i.dma_periph_and_channel_check)
    i.dma_transfer_number_config             0x08002364   Section        0  gd32f10x_dma.o(i.dma_transfer_number_config)
    i.dma_transfer_number_get                0x0800238a   Section        0  gd32f10x_dma.o(i.dma_transfer_number_get)
    i.gpio_bit_reset                         0x080023ac   Section        0  gd32f10x_gpio.o(i.gpio_bit_reset)
    i.gpio_bit_set                           0x080023b0   Section        0  gd32f10x_gpio.o(i.gpio_bit_set)
    i.gpio_init                              0x080023b4   Section        0  gd32f10x_gpio.o(i.gpio_init)
    i.main                                   0x08002460   Section        0  main.o(i.main)
    i.nvic_irq_enable                        0x080024ec   Section        0  gd32f10x_misc.o(i.nvic_irq_enable)
    i.nvic_priority_group_set                0x08002598   Section        0  gd32f10x_misc.o(i.nvic_priority_group_set)
    i.nvic_vector_table_set                  0x080025ac   Section        0  gd32f10x_misc.o(i.nvic_vector_table_set)
    i.rcu_clock_freq_get                     0x080025c4   Section        0  gd32f10x_rcu.o(i.rcu_clock_freq_get)
    i.rcu_periph_clock_enable                0x080026e8   Section        0  gd32f10x_rcu.o(i.rcu_periph_clock_enable)
    i.rcu_periph_reset_disable               0x08002708   Section        0  gd32f10x_rcu.o(i.rcu_periph_reset_disable)
    i.rcu_periph_reset_enable                0x08002728   Section        0  gd32f10x_rcu.o(i.rcu_periph_reset_enable)
    i.spi_enable                             0x08002748   Section        0  gd32f10x_spi.o(i.spi_enable)
    i.spi_i2s_data_receive                   0x08002752   Section        0  gd32f10x_spi.o(i.spi_i2s_data_receive)
    i.spi_i2s_data_transmit                  0x0800275a   Section        0  gd32f10x_spi.o(i.spi_i2s_data_transmit)
    i.spi_i2s_deinit                         0x08002760   Section        0  gd32f10x_spi.o(i.spi_i2s_deinit)
    i.spi_i2s_flag_get                       0x080027b8   Section        0  gd32f10x_spi.o(i.spi_i2s_flag_get)
    i.spi_init                               0x080027c8   Section        0  gd32f10x_spi.o(i.spi_init)
    i.system_clock_108m_hxtal                0x080027fc   Section        0  system_gd32f10x.o(i.system_clock_108m_hxtal)
    system_clock_108m_hxtal                  0x080027fd   Thumb Code   182  system_gd32f10x.o(i.system_clock_108m_hxtal)
    i.system_clock_config                    0x080028c0   Section        0  system_gd32f10x.o(i.system_clock_config)
    system_clock_config                      0x080028c1   Thumb Code     8  system_gd32f10x.o(i.system_clock_config)
    i.systick_clksource_set                  0x080028c8   Section        0  gd32f10x_misc.o(i.systick_clksource_set)
    i.u0_printf                              0x080028f0   Section        0  usart.o(i.u0_printf)
    i.usart_baudrate_set                     0x0800294c   Section        0  gd32f10x_usart.o(i.usart_baudrate_set)
    i.usart_data_receive                     0x080029dc   Section        0  gd32f10x_usart.o(i.usart_data_receive)
    i.usart_data_transmit                    0x080029e6   Section        0  gd32f10x_usart.o(i.usart_data_transmit)
    i.usart_deinit                           0x080029f0   Section        0  gd32f10x_usart.o(i.usart_deinit)
    i.usart_dma_receive_config               0x08002a80   Section        0  gd32f10x_usart.o(i.usart_dma_receive_config)
    i.usart_enable                           0x08002a90   Section        0  gd32f10x_usart.o(i.usart_enable)
    i.usart_flag_get                         0x08002a9a   Section        0  gd32f10x_usart.o(i.usart_flag_get)
    i.usart_interrupt_enable                 0x08002ab8   Section        0  gd32f10x_usart.o(i.usart_interrupt_enable)
    i.usart_interrupt_flag_get               0x08002ad2   Section        0  gd32f10x_usart.o(i.usart_interrupt_flag_get)
    i.usart_parity_config                    0x08002b0a   Section        0  gd32f10x_usart.o(i.usart_parity_config)
    i.usart_receive_config                   0x08002b1a   Section        0  gd32f10x_usart.o(i.usart_receive_config)
    i.usart_stop_bit_set                     0x08002b2a   Section        0  gd32f10x_usart.o(i.usart_stop_bit_set)
    i.usart_transmit_config                  0x08002b3a   Section        0  gd32f10x_usart.o(i.usart_transmit_config)
    i.usart_word_length_set                  0x08002b4a   Section        0  gd32f10x_usart.o(i.usart_word_length_set)
    locale$$code                             0x08002b5c   Section       44  lc_numeric_c.o(locale$$code)
    locale$$code                             0x08002b88   Section       44  lc_ctype_c.o(locale$$code)
    x$fpl$printf1                            0x08002bb4   Section        4  printf1.o(x$fpl$printf1)
    x$fpl$printf2                            0x08002bb8   Section        4  printf2.o(x$fpl$printf2)
    .constdata                               0x08002bbc   Section        8  _printf_wctomb.o(.constdata)
    x$fpl$usenofp                            0x08002bbc   Section        0  usenofp.o(x$fpl$usenofp)
    initial_mbstate                          0x08002bbc   Data           8  _printf_wctomb.o(.constdata)
    .constdata                               0x08002bc4   Section       40  _printf_hex_int_ll_ptr.o(.constdata)
    uc_hextab                                0x08002bc4   Data          20  _printf_hex_int_ll_ptr.o(.constdata)
    lc_hextab                                0x08002bd8   Data          20  _printf_hex_int_ll_ptr.o(.constdata)
    .constdata                               0x08002bec   Section       17  __printf_flags_ss_wp.o(.constdata)
    maptable                                 0x08002bec   Data          17  __printf_flags_ss_wp.o(.constdata)
    .constdata                               0x08002bfd   Section       38  _printf_fp_hex.o(.constdata)
    lc_hextab                                0x08002bfd   Data          19  _printf_fp_hex.o(.constdata)
    uc_hextab                                0x08002c10   Data          19  _printf_fp_hex.o(.constdata)
    .constdata                               0x08002c24   Section      148  bigflt0.o(.constdata)
    tenpwrs_x                                0x08002c24   Data          60  bigflt0.o(.constdata)
    tenpwrs_i                                0x08002c60   Data          64  bigflt0.o(.constdata)
    locale$$data                             0x08002cc8   Section       28  lc_numeric_c.o(locale$$data)
    __lcnum_c_name                           0x08002ccc   Data           2  lc_numeric_c.o(locale$$data)
    __lcnum_c_start                          0x08002cd4   Data           0  lc_numeric_c.o(locale$$data)
    __lcnum_c_point                          0x08002ce0   Data           0  lc_numeric_c.o(locale$$data)
    __lcnum_c_thousands                      0x08002ce2   Data           0  lc_numeric_c.o(locale$$data)
    __lcnum_c_grouping                       0x08002ce3   Data           0  lc_numeric_c.o(locale$$data)
    locale$$data                             0x08002ce4   Section      272  lc_ctype_c.o(locale$$data)
    __lcnum_c_end                            0x08002ce4   Data           0  lc_numeric_c.o(locale$$data)
    __lcctype_c_name                         0x08002ce8   Data           2  lc_ctype_c.o(locale$$data)
    __lcctype_c_start                        0x08002cf0   Data           0  lc_ctype_c.o(locale$$data)
    __lcctype_c_end                          0x08002df4   Data           0  lc_ctype_c.o(locale$$data)
    .bss                                     0x20000000   Section      512  main.o(.bss)
    .bss                                     0x20000200   Section     4192  usart.o(.bss)
    .bss                                     0x20001260   Section       96  libspace.o(.bss)
    HEAP                                     0x200012c0   Section      512  startup_gd32f10x_md.o(HEAP)
    Heap_Mem                                 0x200012c0   Data         512  startup_gd32f10x_md.o(HEAP)
    STACK                                    0x200014c0   Section     1024  startup_gd32f10x_md.o(STACK)
    Stack_Mem                                0x200014c0   Data        1024  startup_gd32f10x_md.o(STACK)
    __initial_sp                             0x200018c0   Data           0  startup_gd32f10x_md.o(STACK)

    Global Symbols

    Symbol Name                              Value     Ov Type        Size  Object(Section)

    BuildAttributes$$THM_ISAv4$P$D$K$B$S$PE$A:L22UL41UL21$X:L11$S22US41US21$IEEE1$IW$USESV6$~STKCKD$USESV7$~SHL$OTIME$ROPI$IEEEJ$EBA8$UX$STANDARDLIB$REQ8$PRES8$EABIv2 0x00000000   Number         0  anon$$obj.o ABSOLUTE
    __ARM_use_no_argv                        0x00000000   Number         0  main.o ABSOLUTE
    _printf_flags                            0x00000000   Number         0  printf_stubs.o ABSOLUTE
    _printf_return_value                     0x00000000   Number         0  printf_stubs.o ABSOLUTE
    _printf_sizespec                         0x00000000   Number         0  printf_stubs.o ABSOLUTE
    _printf_widthprec                        0x00000000   Number         0  printf_stubs.o ABSOLUTE
    __ARM_exceptions_init                     - Undefined Weak Reference
    __alloca_initialize                       - Undefined Weak Reference
    __arm_preinit_                            - Undefined Weak Reference
    __cpp_initialize__aeabi_                  - Undefined Weak Reference
    __cxa_finalize                            - Undefined Weak Reference
    __sigvec_lookup                           - Undefined Weak Reference
    _atexit_init                              - Undefined Weak Reference
    _call_atexit_fns                          - Undefined Weak Reference
    _clock_init                               - Undefined Weak Reference
    _fp_trap_init                             - Undefined Weak Reference
    _fp_trap_shutdown                         - Undefined Weak Reference
    _get_lc_collate                           - Undefined Weak Reference
    _get_lc_monetary                          - Undefined Weak Reference
    _get_lc_time                              - Undefined Weak Reference
    _getenv_init                              - Undefined Weak Reference
    _handle_redirection                       - Undefined Weak Reference
    _init_alloc                               - Undefined Weak Reference
    _init_user_alloc                          - Undefined Weak Reference
    _initio                                   - Undefined Weak Reference
    _printf_mbtowc                            - Undefined Weak Reference
    _printf_wc                                - Undefined Weak Reference
    _rand_init                                - Undefined Weak Reference
    _signal_finish                            - Undefined Weak Reference
    _signal_init                              - Undefined Weak Reference
    _terminate_alloc                          - Undefined Weak Reference
    _terminate_user_alloc                     - Undefined Weak Reference
    _terminateio                              - Undefined Weak Reference
    __Vectors_Size                           0x00000104   Number         0  startup_gd32f10x_md.o ABSOLUTE
    __Vectors                                0x08000000   Data           4  startup_gd32f10x_md.o(RESET)
    __Vectors_End                            0x08000104   Data           0  startup_gd32f10x_md.o(RESET)
    __main                                   0x08000105   Thumb Code     8  __main.o(!!!main)
    __scatterload                            0x0800010d   Thumb Code     0  __scatter.o(!!!scatter)
    __scatterload_rt2                        0x0800010d   Thumb Code    44  __scatter.o(!!!scatter)
    __scatterload_rt2_thumb_only             0x0800010d   Thumb Code     0  __scatter.o(!!!scatter)
    __scatterload_null                       0x0800011b   Thumb Code     0  __scatter.o(!!!scatter)
    __scatterload_zeroinit                   0x08000141   Thumb Code    28  __scatter_zi.o(!!handler_zi)
    _printf_n                                0x0800015d   Thumb Code     0  _printf_n.o(.ARM.Collect$$_printf_percent$$00000001)
    _printf_percent                          0x0800015d   Thumb Code     0  _printf_percent.o(.ARM.Collect$$_printf_percent$$00000000)
    _printf_p                                0x08000163   Thumb Code     0  _printf_p.o(.ARM.Collect$$_printf_percent$$00000002)
    _printf_f                                0x08000169   Thumb Code     0  _printf_f.o(.ARM.Collect$$_printf_percent$$00000003)
    _printf_e                                0x0800016f   Thumb Code     0  _printf_e.o(.ARM.Collect$$_printf_percent$$00000004)
    _printf_g                                0x08000175   Thumb Code     0  _printf_g.o(.ARM.Collect$$_printf_percent$$00000005)
    _printf_a                                0x0800017b   Thumb Code     0  _printf_a.o(.ARM.Collect$$_printf_percent$$00000006)
    _printf_ll                               0x08000181   Thumb Code     0  _printf_ll.o(.ARM.Collect$$_printf_percent$$00000007)
    _printf_i                                0x0800018b   Thumb Code     0  _printf_i.o(.ARM.Collect$$_printf_percent$$00000008)
    _printf_d                                0x08000191   Thumb Code     0  _printf_d.o(.ARM.Collect$$_printf_percent$$00000009)
    _printf_u                                0x08000197   Thumb Code     0  _printf_u.o(.ARM.Collect$$_printf_percent$$0000000A)
    _printf_o                                0x0800019d   Thumb Code     0  _printf_o.o(.ARM.Collect$$_printf_percent$$0000000B)
    _printf_x                                0x080001a3   Thumb Code     0  _printf_x.o(.ARM.Collect$$_printf_percent$$0000000C)
    _printf_lli                              0x080001a9   Thumb Code     0  _printf_lli.o(.ARM.Collect$$_printf_percent$$0000000D)
    _printf_lld                              0x080001af   Thumb Code     0  _printf_lld.o(.ARM.Collect$$_printf_percent$$0000000E)
    _printf_llu                              0x080001b5   Thumb Code     0  _printf_llu.o(.ARM.Collect$$_printf_percent$$0000000F)
    _printf_llo                              0x080001bb   Thumb Code     0  _printf_llo.o(.ARM.Collect$$_printf_percent$$00000010)
    _printf_llx                              0x080001c1   Thumb Code     0  _printf_llx.o(.ARM.Collect$$_printf_percent$$00000011)
    _printf_l                                0x080001c7   Thumb Code     0  _printf_l.o(.ARM.Collect$$_printf_percent$$00000012)
    _printf_c                                0x080001d1   Thumb Code     0  _printf_c.o(.ARM.Collect$$_printf_percent$$00000013)
    _printf_s                                0x080001d7   Thumb Code     0  _printf_s.o(.ARM.Collect$$_printf_percent$$00000014)
    _printf_lc                               0x080001dd   Thumb Code     0  _printf_lc.o(.ARM.Collect$$_printf_percent$$00000015)
    _printf_ls                               0x080001e3   Thumb Code     0  _printf_ls.o(.ARM.Collect$$_printf_percent$$00000016)
    _printf_percent_end                      0x080001e9   Thumb Code     0  _printf_percent_end.o(.ARM.Collect$$_printf_percent$$00000017)
    __rt_lib_init                            0x080001ed   Thumb Code     0  libinit.o(.ARM.Collect$$libinit$$00000000)
    __rt_lib_init_fp_1                       0x080001ef   Thumb Code     0  libinit2.o(.ARM.Collect$$libinit$$00000002)
    __rt_lib_init_heap_1                     0x080001ef   Thumb Code     0  libinit2.o(.ARM.Collect$$libinit$$0000000A)
    __rt_lib_init_lc_common                  0x080001ef   Thumb Code     0  libinit2.o(.ARM.Collect$$libinit$$0000000F)
    __rt_lib_init_preinit_1                  0x080001ef   Thumb Code     0  libinit2.o(.ARM.Collect$$libinit$$00000004)
    __rt_lib_init_rand_1                     0x080001ef   Thumb Code     0  libinit2.o(.ARM.Collect$$libinit$$0000000E)
    __rt_lib_init_user_alloc_1               0x080001ef   Thumb Code     0  libinit2.o(.ARM.Collect$$libinit$$0000000C)
    __rt_lib_init_lc_collate_1               0x080001f5   Thumb Code     0  libinit2.o(.ARM.Collect$$libinit$$00000011)
    __rt_lib_init_lc_ctype_2                 0x080001f5   Thumb Code     0  libinit2.o(.ARM.Collect$$libinit$$00000012)
    __rt_lib_init_lc_ctype_1                 0x08000201   Thumb Code     0  libinit2.o(.ARM.Collect$$libinit$$00000013)
    __rt_lib_init_lc_monetary_1              0x08000201   Thumb Code     0  libinit2.o(.ARM.Collect$$libinit$$00000015)
    __rt_lib_init_lc_numeric_2               0x08000201   Thumb Code     0  libinit2.o(.ARM.Collect$$libinit$$00000016)
    __rt_lib_init_alloca_1                   0x0800020b   Thumb Code     0  libinit2.o(.ARM.Collect$$libinit$$0000002E)
    __rt_lib_init_argv_1                     0x0800020b   Thumb Code     0  libinit2.o(.ARM.Collect$$libinit$$0000002C)
    __rt_lib_init_atexit_1                   0x0800020b   Thumb Code     0  libinit2.o(.ARM.Collect$$libinit$$0000001B)
    __rt_lib_init_clock_1                    0x0800020b   Thumb Code     0  libinit2.o(.ARM.Collect$$libinit$$00000021)
    __rt_lib_init_cpp_1                      0x0800020b   Thumb Code     0  libinit2.o(.ARM.Collect$$libinit$$00000032)
    __rt_lib_init_exceptions_1               0x0800020b   Thumb Code     0  libinit2.o(.ARM.Collect$$libinit$$00000030)
    __rt_lib_init_fp_trap_1                  0x0800020b   Thumb Code     0  libinit2.o(.ARM.Collect$$libinit$$0000001F)
    __rt_lib_init_getenv_1                   0x0800020b   Thumb Code     0  libinit2.o(.ARM.Collect$$libinit$$00000023)
    __rt_lib_init_lc_numeric_1               0x0800020b   Thumb Code     0  libinit2.o(.ARM.Collect$$libinit$$00000017)
    __rt_lib_init_lc_time_1                  0x0800020b   Thumb Code     0  libinit2.o(.ARM.Collect$$libinit$$00000019)
    __rt_lib_init_return                     0x0800020b   Thumb Code     0  libinit2.o(.ARM.Collect$$libinit$$00000033)
    __rt_lib_init_signal_1                   0x0800020b   Thumb Code     0  libinit2.o(.ARM.Collect$$libinit$$0000001D)
    __rt_lib_init_stdio_1                    0x0800020b   Thumb Code     0  libinit2.o(.ARM.Collect$$libinit$$00000025)
    __rt_lib_shutdown                        0x0800020d   Thumb Code     0  libshutdown.o(.ARM.Collect$$libshutdown$$00000000)
    __rt_lib_shutdown_cpp_1                  0x0800020f   Thumb Code     0  libshutdown2.o(.ARM.Collect$$libshutdown$$00000002)
    __rt_lib_shutdown_fp_trap_1              0x0800020f   Thumb Code     0  libshutdown2.o(.ARM.Collect$$libshutdown$$00000007)
    __rt_lib_shutdown_heap_1                 0x0800020f   Thumb Code     0  libshutdown2.o(.ARM.Collect$$libshutdown$$0000000F)
    __rt_lib_shutdown_return                 0x0800020f   Thumb Code     0  libshutdown2.o(.ARM.Collect$$libshutdown$$00000010)
    __rt_lib_shutdown_signal_1               0x0800020f   Thumb Code     0  libshutdown2.o(.ARM.Collect$$libshutdown$$0000000A)
    __rt_lib_shutdown_stdio_1                0x0800020f   Thumb Code     0  libshutdown2.o(.ARM.Collect$$libshutdown$$00000004)
    __rt_lib_shutdown_user_alloc_1           0x0800020f   Thumb Code     0  libshutdown2.o(.ARM.Collect$$libshutdown$$0000000C)
    __rt_entry                               0x08000211   Thumb Code     0  __rtentry.o(.ARM.Collect$$rtentry$$00000000)
    __rt_entry_presh_1                       0x08000211   Thumb Code     0  __rtentry2.o(.ARM.Collect$$rtentry$$00000002)
    __rt_entry_sh                            0x08000211   Thumb Code     0  __rtentry4.o(.ARM.Collect$$rtentry$$00000004)
    __rt_entry_li                            0x08000217   Thumb Code     0  __rtentry2.o(.ARM.Collect$$rtentry$$0000000A)
    __rt_entry_postsh_1                      0x08000217   Thumb Code     0  __rtentry2.o(.ARM.Collect$$rtentry$$00000009)
    __rt_entry_main                          0x0800021b   Thumb Code     0  __rtentry2.o(.ARM.Collect$$rtentry$$0000000D)
    __rt_entry_postli_1                      0x0800021b   Thumb Code     0  __rtentry2.o(.ARM.Collect$$rtentry$$0000000C)
    __rt_exit                                0x08000223   Thumb Code     0  rtexit.o(.ARM.Collect$$rtexit$$00000000)
    __rt_exit_ls                             0x08000225   Thumb Code     0  rtexit2.o(.ARM.Collect$$rtexit$$00000003)
    __rt_exit_prels_1                        0x08000225   Thumb Code     0  rtexit2.o(.ARM.Collect$$rtexit$$00000002)
    __rt_exit_exit                           0x08000229   Thumb Code     0  rtexit2.o(.ARM.Collect$$rtexit$$00000004)
    Reset_Handler                            0x08000231   Thumb Code     8  startup_gd32f10x_md.o(.text)
    ADC0_1_IRQHandler                        0x0800024b   Thumb Code     0  startup_gd32f10x_md.o(.text)
    CAN0_EWMC_IRQHandler                     0x0800024b   Thumb Code     0  startup_gd32f10x_md.o(.text)
    CAN0_RX1_IRQHandler                      0x0800024b   Thumb Code     0  startup_gd32f10x_md.o(.text)
    DMA0_Channel0_IRQHandler                 0x0800024b   Thumb Code     0  startup_gd32f10x_md.o(.text)
    DMA0_Channel1_IRQHandler                 0x0800024b   Thumb Code     0  startup_gd32f10x_md.o(.text)
    DMA0_Channel2_IRQHandler                 0x0800024b   Thumb Code     0  startup_gd32f10x_md.o(.text)
    DMA0_Channel3_IRQHandler                 0x0800024b   Thumb Code     0  startup_gd32f10x_md.o(.text)
    DMA0_Channel4_IRQHandler                 0x0800024b   Thumb Code     0  startup_gd32f10x_md.o(.text)
    DMA0_Channel5_IRQHandler                 0x0800024b   Thumb Code     0  startup_gd32f10x_md.o(.text)
    DMA0_Channel6_IRQHandler                 0x0800024b   Thumb Code     0  startup_gd32f10x_md.o(.text)
    EXMC_IRQHandler                          0x0800024b   Thumb Code     0  startup_gd32f10x_md.o(.text)
    EXTI0_IRQHandler                         0x0800024b   Thumb Code     0  startup_gd32f10x_md.o(.text)
    EXTI10_15_IRQHandler                     0x0800024b   Thumb Code     0  startup_gd32f10x_md.o(.text)
    EXTI1_IRQHandler                         0x0800024b   Thumb Code     0  startup_gd32f10x_md.o(.text)
    EXTI2_IRQHandler                         0x0800024b   Thumb Code     0  startup_gd32f10x_md.o(.text)
    EXTI3_IRQHandler                         0x0800024b   Thumb Code     0  startup_gd32f10x_md.o(.text)
    EXTI4_IRQHandler                         0x0800024b   Thumb Code     0  startup_gd32f10x_md.o(.text)
    EXTI5_9_IRQHandler                       0x0800024b   Thumb Code     0  startup_gd32f10x_md.o(.text)
    FMC_IRQHandler                           0x0800024b   Thumb Code     0  startup_gd32f10x_md.o(.text)
    I2C0_ER_IRQHandler                       0x0800024b   Thumb Code     0  startup_gd32f10x_md.o(.text)
    I2C0_EV_IRQHandler                       0x0800024b   Thumb Code     0  startup_gd32f10x_md.o(.text)
    I2C1_ER_IRQHandler                       0x0800024b   Thumb Code     0  startup_gd32f10x_md.o(.text)
    I2C1_EV_IRQHandler                       0x0800024b   Thumb Code     0  startup_gd32f10x_md.o(.text)
    LVD_IRQHandler                           0x0800024b   Thumb Code     0  startup_gd32f10x_md.o(.text)
    RCU_IRQHandler                           0x0800024b   Thumb Code     0  startup_gd32f10x_md.o(.text)
    RTC_Alarm_IRQHandler                     0x0800024b   Thumb Code     0  startup_gd32f10x_md.o(.text)
    RTC_IRQHandler                           0x0800024b   Thumb Code     0  startup_gd32f10x_md.o(.text)
    SPI0_IRQHandler                          0x0800024b   Thumb Code     0  startup_gd32f10x_md.o(.text)
    SPI1_IRQHandler                          0x0800024b   Thumb Code     0  startup_gd32f10x_md.o(.text)
    TAMPER_IRQHandler                        0x0800024b   Thumb Code     0  startup_gd32f10x_md.o(.text)
    TIMER0_BRK_IRQHandler                    0x0800024b   Thumb Code     0  startup_gd32f10x_md.o(.text)
    TIMER0_Channel_IRQHandler                0x0800024b   Thumb Code     0  startup_gd32f10x_md.o(.text)
    TIMER0_TRG_CMT_IRQHandler                0x0800024b   Thumb Code     0  startup_gd32f10x_md.o(.text)
    TIMER0_UP_IRQHandler                     0x0800024b   Thumb Code     0  startup_gd32f10x_md.o(.text)
    TIMER1_IRQHandler                        0x0800024b   Thumb Code     0  startup_gd32f10x_md.o(.text)
    TIMER2_IRQHandler                        0x0800024b   Thumb Code     0  startup_gd32f10x_md.o(.text)
    TIMER3_IRQHandler                        0x0800024b   Thumb Code     0  startup_gd32f10x_md.o(.text)
    USART1_IRQHandler                        0x0800024b   Thumb Code     0  startup_gd32f10x_md.o(.text)
    USART2_IRQHandler                        0x0800024b   Thumb Code     0  startup_gd32f10x_md.o(.text)
    USBD_HP_CAN0_TX_IRQHandler               0x0800024b   Thumb Code     0  startup_gd32f10x_md.o(.text)
    USBD_LP_CAN0_RX0_IRQHandler              0x0800024b   Thumb Code     0  startup_gd32f10x_md.o(.text)
    USBD_WKUP_IRQHandler                     0x0800024b   Thumb Code     0  startup_gd32f10x_md.o(.text)
    WWDGT_IRQHandler                         0x0800024b   Thumb Code     0  startup_gd32f10x_md.o(.text)
    __user_initial_stackheap                 0x0800024d   Thumb Code    10  startup_gd32f10x_md.o(.text)
    vsprintf                                 0x08000271   Thumb Code    32  vsprintf.o(.text)
    strlen                                   0x08000295   Thumb Code    62  strlen.o(.text)
    __use_two_region_memory                  0x080002d3   Thumb Code     2  heapauxi.o(.text)
    __rt_heap_escrow$2region                 0x080002d5   Thumb Code     2  heapauxi.o(.text)
    __rt_heap_expand$2region                 0x080002d7   Thumb Code     2  heapauxi.o(.text)
    _printf_pre_padding                      0x080002d9   Thumb Code    44  _printf_pad.o(.text)
    _printf_post_padding                     0x08000305   Thumb Code    34  _printf_pad.o(.text)
    _printf_truncate_signed                  0x08000327   Thumb Code    18  _printf_truncate.o(.text)
    _printf_truncate_unsigned                0x08000339   Thumb Code    18  _printf_truncate.o(.text)
    _printf_str                              0x0800034b   Thumb Code    82  _printf_str.o(.text)
    _printf_int_dec                          0x0800039d   Thumb Code   104  _printf_dec.o(.text)
    _printf_charcount                        0x08000415   Thumb Code    40  _printf_charcount.o(.text)
    _printf_char_common                      0x08000447   Thumb Code    32  _printf_char_common.o(.text)
    _sputc                                   0x0800046d   Thumb Code    10  _sputc.o(.text)
    _printf_wctomb                           0x08000479   Thumb Code   182  _printf_wctomb.o(.text)
    _printf_longlong_dec                     0x08000535   Thumb Code   108  _printf_longlong_dec.o(.text)
    _printf_longlong_oct                     0x080005b1   Thumb Code    66  _printf_oct_int_ll.o(.text)
    _printf_int_oct                          0x080005f3   Thumb Code    24  _printf_oct_int_ll.o(.text)
    _printf_ll_oct                           0x0800060b   Thumb Code    12  _printf_oct_int_ll.o(.text)
    _printf_longlong_hex                     0x08000621   Thumb Code    86  _printf_hex_int_ll_ptr.o(.text)
    _printf_int_hex                          0x08000677   Thumb Code    28  _printf_hex_int_ll_ptr.o(.text)
    _printf_ll_hex                           0x08000693   Thumb Code    12  _printf_hex_int_ll_ptr.o(.text)
    _printf_hex_ptr                          0x0800069f   Thumb Code    18  _printf_hex_int_ll_ptr.o(.text)
    __printf                                 0x080006b5   Thumb Code   388  __printf_flags_ss_wp.o(.text)
    _ll_udiv10                               0x0800083d   Thumb Code   138  lludiv10.o(.text)
    _printf_int_common                       0x080008c7   Thumb Code   178  _printf_intcommon.o(.text)
    __lib_sel_fp_printf                      0x08000979   Thumb Code     2  _printf_fp_dec.o(.text)
    _printf_fp_dec_real                      0x08000b2b   Thumb Code   620  _printf_fp_dec.o(.text)
    _printf_fp_hex_real                      0x08000d99   Thumb Code   756  _printf_fp_hex.o(.text)
    _printf_cs_common                        0x08001095   Thumb Code    20  _printf_char.o(.text)
    _printf_char                             0x080010a9   Thumb Code    16  _printf_char.o(.text)
    _printf_string                           0x080010b9   Thumb Code     8  _printf_char.o(.text)
    _printf_lcs_common                       0x080010c1   Thumb Code    20  _printf_wchar.o(.text)
    _printf_wchar                            0x080010d5   Thumb Code    16  _printf_wchar.o(.text)
    _printf_wstring                          0x080010e5   Thumb Code     8  _printf_wchar.o(.text)
    _wcrtomb                                 0x080010ed   Thumb Code    64  _wcrtomb.o(.text)
    __user_setup_stackheap                   0x0800112d   Thumb Code    74  sys_stackheap_outer.o(.text)
    __rt_ctype_table                         0x08001179   Thumb Code    16  rt_ctype_table.o(.text)
    __rt_locale                              0x08001189   Thumb Code     8  rt_locale_intlibspace.o(.text)
    _printf_fp_infnan                        0x08001191   Thumb Code   112  _printf_fp_infnan.o(.text)
    _btod_etento                             0x08001211   Thumb Code   224  bigflt0.o(.text)
    exit                                     0x080012f5   Thumb Code    18  exit.o(.text)
    __user_libspace                          0x08001309   Thumb Code     8  libspace.o(.text)
    __user_perproc_libspace                  0x08001309   Thumb Code     0  libspace.o(.text)
    __user_perthread_libspace                0x08001309   Thumb Code     0  libspace.o(.text)
    strcmp                                   0x08001311   Thumb Code   128  strcmpv7m.o(.text)
    _sys_exit                                0x08001391   Thumb Code     8  sys_exit.o(.text)
    __I$use$semihosting                      0x0800139d   Thumb Code     0  use_no_semi.o(.text)
    __use_no_semihosting_swi                 0x0800139d   Thumb Code     2  use_no_semi.o(.text)
    __semihosting_library_function           0x0800139f   Thumb Code     0  indicate_semi.o(.text)
    _btod_d2e                                0x0800139f   Thumb Code    62  btod.o(CL$$btod_d2e)
    _d2e_denorm_low                          0x080013dd   Thumb Code    70  btod.o(CL$$btod_d2e_denorm_low)
    _d2e_norm_op1                            0x08001423   Thumb Code    96  btod.o(CL$$btod_d2e_norm_op1)
    __btod_div_common                        0x08001483   Thumb Code   696  btod.o(CL$$btod_div_common)
    _e2e                                     0x080017bb   Thumb Code   220  btod.o(CL$$btod_e2e)
    _btod_ediv                               0x08001897   Thumb Code    42  btod.o(CL$$btod_ediv)
    _btod_emul                               0x080018c1   Thumb Code    42  btod.o(CL$$btod_emul)
    __btod_mult_common                       0x080018eb   Thumb Code   580  btod.o(CL$$btod_mult_common)
    BusFault_Handler                         0x08001b2f   Thumb Code     4  gd32f10x_it.o(i.BusFault_Handler)
    DMA_Init                                 0x08001b35   Thumb Code    96  usart.o(i.DMA_Init)
    DebugMon_Handler                         0x08001ba1   Thumb Code     2  gd32f10x_it.o(i.DebugMon_Handler)
    Delay_Init                               0x08001ba3   Thumb Code    10  delay.o(i.Delay_Init)
    Delay_Ms                                 0x08001bad   Thumb Code    26  delay.o(i.Delay_Ms)
    Delay_Us                                 0x08001bc7   Thumb Code    58  delay.o(i.Delay_Us)
    HardFault_Handler                        0x08001c01   Thumb Code     4  gd32f10x_it.o(i.HardFault_Handler)
    MemManage_Handler                        0x08001c05   Thumb Code     4  gd32f10x_it.o(i.MemManage_Handler)
    NMI_Handler                              0x08001c09   Thumb Code     2  gd32f10x_it.o(i.NMI_Handler)
    PendSV_Handler                           0x08001c0b   Thumb Code     2  gd32f10x_it.o(i.PendSV_Handler)
    SPI0_Init                                0x08001c0d   Thumb Code    94  spi.o(i.SPI0_Init)
    SPI0_Read                                0x08001c75   Thumb Code    28  spi.o(i.SPI0_Read)
    SPI0_ReadWriteByte                       0x08001c91   Thumb Code    50  spi.o(i.SPI0_ReadWriteByte)
    SPI0_Write                               0x08001cc9   Thumb Code    26  spi.o(i.SPI0_Write)
    SVC_Handler                              0x08001ce3   Thumb Code     2  gd32f10x_it.o(i.SVC_Handler)
    SysTick_Handler                          0x08001ce5   Thumb Code     2  gd32f10x_it.o(i.SysTick_Handler)
    SystemInit                               0x08001ce9   Thumb Code   196  system_gd32f10x.o(i.SystemInit)
    U0Rx_PtrInit                             0x08001dbd   Thumb Code    28  usart.o(i.U0Rx_PtrInit)
    USART0_IRQHandler                        0x08001de1   Thumb Code   182  gd32f10x_it.o(i.USART0_IRQHandler)
    UsageFault_Handler                       0x08001ead   Thumb Code     4  gd32f10x_it.o(i.UsageFault_Handler)
    Usart0_Init                              0x08001eb1   Thumb Code   154  usart.o(i.Usart0_Init)
    W25Q64_Enable                            0x08001f55   Thumb Code    30  w25q64.o(i.W25Q64_Enable)
    W25Q64_Erase64K                          0x08001f79   Thumb Code    70  w25q64.o(i.W25Q64_Erase64K)
    W25Q64_Init                              0x08001fc5   Thumb Code    36  w25q64.o(i.W25Q64_Init)
    W25Q64_PageWrite                         0x08001fed   Thumb Code    80  w25q64.o(i.W25Q64_PageWrite)
    W25Q64_Read                              0x08002041   Thumb Code    70  w25q64.o(i.W25Q64_Read)
    W25Q64_WaitBusy                          0x0800208d   Thumb Code    44  w25q64.o(i.W25Q64_WaitBusy)
    __ARM_fpclassify                         0x080020bd   Thumb Code    40  fpclassify.o(i.__ARM_fpclassify)
    _is_digit                                0x080020e5   Thumb Code    14  __printf_wp.o(i._is_digit)
    dma_channel_disable                      0x080020f3   Thumb Code    50  gd32f10x_dma.o(i.dma_channel_disable)
    dma_channel_enable                       0x08002125   Thumb Code    50  gd32f10x_dma.o(i.dma_channel_enable)
    dma_circulation_disable                  0x08002157   Thumb Code    50  gd32f10x_dma.o(i.dma_circulation_disable)
    dma_deinit                               0x08002189   Thumb Code   112  gd32f10x_dma.o(i.dma_deinit)
    dma_init                                 0x080021f9   Thumb Code   302  gd32f10x_dma.o(i.dma_init)
    dma_memory_address_config                0x08002327   Thumb Code    36  gd32f10x_dma.o(i.dma_memory_address_config)
    dma_transfer_number_config               0x08002365   Thumb Code    38  gd32f10x_dma.o(i.dma_transfer_number_config)
    dma_transfer_number_get                  0x0800238b   Thumb Code    34  gd32f10x_dma.o(i.dma_transfer_number_get)
    gpio_bit_reset                           0x080023ad   Thumb Code     4  gd32f10x_gpio.o(i.gpio_bit_reset)
    gpio_bit_set                             0x080023b1   Thumb Code     4  gd32f10x_gpio.o(i.gpio_bit_set)
    gpio_init                                0x080023b5   Thumb Code   172  gd32f10x_gpio.o(i.gpio_init)
    main                                     0x08002461   Thumb Code   118  main.o(i.main)
    nvic_irq_enable                          0x080024ed   Thumb Code   162  gd32f10x_misc.o(i.nvic_irq_enable)
    nvic_priority_group_set                  0x08002599   Thumb Code    10  gd32f10x_misc.o(i.nvic_priority_group_set)
    nvic_vector_table_set                    0x080025ad   Thumb Code    16  gd32f10x_misc.o(i.nvic_vector_table_set)
    rcu_clock_freq_get                       0x080025c5   Thumb Code   264  gd32f10x_rcu.o(i.rcu_clock_freq_get)
    rcu_periph_clock_enable                  0x080026e9   Thumb Code    28  gd32f10x_rcu.o(i.rcu_periph_clock_enable)
    rcu_periph_reset_disable                 0x08002709   Thumb Code    28  gd32f10x_rcu.o(i.rcu_periph_reset_disable)
    rcu_periph_reset_enable                  0x08002729   Thumb Code    28  gd32f10x_rcu.o(i.rcu_periph_reset_enable)
    spi_enable                               0x08002749   Thumb Code    10  gd32f10x_spi.o(i.spi_enable)
    spi_i2s_data_receive                     0x08002753   Thumb Code     8  gd32f10x_spi.o(i.spi_i2s_data_receive)
    spi_i2s_data_transmit                    0x0800275b   Thumb Code     4  gd32f10x_spi.o(i.spi_i2s_data_transmit)
    spi_i2s_deinit                           0x08002761   Thumb Code    82  gd32f10x_spi.o(i.spi_i2s_deinit)
    spi_i2s_flag_get                         0x080027b9   Thumb Code    16  gd32f10x_spi.o(i.spi_i2s_flag_get)
    spi_init                                 0x080027c9   Thumb Code    50  gd32f10x_spi.o(i.spi_init)
    systick_clksource_set                    0x080028c9   Thumb Code    40  gd32f10x_misc.o(i.systick_clksource_set)
    u0_printf                                0x080028f1   Thumb Code    84  usart.o(i.u0_printf)
    usart_baudrate_set                       0x0800294d   Thumb Code   136  gd32f10x_usart.o(i.usart_baudrate_set)
    usart_data_receive                       0x080029dd   Thumb Code    10  gd32f10x_usart.o(i.usart_data_receive)
    usart_data_transmit                      0x080029e7   Thumb Code     8  gd32f10x_usart.o(i.usart_data_transmit)
    usart_deinit                             0x080029f1   Thumb Code   136  gd32f10x_usart.o(i.usart_deinit)
    usart_dma_receive_config                 0x08002a81   Thumb Code    16  gd32f10x_usart.o(i.usart_dma_receive_config)
    usart_enable                             0x08002a91   Thumb Code    10  gd32f10x_usart.o(i.usart_enable)
    usart_flag_get                           0x08002a9b   Thumb Code    30  gd32f10x_usart.o(i.usart_flag_get)
    usart_interrupt_enable                   0x08002ab9   Thumb Code    26  gd32f10x_usart.o(i.usart_interrupt_enable)
    usart_interrupt_flag_get                 0x08002ad3   Thumb Code    56  gd32f10x_usart.o(i.usart_interrupt_flag_get)
    usart_parity_config                      0x08002b0b   Thumb Code    16  gd32f10x_usart.o(i.usart_parity_config)
    usart_receive_config                     0x08002b1b   Thumb Code    16  gd32f10x_usart.o(i.usart_receive_config)
    usart_stop_bit_set                       0x08002b2b   Thumb Code    16  gd32f10x_usart.o(i.usart_stop_bit_set)
    usart_transmit_config                    0x08002b3b   Thumb Code    16  gd32f10x_usart.o(i.usart_transmit_config)
    usart_word_length_set                    0x08002b4b   Thumb Code    16  gd32f10x_usart.o(i.usart_word_length_set)
    _get_lc_numeric                          0x08002b5d   Thumb Code    44  lc_numeric_c.o(locale$$code)
    _get_lc_ctype                            0x08002b89   Thumb Code    44  lc_ctype_c.o(locale$$code)
    _printf_fp_dec                           0x08002bb5   Thumb Code     4  printf1.o(x$fpl$printf1)
    _printf_fp_hex                           0x08002bb9   Thumb Code     4  printf2.o(x$fpl$printf2)
    __I$use$fp                               0x08002bbc   Number         0  usenofp.o(x$fpl$usenofp)
    Region$$Table$$Base                      0x08002cb8   Number         0  anon$$obj.o(Region$$Table)
    Region$$Table$$Limit                     0x08002cc8   Number         0  anon$$obj.o(Region$$Table)
    __ctype                                  0x08002cf1   Data           0  lc_ctype_c.o(locale$$data)
    wdata                                    0x20000000   Data         256  main.o(.bss)
    rdata                                    0x20000100   Data         256  main.o(.bss)
    U0_RxBuff                                0x20000200   Data        2048  usart.o(.bss)
    U0_TxBuff                                0x20000a00   Data        2048  usart.o(.bss)
    U0CB                                     0x20001200   Data          96  usart.o(.bss)
    __libspace_start                         0x20001260   Data          96  libspace.o(.bss)
    __temporary_stack_top$libspace           0x200012c0   Data           0  libspace.o(.bss)



==============================================================================

Memory Map of the image

  Image Entry point : 0x08000105

  Load Region LR_IROM1 (Base: 0x08000000, Size: 0x00002df4, Max: 0x00010000, ABSOLUTE)

    Execution Region ER_IROM1 (Exec base: 0x08000000, Load base: 0x08000000, Size: 0x00002df4, Max: 0x00010000, ABSOLUTE)

    Exec Addr    Load Addr    Size         Type   Attr      Idx    E Section Name        Object

    0x08000000   0x08000000   0x00000104   Data   RO          132    RESET               startup_gd32f10x_md.o
    0x08000104   0x08000104   0x00000008   Code   RO         1523  * !!!main             c_w.l(__main.o)
    0x0800010c   0x0800010c   0x00000034   Code   RO         1844    !!!scatter          c_w.l(__scatter.o)
    0x08000140   0x08000140   0x0000001c   Code   RO         1846    !!handler_zi        c_w.l(__scatter_zi.o)
    0x0800015c   0x0800015c   0x00000000   Code   RO         1607    .ARM.Collect$$_printf_percent$$00000000  c_w.l(_printf_percent.o)
    0x0800015c   0x0800015c   0x00000006   Code   RO         1596    .ARM.Collect$$_printf_percent$$00000001  c_w.l(_printf_n.o)
    0x08000162   0x08000162   0x00000006   Code   RO         1598    .ARM.Collect$$_printf_percent$$00000002  c_w.l(_printf_p.o)
    0x08000168   0x08000168   0x00000006   Code   RO         1603    .ARM.Collect$$_printf_percent$$00000003  c_w.l(_printf_f.o)
    0x0800016e   0x0800016e   0x00000006   Code   RO         1604    .ARM.Collect$$_printf_percent$$00000004  c_w.l(_printf_e.o)
    0x08000174   0x08000174   0x00000006   Code   RO         1605    .ARM.Collect$$_printf_percent$$00000005  c_w.l(_printf_g.o)
    0x0800017a   0x0800017a   0x00000006   Code   RO         1606    .ARM.Collect$$_printf_percent$$00000006  c_w.l(_printf_a.o)
    0x08000180   0x08000180   0x0000000a   Code   RO         1611    .ARM.Collect$$_printf_percent$$00000007  c_w.l(_printf_ll.o)
    0x0800018a   0x0800018a   0x00000006   Code   RO         1600    .ARM.Collect$$_printf_percent$$00000008  c_w.l(_printf_i.o)
    0x08000190   0x08000190   0x00000006   Code   RO         1601    .ARM.Collect$$_printf_percent$$00000009  c_w.l(_printf_d.o)
    0x08000196   0x08000196   0x00000006   Code   RO         1602    .ARM.Collect$$_printf_percent$$0000000A  c_w.l(_printf_u.o)
    0x0800019c   0x0800019c   0x00000006   Code   RO         1599    .ARM.Collect$$_printf_percent$$0000000B  c_w.l(_printf_o.o)
    0x080001a2   0x080001a2   0x00000006   Code   RO         1597    .ARM.Collect$$_printf_percent$$0000000C  c_w.l(_printf_x.o)
    0x080001a8   0x080001a8   0x00000006   Code   RO         1608    .ARM.Collect$$_printf_percent$$0000000D  c_w.l(_printf_lli.o)
    0x080001ae   0x080001ae   0x00000006   Code   RO         1609    .ARM.Collect$$_printf_percent$$0000000E  c_w.l(_printf_lld.o)
    0x080001b4   0x080001b4   0x00000006   Code   RO         1610    .ARM.Collect$$_printf_percent$$0000000F  c_w.l(_printf_llu.o)
    0x080001ba   0x080001ba   0x00000006   Code   RO         1615    .ARM.Collect$$_printf_percent$$00000010  c_w.l(_printf_llo.o)
    0x080001c0   0x080001c0   0x00000006   Code   RO         1616    .ARM.Collect$$_printf_percent$$00000011  c_w.l(_printf_llx.o)
    0x080001c6   0x080001c6   0x0000000a   Code   RO         1612    .ARM.Collect$$_printf_percent$$00000012  c_w.l(_printf_l.o)
    0x080001d0   0x080001d0   0x00000006   Code   RO         1594    .ARM.Collect$$_printf_percent$$00000013  c_w.l(_printf_c.o)
    0x080001d6   0x080001d6   0x00000006   Code   RO         1595    .ARM.Collect$$_printf_percent$$00000014  c_w.l(_printf_s.o)
    0x080001dc   0x080001dc   0x00000006   Code   RO         1613    .ARM.Collect$$_printf_percent$$00000015  c_w.l(_printf_lc.o)
    0x080001e2   0x080001e2   0x00000006   Code   RO         1614    .ARM.Collect$$_printf_percent$$00000016  c_w.l(_printf_ls.o)
    0x080001e8   0x080001e8   0x00000004   Code   RO         1655    .ARM.Collect$$_printf_percent$$00000017  c_w.l(_printf_percent_end.o)
    0x080001ec   0x080001ec   0x00000002   Code   RO         1704    .ARM.Collect$$libinit$$00000000  c_w.l(libinit.o)
    0x080001ee   0x080001ee   0x00000000   Code   RO         1721    .ARM.Collect$$libinit$$00000002  c_w.l(libinit2.o)
    0x080001ee   0x080001ee   0x00000000   Code   RO         1723    .ARM.Collect$$libinit$$00000004  c_w.l(libinit2.o)
    0x080001ee   0x080001ee   0x00000000   Code   RO         1726    .ARM.Collect$$libinit$$0000000A  c_w.l(libinit2.o)
    0x080001ee   0x080001ee   0x00000000   Code   RO         1728    .ARM.Collect$$libinit$$0000000C  c_w.l(libinit2.o)
    0x080001ee   0x080001ee   0x00000000   Code   RO         1730    .ARM.Collect$$libinit$$0000000E  c_w.l(libinit2.o)
    0x080001ee   0x080001ee   0x00000006   Code   RO         1731    .ARM.Collect$$libinit$$0000000F  c_w.l(libinit2.o)
    0x080001f4   0x080001f4   0x00000000   Code   RO         1733    .ARM.Collect$$libinit$$00000011  c_w.l(libinit2.o)
    0x080001f4   0x080001f4   0x0000000c   Code   RO         1734    .ARM.Collect$$libinit$$00000012  c_w.l(libinit2.o)
    0x08000200   0x08000200   0x00000000   Code   RO         1735    .ARM.Collect$$libinit$$00000013  c_w.l(libinit2.o)
    0x08000200   0x08000200   0x00000000   Code   RO         1737    .ARM.Collect$$libinit$$00000015  c_w.l(libinit2.o)
    0x08000200   0x08000200   0x0000000a   Code   RO         1738    .ARM.Collect$$libinit$$00000016  c_w.l(libinit2.o)
    0x0800020a   0x0800020a   0x00000000   Code   RO         1739    .ARM.Collect$$libinit$$00000017  c_w.l(libinit2.o)
    0x0800020a   0x0800020a   0x00000000   Code   RO         1741    .ARM.Collect$$libinit$$00000019  c_w.l(libinit2.o)
    0x0800020a   0x0800020a   0x00000000   Code   RO         1743    .ARM.Collect$$libinit$$0000001B  c_w.l(libinit2.o)
    0x0800020a   0x0800020a   0x00000000   Code   RO         1745    .ARM.Collect$$libinit$$0000001D  c_w.l(libinit2.o)
    0x0800020a   0x0800020a   0x00000000   Code   RO         1747    .ARM.Collect$$libinit$$0000001F  c_w.l(libinit2.o)
    0x0800020a   0x0800020a   0x00000000   Code   RO         1749    .ARM.Collect$$libinit$$00000021  c_w.l(libinit2.o)
    0x0800020a   0x0800020a   0x00000000   Code   RO         1751    .ARM.Collect$$libinit$$00000023  c_w.l(libinit2.o)
    0x0800020a   0x0800020a   0x00000000   Code   RO         1753    .ARM.Collect$$libinit$$00000025  c_w.l(libinit2.o)
    0x0800020a   0x0800020a   0x00000000   Code   RO         1757    .ARM.Collect$$libinit$$0000002C  c_w.l(libinit2.o)
    0x0800020a   0x0800020a   0x00000000   Code   RO         1759    .ARM.Collect$$libinit$$0000002E  c_w.l(libinit2.o)
    0x0800020a   0x0800020a   0x00000000   Code   RO         1761    .ARM.Collect$$libinit$$00000030  c_w.l(libinit2.o)
    0x0800020a   0x0800020a   0x00000000   Code   RO         1763    .ARM.Collect$$libinit$$00000032  c_w.l(libinit2.o)
    0x0800020a   0x0800020a   0x00000002   Code   RO         1764    .ARM.Collect$$libinit$$00000033  c_w.l(libinit2.o)
    0x0800020c   0x0800020c   0x00000002   Code   RO         1784    .ARM.Collect$$libshutdown$$00000000  c_w.l(libshutdown.o)
    0x0800020e   0x0800020e   0x00000000   Code   RO         1797    .ARM.Collect$$libshutdown$$00000002  c_w.l(libshutdown2.o)
    0x0800020e   0x0800020e   0x00000000   Code   RO         1799    .ARM.Collect$$libshutdown$$00000004  c_w.l(libshutdown2.o)
    0x0800020e   0x0800020e   0x00000000   Code   RO         1802    .ARM.Collect$$libshutdown$$00000007  c_w.l(libshutdown2.o)
    0x0800020e   0x0800020e   0x00000000   Code   RO         1805    .ARM.Collect$$libshutdown$$0000000A  c_w.l(libshutdown2.o)
    0x0800020e   0x0800020e   0x00000000   Code   RO         1807    .ARM.Collect$$libshutdown$$0000000C  c_w.l(libshutdown2.o)
    0x0800020e   0x0800020e   0x00000000   Code   RO         1810    .ARM.Collect$$libshutdown$$0000000F  c_w.l(libshutdown2.o)
    0x0800020e   0x0800020e   0x00000002   Code   RO         1811    .ARM.Collect$$libshutdown$$00000010  c_w.l(libshutdown2.o)
    0x08000210   0x08000210   0x00000000   Code   RO         1525    .ARM.Collect$$rtentry$$00000000  c_w.l(__rtentry.o)
    0x08000210   0x08000210   0x00000000   Code   RO         1626    .ARM.Collect$$rtentry$$00000002  c_w.l(__rtentry2.o)
    0x08000210   0x08000210   0x00000006   Code   RO         1638    .ARM.Collect$$rtentry$$00000004  c_w.l(__rtentry4.o)
    0x08000216   0x08000216   0x00000000   Code   RO         1628    .ARM.Collect$$rtentry$$00000009  c_w.l(__rtentry2.o)
    0x08000216   0x08000216   0x00000004   Code   RO         1629    .ARM.Collect$$rtentry$$0000000A  c_w.l(__rtentry2.o)
    0x0800021a   0x0800021a   0x00000000   Code   RO         1631    .ARM.Collect$$rtentry$$0000000C  c_w.l(__rtentry2.o)
    0x0800021a   0x0800021a   0x00000008   Code   RO         1632    .ARM.Collect$$rtentry$$0000000D  c_w.l(__rtentry2.o)
    0x08000222   0x08000222   0x00000002   Code   RO         1713    .ARM.Collect$$rtexit$$00000000  c_w.l(rtexit.o)
    0x08000224   0x08000224   0x00000000   Code   RO         1766    .ARM.Collect$$rtexit$$00000002  c_w.l(rtexit2.o)
    0x08000224   0x08000224   0x00000004   Code   RO         1767    .ARM.Collect$$rtexit$$00000003  c_w.l(rtexit2.o)
    0x08000228   0x08000228   0x00000006   Code   RO         1768    .ARM.Collect$$rtexit$$00000004  c_w.l(rtexit2.o)
    0x0800022e   0x0800022e   0x00000002   PAD
    0x08000230   0x08000230   0x00000040   Code   RO          133    .text               startup_gd32f10x_md.o
    0x08000270   0x08000270   0x00000024   Code   RO         1517    .text               c_w.l(vsprintf.o)
    0x08000294   0x08000294   0x0000003e   Code   RO         1519    .text               c_w.l(strlen.o)
    0x080002d2   0x080002d2   0x00000006   Code   RO         1521    .text               c_w.l(heapauxi.o)
    0x080002d8   0x080002d8   0x0000004e   Code   RO         1528    .text               c_w.l(_printf_pad.o)
    0x08000326   0x08000326   0x00000024   Code   RO         1530    .text               c_w.l(_printf_truncate.o)
    0x0800034a   0x0800034a   0x00000052   Code   RO         1532    .text               c_w.l(_printf_str.o)
    0x0800039c   0x0800039c   0x00000078   Code   RO         1534    .text               c_w.l(_printf_dec.o)
    0x08000414   0x08000414   0x00000028   Code   RO         1536    .text               c_w.l(_printf_charcount.o)
    0x0800043c   0x0800043c   0x00000030   Code   RO         1538    .text               c_w.l(_printf_char_common.o)
    0x0800046c   0x0800046c   0x0000000a   Code   RO         1540    .text               c_w.l(_sputc.o)
    0x08000476   0x08000476   0x00000002   PAD
    0x08000478   0x08000478   0x000000bc   Code   RO         1542    .text               c_w.l(_printf_wctomb.o)
    0x08000534   0x08000534   0x0000007c   Code   RO         1545    .text               c_w.l(_printf_longlong_dec.o)
    0x080005b0   0x080005b0   0x00000070   Code   RO         1551    .text               c_w.l(_printf_oct_int_ll.o)
    0x08000620   0x08000620   0x00000094   Code   RO         1571    .text               c_w.l(_printf_hex_int_ll_ptr.o)
    0x080006b4   0x080006b4   0x00000188   Code   RO         1591    .text               c_w.l(__printf_flags_ss_wp.o)
    0x0800083c   0x0800083c   0x0000008a   Code   RO         1640    .text               c_w.l(lludiv10.o)
    0x080008c6   0x080008c6   0x000000b2   Code   RO         1642    .text               c_w.l(_printf_intcommon.o)
    0x08000978   0x08000978   0x0000041e   Code   RO         1644    .text               c_w.l(_printf_fp_dec.o)
    0x08000d96   0x08000d96   0x00000002   PAD
    0x08000d98   0x08000d98   0x000002fc   Code   RO         1646    .text               c_w.l(_printf_fp_hex.o)
    0x08001094   0x08001094   0x0000002c   Code   RO         1651    .text               c_w.l(_printf_char.o)
    0x080010c0   0x080010c0   0x0000002c   Code   RO         1653    .text               c_w.l(_printf_wchar.o)
    0x080010ec   0x080010ec   0x00000040   Code   RO         1656    .text               c_w.l(_wcrtomb.o)
    0x0800112c   0x0800112c   0x0000004a   Code   RO         1658    .text               c_w.l(sys_stackheap_outer.o)
    0x08001176   0x08001176   0x00000002   PAD
    0x08001178   0x08001178   0x00000010   Code   RO         1660    .text               c_w.l(rt_ctype_table.o)
    0x08001188   0x08001188   0x00000008   Code   RO         1665    .text               c_w.l(rt_locale_intlibspace.o)
    0x08001190   0x08001190   0x00000080   Code   RO         1667    .text               c_w.l(_printf_fp_infnan.o)
    0x08001210   0x08001210   0x000000e4   Code   RO         1669    .text               c_w.l(bigflt0.o)
    0x080012f4   0x080012f4   0x00000012   Code   RO         1697    .text               c_w.l(exit.o)
    0x08001306   0x08001306   0x00000002   PAD
    0x08001308   0x08001308   0x00000008   Code   RO         1710    .text               c_w.l(libspace.o)
    0x08001310   0x08001310   0x00000080   Code   RO         1718    .text               c_w.l(strcmpv7m.o)
    0x08001390   0x08001390   0x0000000c   Code   RO         1776    .text               c_w.l(sys_exit.o)
    0x0800139c   0x0800139c   0x00000002   Code   RO         1787    .text               c_w.l(use_no_semi.o)
    0x0800139e   0x0800139e   0x00000000   Code   RO         1789    .text               c_w.l(indicate_semi.o)
    0x0800139e   0x0800139e   0x0000003e   Code   RO         1672    CL$$btod_d2e        c_w.l(btod.o)
    0x080013dc   0x080013dc   0x00000046   Code   RO         1674    CL$$btod_d2e_denorm_low  c_w.l(btod.o)
    0x08001422   0x08001422   0x00000060   Code   RO         1673    CL$$btod_d2e_norm_op1  c_w.l(btod.o)
    0x08001482   0x08001482   0x00000338   Code   RO         1682    CL$$btod_div_common  c_w.l(btod.o)
    0x080017ba   0x080017ba   0x000000dc   Code   RO         1679    CL$$btod_e2e        c_w.l(btod.o)
    0x08001896   0x08001896   0x0000002a   Code   RO         1676    CL$$btod_ediv       c_w.l(btod.o)
    0x080018c0   0x080018c0   0x0000002a   Code   RO         1675    CL$$btod_emul       c_w.l(btod.o)
    0x080018ea   0x080018ea   0x00000244   Code   RO         1681    CL$$btod_mult_common  c_w.l(btod.o)
    0x08001b2e   0x08001b2e   0x00000004   Code   RO          139    i.BusFault_Handler  gd32f10x_it.o
    0x08001b32   0x08001b32   0x00000002   PAD
    0x08001b34   0x08001b34   0x0000006c   Code   RO          216    i.DMA_Init          usart.o
    0x08001ba0   0x08001ba0   0x00000002   Code   RO          140    i.DebugMon_Handler  gd32f10x_it.o
    0x08001ba2   0x08001ba2   0x0000000a   Code   RO          260    i.Delay_Init        delay.o
    0x08001bac   0x08001bac   0x0000001a   Code   RO          261    i.Delay_Ms          delay.o
    0x08001bc6   0x08001bc6   0x0000003a   Code   RO          262    i.Delay_Us          delay.o
    0x08001c00   0x08001c00   0x00000004   Code   RO          141    i.HardFault_Handler  gd32f10x_it.o
    0x08001c04   0x08001c04   0x00000004   Code   RO          142    i.MemManage_Handler  gd32f10x_it.o
    0x08001c08   0x08001c08   0x00000002   Code   RO          143    i.NMI_Handler       gd32f10x_it.o
    0x08001c0a   0x08001c0a   0x00000002   Code   RO          144    i.PendSV_Handler    gd32f10x_it.o
    0x08001c0c   0x08001c0c   0x00000068   Code   RO          380    i.SPI0_Init         spi.o
    0x08001c74   0x08001c74   0x0000001c   Code   RO          381    i.SPI0_Read         spi.o
    0x08001c90   0x08001c90   0x00000038   Code   RO          382    i.SPI0_ReadWriteByte  spi.o
    0x08001cc8   0x08001cc8   0x0000001a   Code   RO          383    i.SPI0_Write        spi.o
    0x08001ce2   0x08001ce2   0x00000002   Code   RO          145    i.SVC_Handler       gd32f10x_it.o
    0x08001ce4   0x08001ce4   0x00000002   Code   RO          146    i.SysTick_Handler   gd32f10x_it.o
    0x08001ce6   0x08001ce6   0x00000002   PAD
    0x08001ce8   0x08001ce8   0x000000d4   Code   RO           96    i.SystemInit        system_gd32f10x.o
    0x08001dbc   0x08001dbc   0x00000024   Code   RO          217    i.U0Rx_PtrInit      usart.o
    0x08001de0   0x08001de0   0x000000cc   Code   RO          147    i.USART0_IRQHandler  gd32f10x_it.o
    0x08001eac   0x08001eac   0x00000004   Code   RO          148    i.UsageFault_Handler  gd32f10x_it.o
    0x08001eb0   0x08001eb0   0x000000a4   Code   RO          218    i.Usart0_Init       usart.o
    0x08001f54   0x08001f54   0x00000024   Code   RO          418    i.W25Q64_Enable     w25q64.o
    0x08001f78   0x08001f78   0x0000004c   Code   RO          419    i.W25Q64_Erase64K   w25q64.o
    0x08001fc4   0x08001fc4   0x00000028   Code   RO          420    i.W25Q64_Init       w25q64.o
    0x08001fec   0x08001fec   0x00000054   Code   RO          421    i.W25Q64_PageWrite  w25q64.o
    0x08002040   0x08002040   0x0000004c   Code   RO          422    i.W25Q64_Read       w25q64.o
    0x0800208c   0x0800208c   0x00000030   Code   RO          423    i.W25Q64_WaitBusy   w25q64.o
    0x080020bc   0x080020bc   0x00000028   Code   RO         1708    i.__ARM_fpclassify  m_ws.l(fpclassify.o)
    0x080020e4   0x080020e4   0x0000000e   Code   RO         1584    i._is_digit         c_w.l(__printf_wp.o)
    0x080020f2   0x080020f2   0x00000032   Code   RO         1142    i.dma_channel_disable  gd32f10x_dma.o
    0x08002124   0x08002124   0x00000032   Code   RO         1143    i.dma_channel_enable  gd32f10x_dma.o
    0x08002156   0x08002156   0x00000032   Code   RO         1144    i.dma_circulation_disable  gd32f10x_dma.o
    0x08002188   0x08002188   0x00000070   Code   RO         1146    i.dma_deinit        gd32f10x_dma.o
    0x080021f8   0x080021f8   0x0000012e   Code   RO         1149    i.dma_init          gd32f10x_dma.o
    0x08002326   0x08002326   0x00000024   Code   RO         1154    i.dma_memory_address_config  gd32f10x_dma.o
    0x0800234a   0x0800234a   0x00000002   PAD
    0x0800234c   0x0800234c   0x00000018   Code   RO         1161    i.dma_periph_and_channel_check  gd32f10x_dma.o
    0x08002364   0x08002364   0x00000026   Code   RO         1168    i.dma_transfer_number_config  gd32f10x_dma.o
    0x0800238a   0x0800238a   0x00000022   Code   RO         1169    i.dma_transfer_number_get  gd32f10x_dma.o
    0x080023ac   0x080023ac   0x00000004   Code   RO          755    i.gpio_bit_reset    gd32f10x_gpio.o
    0x080023b0   0x080023b0   0x00000004   Code   RO          756    i.gpio_bit_set      gd32f10x_gpio.o
    0x080023b4   0x080023b4   0x000000ac   Code   RO          763    i.gpio_init         gd32f10x_gpio.o
    0x08002460   0x08002460   0x0000008c   Code   RO            3    i.main              main.o
    0x080024ec   0x080024ec   0x000000ac   Code   RO          469    i.nvic_irq_enable   gd32f10x_misc.o
    0x08002598   0x08002598   0x00000014   Code   RO          470    i.nvic_priority_group_set  gd32f10x_misc.o
    0x080025ac   0x080025ac   0x00000018   Code   RO          471    i.nvic_vector_table_set  gd32f10x_misc.o
    0x080025c4   0x080025c4   0x00000124   Code   RO          532    i.rcu_clock_freq_get  gd32f10x_rcu.o
    0x080026e8   0x080026e8   0x00000020   Code   RO          549    i.rcu_periph_clock_enable  gd32f10x_rcu.o
    0x08002708   0x08002708   0x00000020   Code   RO          552    i.rcu_periph_reset_disable  gd32f10x_rcu.o
    0x08002728   0x08002728   0x00000020   Code   RO          553    i.rcu_periph_reset_enable  gd32f10x_rcu.o
    0x08002748   0x08002748   0x0000000a   Code   RO         1338    i.spi_enable        gd32f10x_spi.o
    0x08002752   0x08002752   0x00000008   Code   RO         1340    i.spi_i2s_data_receive  gd32f10x_spi.o
    0x0800275a   0x0800275a   0x00000004   Code   RO         1341    i.spi_i2s_data_transmit  gd32f10x_spi.o
    0x0800275e   0x0800275e   0x00000002   PAD
    0x08002760   0x08002760   0x00000058   Code   RO         1342    i.spi_i2s_deinit    gd32f10x_spi.o
    0x080027b8   0x080027b8   0x00000010   Code   RO         1343    i.spi_i2s_flag_get  gd32f10x_spi.o
    0x080027c8   0x080027c8   0x00000032   Code   RO         1347    i.spi_init          gd32f10x_spi.o
    0x080027fa   0x080027fa   0x00000002   PAD
    0x080027fc   0x080027fc   0x000000c4   Code   RO           97    i.system_clock_108m_hxtal  system_gd32f10x.o
    0x080028c0   0x080028c0   0x00000008   Code   RO           98    i.system_clock_config  system_gd32f10x.o
    0x080028c8   0x080028c8   0x00000028   Code   RO          474    i.systick_clksource_set  gd32f10x_misc.o
    0x080028f0   0x080028f0   0x0000005c   Code   RO          219    i.u0_printf         usart.o
    0x0800294c   0x0800294c   0x00000090   Code   RO          871    i.usart_baudrate_set  gd32f10x_usart.o
    0x080029dc   0x080029dc   0x0000000a   Code   RO          872    i.usart_data_receive  gd32f10x_usart.o
    0x080029e6   0x080029e6   0x00000008   Code   RO          873    i.usart_data_transmit  gd32f10x_usart.o
    0x080029ee   0x080029ee   0x00000002   PAD
    0x080029f0   0x080029f0   0x00000090   Code   RO          874    i.usart_deinit      gd32f10x_usart.o
    0x08002a80   0x08002a80   0x00000010   Code   RO          876    i.usart_dma_receive_config  gd32f10x_usart.o
    0x08002a90   0x08002a90   0x0000000a   Code   RO          878    i.usart_enable      gd32f10x_usart.o
    0x08002a9a   0x08002a9a   0x0000001e   Code   RO          880    i.usart_flag_get    gd32f10x_usart.o
    0x08002ab8   0x08002ab8   0x0000001a   Code   RO          887    i.usart_interrupt_enable  gd32f10x_usart.o
    0x08002ad2   0x08002ad2   0x00000038   Code   RO          889    i.usart_interrupt_flag_get  gd32f10x_usart.o
    0x08002b0a   0x08002b0a   0x00000010   Code   RO          899    i.usart_parity_config  gd32f10x_usart.o
    0x08002b1a   0x08002b1a   0x00000010   Code   RO          901    i.usart_receive_config  gd32f10x_usart.o
    0x08002b2a   0x08002b2a   0x00000010   Code   RO          907    i.usart_stop_bit_set  gd32f10x_usart.o
    0x08002b3a   0x08002b3a   0x00000010   Code   RO          911    i.usart_transmit_config  gd32f10x_usart.o
    0x08002b4a   0x08002b4a   0x00000010   Code   RO          912    i.usart_word_length_set  gd32f10x_usart.o
    0x08002b5a   0x08002b5a   0x00000002   PAD
    0x08002b5c   0x08002b5c   0x0000002c   Code   RO         1695    locale$$code        c_w.l(lc_numeric_c.o)
    0x08002b88   0x08002b88   0x0000002c   Code   RO         1716    locale$$code        c_w.l(lc_ctype_c.o)
    0x08002bb4   0x08002bb4   0x00000004   Code   RO         1617    x$fpl$printf1       fz_ws.l(printf1.o)
    0x08002bb8   0x08002bb8   0x00000004   Code   RO         1619    x$fpl$printf2       fz_ws.l(printf2.o)
    0x08002bbc   0x08002bbc   0x00000000   Code   RO         1707    x$fpl$usenofp       fz_ws.l(usenofp.o)
    0x08002bbc   0x08002bbc   0x00000008   Data   RO         1543    .constdata          c_w.l(_printf_wctomb.o)
    0x08002bc4   0x08002bc4   0x00000028   Data   RO         1572    .constdata          c_w.l(_printf_hex_int_ll_ptr.o)
    0x08002bec   0x08002bec   0x00000011   Data   RO         1592    .constdata          c_w.l(__printf_flags_ss_wp.o)
    0x08002bfd   0x08002bfd   0x00000026   Data   RO         1647    .constdata          c_w.l(_printf_fp_hex.o)
    0x08002c23   0x08002c23   0x00000001   PAD
    0x08002c24   0x08002c24   0x00000094   Data   RO         1670    .constdata          c_w.l(bigflt0.o)
    0x08002cb8   0x08002cb8   0x00000010   Data   RO         1842    Region$$Table       anon$$obj.o
    0x08002cc8   0x08002cc8   0x0000001c   Data   RO         1694    locale$$data        c_w.l(lc_numeric_c.o)
    0x08002ce4   0x08002ce4   0x00000110   Data   RO         1715    locale$$data        c_w.l(lc_ctype_c.o)


    Execution Region RW_IRAM1 (Exec base: 0x20000000, Load base: 0x08002df4, Size: 0x000018c0, Max: 0x00005000, ABSOLUTE)

    Exec Addr    Load Addr    Size         Type   Attr      Idx    E Section Name        Object

    0x20000000        -       0x00000200   Zero   RW            4    .bss                main.o
    0x20000200        -       0x00001060   Zero   RW          220    .bss                usart.o
    0x20001260        -       0x00000060   Zero   RW         1711    .bss                c_w.l(libspace.o)
    0x200012c0        -       0x00000200   Zero   RW          131    HEAP                startup_gd32f10x_md.o
    0x200014c0        -       0x00000400   Zero   RW          130    STACK               startup_gd32f10x_md.o


==============================================================================

Image component sizes


      Code (inc. data)   RO Data    RW Data    ZI Data      Debug   Object Name

        94          0          0          0          0       1319   delay.o
       696          6          0          0          0       5800   gd32f10x_dma.o
       180          0          0          0          0       1764   gd32f10x_gpio.o
       230         22          0          0          0       4198   gd32f10x_it.o
       256         28          0          0          0       2244   gd32f10x_misc.o
       388         40          0          0          0       2524   gd32f10x_rcu.o
       176          6          0          0          0       3863   gd32f10x_spi.o
       524         16          0          0          0       7744   gd32f10x_usart.o
       140         22          0          0        512      38813   main.o
       214         16          0          0          0       2518   spi.o
        64         26        260          0       1536        840   startup_gd32f10x_md.o
       416         30          0          0          0       2321   system_gd32f10x.o
       400         38          0          0       4192       3271   usart.o
       360         30          0          0          0       3503   w25q64.o

    ----------------------------------------------------------------------
      4152        280        276          0       6240      80722   Object Totals
         0          0         16          0          0          0   (incl. Generated)
        14          0          0          0          0          0   (incl. Padding)

    ----------------------------------------------------------------------

      Code (inc. data)   RO Data    RW Data    ZI Data      Debug   Library Member Name

         8          0          0          0          0         68   __main.o
       392          4         17          0          0         92   __printf_flags_ss_wp.o
        14          0          0          0          0         68   __printf_wp.o
         0          0          0          0          0          0   __rtentry.o
        12          0          0          0          0          0   __rtentry2.o
         6          0          0          0          0          0   __rtentry4.o
        52          8          0          0          0          0   __scatter.o
        28          0          0          0          0          0   __scatter_zi.o
         6          0          0          0          0          0   _printf_a.o
         6          0          0          0          0          0   _printf_c.o
        44          0          0          0          0        108   _printf_char.o
        48          6          0          0          0         96   _printf_char_common.o
        40          0          0          0          0         68   _printf_charcount.o
         6          0          0          0          0          0   _printf_d.o
       120         16          0          0          0         92   _printf_dec.o
         6          0          0          0          0          0   _printf_e.o
         6          0          0          0          0          0   _printf_f.o
      1054          0          0          0          0        216   _printf_fp_dec.o
       764          8         38          0          0        100   _printf_fp_hex.o
       128         16          0          0          0         84   _printf_fp_infnan.o
         6          0          0          0          0          0   _printf_g.o
       148          4         40          0          0        160   _printf_hex_int_ll_ptr.o
         6          0          0          0          0          0   _printf_i.o
       178          0          0          0          0         88   _printf_intcommon.o
        10          0          0          0          0          0   _printf_l.o
         6          0          0          0          0          0   _printf_lc.o
        10          0          0          0          0          0   _printf_ll.o
         6          0          0          0          0          0   _printf_lld.o
         6          0          0          0          0          0   _printf_lli.o
         6          0          0          0          0          0   _printf_llo.o
         6          0          0          0          0          0   _printf_llu.o
         6          0          0          0          0          0   _printf_llx.o
       124         16          0          0          0         92   _printf_longlong_dec.o
         6          0          0          0          0          0   _printf_ls.o
         6          0          0          0          0          0   _printf_n.o
         6          0          0          0          0          0   _printf_o.o
       112         10          0          0          0        124   _printf_oct_int_ll.o
         6          0          0          0          0          0   _printf_p.o
        78          0          0          0          0        108   _printf_pad.o
         0          0          0          0          0          0   _printf_percent.o
         4          0          0          0          0          0   _printf_percent_end.o
         6          0          0          0          0          0   _printf_s.o
        82          0          0          0          0         80   _printf_str.o
        36          0          0          0          0         84   _printf_truncate.o
         6          0          0          0          0          0   _printf_u.o
        44          0          0          0          0        108   _printf_wchar.o
       188          6          8          0          0         92   _printf_wctomb.o
         6          0          0          0          0          0   _printf_x.o
        10          0          0          0          0         68   _sputc.o
        64          0          0          0          0         92   _wcrtomb.o
       228          4        148          0          0         96   bigflt0.o
      1936        128          0          0          0        672   btod.o
        18          0          0          0          0         80   exit.o
         6          0          0          0          0        152   heapauxi.o
         0          0          0          0          0          0   indicate_semi.o
        44         10        272          0          0         76   lc_ctype_c.o
        44         10         28          0          0         76   lc_numeric_c.o
         2          0          0          0          0          0   libinit.o
        30          0          0          0          0          0   libinit2.o
         2          0          0          0          0          0   libshutdown.o
         2          0          0          0          0          0   libshutdown2.o
         8          4          0          0         96         68   libspace.o
       138          0          0          0          0         80   lludiv10.o
        16          4          0          0          0         76   rt_ctype_table.o
         8          4          0          0          0         68   rt_locale_intlibspace.o
         2          0          0          0          0          0   rtexit.o
        10          0          0          0          0          0   rtexit2.o
       128          0          0          0          0         68   strcmpv7m.o
        62          0          0          0          0         76   strlen.o
        12          4          0          0          0         68   sys_exit.o
        74          0          0          0          0         80   sys_stackheap_outer.o
         2          0          0          0          0         68   use_no_semi.o
        36          4          0          0          0         76   vsprintf.o
         4          0          0          0          0         68   printf1.o
         4          0          0          0          0         68   printf2.o
         0          0          0          0          0          0   usenofp.o
        40          0          0          0          0         68   fpclassify.o

    ----------------------------------------------------------------------
      6784        266        552          0         96       4172   Library Totals
        10          0          1          0          0          0   (incl. Padding)

    ----------------------------------------------------------------------

      Code (inc. data)   RO Data    RW Data    ZI Data      Debug   Library Name

      6726        266        551          0         96       3968   c_w.l
         8          0          0          0          0        136   fz_ws.l
        40          0          0          0          0         68   m_ws.l

    ----------------------------------------------------------------------
      6784        266        552          0         96       4172   Library Totals

    ----------------------------------------------------------------------

==============================================================================


      Code (inc. data)   RO Data    RW Data    ZI Data      Debug   

     10936        546        828          0       6336      79050   Grand Totals
     10936        546        828          0       6336      79050   ELF Image Totals
     10936        546        828          0          0          0   ROM Totals

==============================================================================

    Total RO  Size (Code + RO Data)                11764 (  11.49kB)
    Total RW  Size (RW Data + ZI Data)              6336 (   6.19kB)
    Total ROM Size (Code + RO Data + RW Data)      11764 (  11.49kB)

==============================================================================

