<html>
<body>
<pre>
<h1>礦ision Build Log</h1>
<h2>Tool Versions:</h2>
IDE-Version: μVision V5.37.0.0
Copyright (C) 2022 ARM Ltd and ARM Germany GmbH. All rights reserved.
License Information: ARM ARM, ARM, LIC=14HV2-9IGW6-UHV8H-WB46S-CCLLQ-Y7J0U
 
Tool Versions:
Toolchain:       MDK-ARM Plus  Version: 5.37.0.0
Toolchain Path:  E:\Keil MDK\ARM\ARMCLANG\Bin
C Compiler:      ArmClang.exe V6.18
Assembler:       Armasm.exe V6.18
Linker/Locator:  ArmLink.exe V6.18
Library Manager: ArmAr.exe V6.18
Hex Converter:   FromElf.exe V6.18
CPU DLL:         SARMCM3.DLL V5.37.0.0
Dialog DLL:      DCM.DLL V1.17.5.0
Target DLL:      CMSIS_AGDI.dll V1.33.12.0
Dialog DLL:      TCM.DLL V1.56.1.0
 
<h2>Project:</h2>
E:\GD32+OTA\(1)上篇章 手把手写Bootloader程序教程 配套资料+程序\(1)上篇章 手把手写Bootloader程序教程 配套资料+程序\【第12节视频】串口重定义Printf函数工程源码\1\USER\工程文件.uvprojx
Project File Date:  11/02/2025

<h2>Output:</h2>
*** Using Compiler 'V6.18', folder: 'E:\Keil MDK\ARM\ARMCLANG\Bin'
Rebuild target '工程'
assembling startup_gd32f10x_md.s...
main.c(1): warning: In file included from...
../CMSIS/Include\gd32f10x.h(308): warning: In file included from...
../CMSIS/Include/core_cm3.h(122): warning: "Compiler generates FPU instructions for a device without an FPU (check __FPU_PRESENT)" [-W#warnings]
    #warning "Compiler generates FPU instructions for a device without an FPU (check __FPU_PRESENT)"
     ^
1 warning generated.
compiling main.c...
../CMSIS/Source/system_gd32f10x.c(38): warning: In file included from...
../CMSIS/Include\gd32f10x.h(308): warning: In file included from...
../CMSIS/Include/core_cm3.h(122): warning: "Compiler generates FPU instructions for a device without an FPU (check __FPU_PRESENT)" [-W#warnings]
    #warning "Compiler generates FPU instructions for a device without an FPU (check __FPU_PRESENT)"
     ^
1 warning generated.
compiling system_gd32f10x.c...
../LIB/Source/gd32f10x_misc.c(38): warning: In file included from...
../LIB/Include\gd32f10x_misc.h(41): warning: In file included from...
../CMSIS/Include\gd32f10x.h(308): warning: In file included from...
../CMSIS/Include/core_cm3.h(122): warning: "Compiler generates FPU instructions for a device without an FPU (check __FPU_PRESENT)" [-W#warnings]
    #warning "Compiler generates FPU instructions for a device without an FPU (check __FPU_PRESENT)"
     ^
1 warning generated.
compiling gd32f10x_misc.c...
../LIB/Source/gd32f10x_usart.c(38): warning: In file included from...
../LIB/Include\gd32f10x_usart.h(41): warning: In file included from...
../CMSIS/Include\gd32f10x.h(308): warning: In file included from...
../CMSIS/Include/core_cm3.h(122): warning: "Compiler generates FPU instructions for a device without an FPU (check __FPU_PRESENT)" [-W#warnings]
    #warning "Compiler generates FPU instructions for a device without an FPU (check __FPU_PRESENT)"
     ^
1 warning generated.
compiling gd32f10x_usart.c...
../HW/Source/gd32f10x_it.c(37): warning: In file included from...
../HW/Include\gd32f10x_it.h(41): warning: In file included from...
../CMSIS/Include\gd32f10x.h(308): warning: In file included from...
../CMSIS/Include/core_cm3.h(122): warning: "Compiler generates FPU instructions for a device without an FPU (check __FPU_PRESENT)" [-W#warnings]
    #warning "Compiler generates FPU instructions for a device without an FPU (check __FPU_PRESENT)"
     ^
1 warning generated.
compiling gd32f10x_it.c...
../LIB/Source/gd32f10x_gpio.c(38): warning: In file included from...
../LIB/Include\gd32f10x_gpio.h(41): warning: In file included from...
../CMSIS/Include\gd32f10x.h(308): warning: In file included from...
../CMSIS/Include/core_cm3.h(122): warning: "Compiler generates FPU instructions for a device without an FPU (check __FPU_PRESENT)" [-W#warnings]
    #warning "Compiler generates FPU instructions for a device without an FPU (check __FPU_PRESENT)"
     ^
1 warning generated.
compiling gd32f10x_gpio.c...
../HW/Source/usart.c(1): warning: In file included from...
../CMSIS/Include\gd32f10x.h(308): warning: In file included from...
../CMSIS/Include/core_cm3.h(122): warning: "Compiler generates FPU instructions for a device without an FPU (check __FPU_PRESENT)" [-W#warnings]
    #warning "Compiler generates FPU instructions for a device without an FPU (check __FPU_PRESENT)"
     ^
1 warning generated.
compiling usart.c...
../LIB/Source/gd32f10x_rcu.c(38): warning: In file included from...
../LIB/Include\gd32f10x_rcu.h(41): warning: In file included from...
../CMSIS/Include\gd32f10x.h(308): warning: In file included from...
../CMSIS/Include/core_cm3.h(122): warning: "Compiler generates FPU instructions for a device without an FPU (check __FPU_PRESENT)" [-W#warnings]
    #warning "Compiler generates FPU instructions for a device without an FPU (check __FPU_PRESENT)"
     ^
1 warning generated.
compiling gd32f10x_rcu.c...
../LIB/Source/gd32f10x_dma.c(39): warning: In file included from...
../LIB/Include\gd32f10x_dma.h(42): warning: In file included from...
../CMSIS/Include\gd32f10x.h(308): warning: In file included from...
../CMSIS/Include/core_cm3.h(122): warning: "Compiler generates FPU instructions for a device without an FPU (check __FPU_PRESENT)" [-W#warnings]
    #warning "Compiler generates FPU instructions for a device without an FPU (check __FPU_PRESENT)"
     ^
1 warning generated.
compiling gd32f10x_dma.c...
linking...
Program Size: Code=9284 RO-data=836 RW-data=0 ZI-data=5824  
FromELF: creating hex file...
"..\OBJ\工程文件.axf" - 0 Error(s), 9 Warning(s).

<h2>Software Packages used:</h2>

Package Vendor: GigaDevice
                https://gd32mcu.com/data/documents/pack/GigaDevice.GD32F10x_DFP.2.3.0.pack
                GigaDevice.GD32F10x_DFP.2.3.0
                GigaDevice GD32F10x Series Device Support and Examples

<h2>Collection of Component include folders:</h2>
  E:/Keil MDK/ARM/PACK/GigaDevice/GD32F10x_DFP/2.3.0/Device/Include

<h2>Collection of Component Files used:</h2>
Build Time Elapsed:  00:00:01
</pre>
</body>
</html>
