<html>
<body>
<pre>
<h1>µVision Build Log</h1>
<h2>Tool Versions:</h2>
IDE-Version: ¦ÌVision V5.37.0.0
Copyright (C) 2022 ARM Ltd and ARM Germany GmbH. All rights reserved.
License Information: ARM ARM, ARM, LIC=14HV2-9IGW6-UHV8H-WB46S-CCLLQ-Y7J0U
 
Tool Versions:
Toolchain:       MDK-ARM Plus  Version: 5.37.0.0
Toolchain Path:  E:\Keil MDK\ARM\ARMCLANG\Bin
C Compiler:      ArmClang.exe V6.18
Assembler:       Armasm.exe V6.18
Linker/Locator:  ArmLink.exe V6.18
Library Manager: ArmAr.exe V6.18
Hex Converter:   FromElf.exe V6.18
CPU DLL:         SARMCM3.DLL V5.37.0.0
Dialog DLL:      DCM.DLL V1.17.5.0
Target DLL:      CMSIS_AGDI.dll V1.33.12.0
Dialog DLL:      TCM.DLL V1.56.1.0
 
<h2>Project:</h2>
C:\Users\Zeng\Desktop\Keil Project\USER\BOOT.uvprojx
Project File Date:  11/02/2025

<h2>Output:</h2>
*** Using Compiler 'V6.18', folder: 'E:\Keil MDK\ARM\ARMCLANG\Bin'
Rebuild target '¹¤³Ì'
main.c(1): warning: In file included from...
../CMSIS/Include\gd32f10x.h(308): warning: In file included from...
../CMSIS/Include/core_cm3.h(122): warning: "Compiler generates FPU instructions for a device without an FPU (check __FPU_PRESENT)" [-W#warnings]
    #warning "Compiler generates FPU instructions for a device without an FPU (check __FPU_PRESENT)"
     ^
1 warning generated.
compiling main.c...
../LIB/Source/gd32f10x_misc.c(35): warning: In file included from...
../LIB/Include\gd32f10x_misc.h(38): warning: In file included from...
../CMSIS/Include\gd32f10x.h(308): warning: In file included from...
../CMSIS/Include/core_cm3.h(122): warning: "Compiler generates FPU instructions for a device without an FPU (check __FPU_PRESENT)" [-W#warnings]
    #warning "Compiler generates FPU instructions for a device without an FPU (check __FPU_PRESENT)"
     ^
1 warning generated.
compiling gd32f10x_misc.c...
../HardWare/Source/ustart.c(2): warning: In file included from...
../HardWare/Include\ustart.h(4): warning: In file included from...
../LIB/Include\gd32f10x_gpio.h(38): warning: In file included from...
../CMSIS/Include\gd32f10x.h(308): warning: In file included from...
../CMSIS/Include/core_cm3.h(122): warning: "Compiler generates FPU instructions for a device without an FPU (check __FPU_PRESENT)" [-W#warnings]
    #warning "Compiler generates FPU instructions for a device without an FPU (check __FPU_PRESENT)"
     ^
1 warning generated.
compiling ustart.c...
../HardWare/Source/gd32f10x_it.c(34): warning: In file included from...
../HardWare/Include\gd32f10x_it.h(38): warning: In file included from...
../CMSIS/Include\gd32f10x.h(308): warning: In file included from...
../CMSIS/Include/core_cm3.h(122): warning: "Compiler generates FPU instructions for a device without an FPU (check __FPU_PRESENT)" [-W#warnings]
    #warning "Compiler generates FPU instructions for a device without an FPU (check __FPU_PRESENT)"
     ^
../HardWare/Source/gd32f10x_it.c(40): warning: implicit conversion from 'int' to 'usart_flag_enum' changes value from 262916 to 4 [-Wconstant-conversion]
        usart_flag_get(USART0,USART_INT_FLAG_IDLE);                                 /**/
        ~~~~~~~~~~~~~~        ^~~~~~~~~~~~~~~~~~~
2 warnings generated.
compiling gd32f10x_it.c...
../CMSIS/Source/system_gd32f10x.c(38): warning: In file included from...
../CMSIS/Include\gd32f10x.h(308): warning: In file included from...
../CMSIS/Include/core_cm3.h(122): warning: "Compiler generates FPU instructions for a device without an FPU (check __FPU_PRESENT)" [-W#warnings]
    #warning "Compiler generates FPU instructions for a device without an FPU (check __FPU_PRESENT)"
     ^
1 warning generated.
compiling system_gd32f10x.c...
../LIB/Source/gd32f10x_rcu.c(35): warning: In file included from...
../LIB/Include\gd32f10x_rcu.h(38): warning: In file included from...
../CMSIS/Include\gd32f10x.h(308): warning: In file included from...
../CMSIS/Include/core_cm3.h(122): warning: "Compiler generates FPU instructions for a device without an FPU (check __FPU_PRESENT)" [-W#warnings]
    #warning "Compiler generates FPU instructions for a device without an FPU (check __FPU_PRESENT)"
     ^
1 warning generated.
compiling gd32f10x_rcu.c...
../LIB/Source/gd32f10x_gpio.c(35): warning: In file included from...
../LIB/Include\gd32f10x_gpio.h(38): warning: In file included from...
../CMSIS/Include\gd32f10x.h(308): warning: In file included from...
../CMSIS/Include/core_cm3.h(122): warning: "Compiler generates FPU instructions for a device without an FPU (check __FPU_PRESENT)" [-W#warnings]
    #warning "Compiler generates FPU instructions for a device without an FPU (check __FPU_PRESENT)"
     ^
1 warning generated.
compiling gd32f10x_gpio.c...
../LIB/Source/gd32f10x_usart.c(35): warning: In file included from...
../LIB/Include\gd32f10x_usart.h(38): warning: In file included from...
../CMSIS/Include\gd32f10x.h(308): warning: In file included from...
../CMSIS/Include/core_cm3.h(122): warning: "Compiler generates FPU instructions for a device without an FPU (check __FPU_PRESENT)" [-W#warnings]
    #warning "Compiler generates FPU instructions for a device without an FPU (check __FPU_PRESENT)"
     ^
1 warning generated.
compiling gd32f10x_usart.c...
assembling startup_gd32f10x_md.s...
../LIB/Source/gd32f10x_dma.c(35): warning: In file included from...
../LIB/Include\gd32f10x_dma.h(38): warning: In file included from...
../CMSIS/Include\gd32f10x.h(308): warning: In file included from...
../CMSIS/Include/core_cm3.h(122): warning: "Compiler generates FPU instructions for a device without an FPU (check __FPU_PRESENT)" [-W#warnings]
    #warning "Compiler generates FPU instructions for a device without an FPU (check __FPU_PRESENT)"
     ^
1 warning generated.
compiling gd32f10x_dma.c...
linking...
Program Size: Code=9264 RO-data=836 RW-data=0 ZI-data=5824  
FromELF: creating hex file...
"..\OBJ\BOOT.axf" - 0 Error(s), 10 Warning(s).

<h2>Software Packages used:</h2>

Package Vendor: GigaDevice
                https://gd32mcu.com/data/documents/pack/GigaDevice.GD32F10x_DFP.2.3.0.pack
                GigaDevice.GD32F10x_DFP.2.3.0
                GigaDevice GD32F10x Series Device Support and Examples

<h2>Collection of Component include folders:</h2>
  E:/Keil MDK/ARM/PACK/GigaDevice/GD32F10x_DFP/2.3.0/Device/Include

<h2>Collection of Component Files used:</h2>
Build Time Elapsed:  00:00:02
</pre>
</body>
</html>
